	Command being timed: "target/release/lsmgraph --io-backend blocking import --input /data/WorkSpace/ldbc-sf30/social_network --data-dir store/e11-sf30-full_compact-20260608 --relation snb-full --memgraph-bytes 67108864 --l0-layout full-compact"
	User time (seconds): 2506.03
	System time (seconds): 703.96
	Percent of CPU this job got: 163%
	Elapsed (wall clock) time (h:mm:ss or m:ss): 32:41.04
	Average shared text size (kbytes): 0
	Average unshared data size (kbytes): 0
	Average stack size (kbytes): 0
	Average total size (kbytes): 0
	Maximum resident set size (kbytes): 167250336
	Average resident set size (kbytes): 0
	Major (requiring I/O) page faults: 0
	Minor (reclaiming a frame) page faults: 162630981
	Voluntary context switches: 5094386
	Involuntary context switches: 6581
	Swaps: 0
	File system inputs: 34656
	File system outputs: 155662096
	Socket messages sent: 0
	Socket messages received: 0
	Signals delivered: 0
	Page size (bytes): 4096
	Exit status: 0
