[2026-06-11 01:02:49] run_id=qslsm-sf100-strong-baseline-20260610 scale=sf100 input=/data/WorkSpace/ldbc-sf100/social_network
[2026-06-11 01:02:49] samples=5000 edge_types=1,2,3,7,8,9,10,11,12 memgraph_bytes=67108864 budget_sweep='64 256 1024'
[2026-06-11 01:02:49] import schema SKIP (store already populated: store/qslsm-sf100-strong-baseline-20260610/schema)
[2026-06-11 01:02:49] sample plan already exists: /data/WorkSpace/lsmgraph-rs/remote-logs/qslsm-sf100-strong-baseline-20260610/sample-plan-core-s5000.json (skip plan-gen)
[2026-06-11 01:02:49] start schema-stats
[2026-06-11 02:14:58] finish schema-stats status=0
[2026-06-11 02:14:58] start schema-bench
[2026-06-11 03:31:08] finish schema-bench status=0
[2026-06-11 03:31:08] import semantic (layout=semantic) 
[2026-06-11 04:49:02] start semantic-stats
[2026-06-11 05:59:34] finish semantic-stats status=0
[2026-06-11 05:59:34] start semantic-bench
[2026-06-11 07:13:21] finish semantic-bench status=0
[2026-06-11 07:13:21] delete store/qslsm-sf100-strong-baseline-20260610/semantic
[2026-06-11 07:13:31] import budg-b64 (layout=semantic-budgeted) --semantic-budget-min-edge-type-bytes 0 --semantic-budget-max-extra-l0-files 64
[2026-06-11 08:30:56] start budg-b64-stats
[2026-06-11 09:42:47] finish budg-b64-stats status=0
[2026-06-11 09:42:48] start budg-b64-bench
[2026-06-11 10:57:52] finish budg-b64-bench status=0
[2026-06-11 10:57:52] delete store/qslsm-sf100-strong-baseline-20260610/budg-b64
[2026-06-11 10:58:04] import budg-b256 (layout=semantic-budgeted) --semantic-budget-min-edge-type-bytes 0 --semantic-budget-max-extra-l0-files 256
[2026-06-11 12:15:52] start budg-b256-stats
[2026-06-11 13:27:48] finish budg-b256-stats status=0
[2026-06-11 13:27:48] start budg-b256-bench
[2026-06-11 14:42:36] finish budg-b256-bench status=0
[2026-06-11 14:42:36] delete store/qslsm-sf100-strong-baseline-20260610/budg-b256
[2026-06-11 14:42:47] import budg-b1024 (layout=semantic-budgeted) --semantic-budget-min-edge-type-bytes 0 --semantic-budget-max-extra-l0-files 1024
[2026-06-11 16:00:23] start budg-b1024-stats
[2026-06-11 17:12:32] finish budg-b1024-stats status=0
[2026-06-11 17:12:32] start budg-b1024-bench
[2026-06-11 18:26:46] finish budg-b1024-bench status=0
[2026-06-11 18:26:46] delete store/qslsm-sf100-strong-baseline-20260610/budg-b1024
[2026-06-11 18:26:58] kv-style encoding simulation (appendix)
[2026-06-11 18:26:58] done qslsm-sf100-strong-baseline-20260610; outputs in /data/WorkSpace/lsmgraph-rs/remote-logs/qslsm-sf100-strong-baseline-20260610
