Command terminated by signal 9
	Command being timed: "target/release/lsmgraph --io-backend blocking import --input /data/WorkSpace/ldbc-sf100/social_network --data-dir store/e11-sf100-full_compact-20260608 --relation snb-full --memgraph-bytes 67108864 --l0-layout full-compact"
	User time (seconds): 7845.26
	System time (seconds): 2019.86
	Percent of CPU this job got: 173%
	Elapsed (wall clock) time (h:mm:ss or m:ss): 1:35:01
	Average shared text size (kbytes): 0
	Average unshared data size (kbytes): 0
	Average stack size (kbytes): 0
	Average total size (kbytes): 0
	Maximum resident set size (kbytes): 472694124
	Average resident set size (kbytes): 0
	Major (requiring I/O) page faults: 9
	Minor (reclaiming a frame) page faults: 464997951
	Voluntary context switches: 17247013
	Involuntary context switches: 19992
	Swaps: 0
	File system inputs: 98721576
	File system outputs: 274611056
	Socket messages sent: 0
	Socket messages received: 0
	Signals delivered: 0
	Page size (bytes): 4096
	Exit status: 0
