[snb-full] SKIP vertex JSONL + edge-prop persistence (SNB_SKIP_ADJ_CACHE set)
[snb-full][edge] start file=/data/WorkSpace/ldbc-sf30/social_network/dynamic/person_knows_person_0_0.csv edge=Knows src=Person dst=Person
[snb-full][edge] progress file=/data/WorkSpace/ldbc-sf30/social_network/dynamic/person_knows_person_0_0.csv rows=1000000 directed_edges=3000000 elapsed_s=3.1
[snb-full][edge] progress file=/data/WorkSpace/ldbc-sf30/social_network/dynamic/person_knows_person_0_0.csv rows=2000000 directed_edges=6000000 elapsed_s=6.6
[snb-full][edge] progress file=/data/WorkSpace/ldbc-sf30/social_network/dynamic/person_knows_person_0_0.csv rows=3000000 directed_edges=9000000 elapsed_s=9.9
[snb-full][edge] progress file=/data/WorkSpace/ldbc-sf30/social_network/dynamic/person_knows_person_0_0.csv rows=4000000 directed_edges=12000000 elapsed_s=13.4
[snb-full][edge] progress file=/data/WorkSpace/ldbc-sf30/social_network/dynamic/person_knows_person_0_0.csv rows=5000000 directed_edges=15000000 elapsed_s=16.8
[snb-full][edge] progress file=/data/WorkSpace/ldbc-sf30/social_network/dynamic/person_knows_person_0_0.csv rows=6000000 directed_edges=18000000 elapsed_s=20.7
[snb-full][edge] done file=/data/WorkSpace/ldbc-sf30/social_network/dynamic/person_knows_person_0_0.csv rows=6017657 directed_edges=18052971 elapsed_s=20.8
[snb-full][edge] start file=/data/WorkSpace/ldbc-sf30/social_network/dynamic/person_likes_comment_0_0.csv edge=LikesComment src=Person dst=Comment
[snb-full][edge] progress file=/data/WorkSpace/ldbc-sf30/social_network/dynamic/person_likes_comment_0_0.csv rows=1000000 directed_edges=2000000 elapsed_s=2.1
[snb-full][edge] progress file=/data/WorkSpace/ldbc-sf30/social_network/dynamic/person_likes_comment_0_0.csv rows=2000000 directed_edges=4000000 elapsed_s=4.4
[snb-full][edge] progress file=/data/WorkSpace/ldbc-sf30/social_network/dynamic/person_likes_comment_0_0.csv rows=3000000 directed_edges=6000000 elapsed_s=6.7
[snb-full][edge] progress file=/data/WorkSpace/ldbc-sf30/social_network/dynamic/person_likes_comment_0_0.csv rows=4000000 directed_edges=8000000 elapsed_s=8.7
[snb-full][edge] progress file=/data/WorkSpace/ldbc-sf30/social_network/dynamic/person_likes_comment_0_0.csv rows=5000000 directed_edges=10000000 elapsed_s=10.8
[snb-full][edge] progress file=/data/WorkSpace/ldbc-sf30/social_network/dynamic/person_likes_comment_0_0.csv rows=6000000 directed_edges=12000000 elapsed_s=12.9
[snb-full][edge] progress file=/data/WorkSpace/ldbc-sf30/social_network/dynamic/person_likes_comment_0_0.csv rows=7000000 directed_edges=14000000 elapsed_s=14.9
[snb-full][edge] progress file=/data/WorkSpace/ldbc-sf30/social_network/dynamic/person_likes_comment_0_0.csv rows=8000000 directed_edges=16000000 elapsed_s=16.8
[snb-full][edge] progress file=/data/WorkSpace/ldbc-sf30/social_network/dynamic/person_likes_comment_0_0.csv rows=9000000 directed_edges=18000000 elapsed_s=18.9
[snb-full][edge] progress file=/data/WorkSpace/ldbc-sf30/social_network/dynamic/person_likes_comment_0_0.csv rows=10000000 directed_edges=20000000 elapsed_s=20.8
[snb-full][edge] progress file=/data/WorkSpace/ldbc-sf30/social_network/dynamic/person_likes_comment_0_0.csv rows=11000000 directed_edges=22000000 elapsed_s=22.6
[snb-full][edge] progress file=/data/WorkSpace/ldbc-sf30/social_network/dynamic/person_likes_comment_0_0.csv rows=12000000 directed_edges=24000000 elapsed_s=24.6
[snb-full][edge] progress file=/data/WorkSpace/ldbc-sf30/social_network/dynamic/person_likes_comment_0_0.csv rows=13000000 directed_edges=26000000 elapsed_s=26.7
[snb-full][edge] progress file=/data/WorkSpace/ldbc-sf30/social_network/dynamic/person_likes_comment_0_0.csv rows=14000000 directed_edges=28000000 elapsed_s=28.7
[snb-full][edge] progress file=/data/WorkSpace/ldbc-sf30/social_network/dynamic/person_likes_comment_0_0.csv rows=15000000 directed_edges=30000000 elapsed_s=30.7
[snb-full][edge] progress file=/data/WorkSpace/ldbc-sf30/social_network/dynamic/person_likes_comment_0_0.csv rows=16000000 directed_edges=32000000 elapsed_s=32.6
[snb-full][edge] progress file=/data/WorkSpace/ldbc-sf30/social_network/dynamic/person_likes_comment_0_0.csv rows=17000000 directed_edges=34000000 elapsed_s=34.7
[snb-full][edge] progress file=/data/WorkSpace/ldbc-sf30/social_network/dynamic/person_likes_comment_0_0.csv rows=18000000 directed_edges=36000000 elapsed_s=36.7
[snb-full][edge] progress file=/data/WorkSpace/ldbc-sf30/social_network/dynamic/person_likes_comment_0_0.csv rows=19000000 directed_edges=38000000 elapsed_s=39.0
[snb-full][edge] progress file=/data/WorkSpace/ldbc-sf30/social_network/dynamic/person_likes_comment_0_0.csv rows=20000000 directed_edges=40000000 elapsed_s=41.2
[snb-full][edge] progress file=/data/WorkSpace/ldbc-sf30/social_network/dynamic/person_likes_comment_0_0.csv rows=21000000 directed_edges=42000000 elapsed_s=43.4
[snb-full][edge] progress file=/data/WorkSpace/ldbc-sf30/social_network/dynamic/person_likes_comment_0_0.csv rows=22000000 directed_edges=44000000 elapsed_s=45.5
[snb-full][edge] progress file=/data/WorkSpace/ldbc-sf30/social_network/dynamic/person_likes_comment_0_0.csv rows=23000000 directed_edges=46000000 elapsed_s=47.5
[snb-full][edge] progress file=/data/WorkSpace/ldbc-sf30/social_network/dynamic/person_likes_comment_0_0.csv rows=24000000 directed_edges=48000000 elapsed_s=49.5
[snb-full][edge] progress file=/data/WorkSpace/ldbc-sf30/social_network/dynamic/person_likes_comment_0_0.csv rows=25000000 directed_edges=50000000 elapsed_s=51.6
[snb-full][edge] progress file=/data/WorkSpace/ldbc-sf30/social_network/dynamic/person_likes_comment_0_0.csv rows=26000000 directed_edges=52000000 elapsed_s=53.6
[snb-full][edge] progress file=/data/WorkSpace/ldbc-sf30/social_network/dynamic/person_likes_comment_0_0.csv rows=27000000 directed_edges=54000000 elapsed_s=55.7
[snb-full][edge] progress file=/data/WorkSpace/ldbc-sf30/social_network/dynamic/person_likes_comment_0_0.csv rows=28000000 directed_edges=56000000 elapsed_s=57.9
[snb-full][edge] progress file=/data/WorkSpace/ldbc-sf30/social_network/dynamic/person_likes_comment_0_0.csv rows=29000000 directed_edges=58000000 elapsed_s=60.1
[snb-full][edge] progress file=/data/WorkSpace/ldbc-sf30/social_network/dynamic/person_likes_comment_0_0.csv rows=30000000 directed_edges=60000000 elapsed_s=62.3
[snb-full][edge] progress file=/data/WorkSpace/ldbc-sf30/social_network/dynamic/person_likes_comment_0_0.csv rows=31000000 directed_edges=62000000 elapsed_s=64.4
[snb-full][edge] progress file=/data/WorkSpace/ldbc-sf30/social_network/dynamic/person_likes_comment_0_0.csv rows=32000000 directed_edges=64000000 elapsed_s=66.2
[snb-full][edge] progress file=/data/WorkSpace/ldbc-sf30/social_network/dynamic/person_likes_comment_0_0.csv rows=33000000 directed_edges=66000000 elapsed_s=68.2
[snb-full][edge] progress file=/data/WorkSpace/ldbc-sf30/social_network/dynamic/person_likes_comment_0_0.csv rows=34000000 directed_edges=68000000 elapsed_s=70.4
[snb-full][edge] progress file=/data/WorkSpace/ldbc-sf30/social_network/dynamic/person_likes_comment_0_0.csv rows=35000000 directed_edges=70000000 elapsed_s=72.6
[snb-full][edge] progress file=/data/WorkSpace/ldbc-sf30/social_network/dynamic/person_likes_comment_0_0.csv rows=36000000 directed_edges=72000000 elapsed_s=74.7
[snb-full][edge] progress file=/data/WorkSpace/ldbc-sf30/social_network/dynamic/person_likes_comment_0_0.csv rows=37000000 directed_edges=74000000 elapsed_s=76.7
[snb-full][edge] progress file=/data/WorkSpace/ldbc-sf30/social_network/dynamic/person_likes_comment_0_0.csv rows=38000000 directed_edges=76000000 elapsed_s=78.7
[snb-full][edge] progress file=/data/WorkSpace/ldbc-sf30/social_network/dynamic/person_likes_comment_0_0.csv rows=39000000 directed_edges=78000000 elapsed_s=80.9
[snb-full][edge] progress file=/data/WorkSpace/ldbc-sf30/social_network/dynamic/person_likes_comment_0_0.csv rows=40000000 directed_edges=80000000 elapsed_s=82.9
[snb-full][edge] progress file=/data/WorkSpace/ldbc-sf30/social_network/dynamic/person_likes_comment_0_0.csv rows=41000000 directed_edges=82000000 elapsed_s=85.0
[snb-full][edge] progress file=/data/WorkSpace/ldbc-sf30/social_network/dynamic/person_likes_comment_0_0.csv rows=42000000 directed_edges=84000000 elapsed_s=87.0
[snb-full][edge] progress file=/data/WorkSpace/ldbc-sf30/social_network/dynamic/person_likes_comment_0_0.csv rows=43000000 directed_edges=86000000 elapsed_s=89.2
[snb-full][edge] progress file=/data/WorkSpace/ldbc-sf30/social_network/dynamic/person_likes_comment_0_0.csv rows=44000000 directed_edges=88000000 elapsed_s=91.3
[snb-full][edge] progress file=/data/WorkSpace/ldbc-sf30/social_network/dynamic/person_likes_comment_0_0.csv rows=45000000 directed_edges=90000000 elapsed_s=93.2
[snb-full][edge] progress file=/data/WorkSpace/ldbc-sf30/social_network/dynamic/person_likes_comment_0_0.csv rows=46000000 directed_edges=92000000 elapsed_s=95.3
[snb-full][edge] progress file=/data/WorkSpace/ldbc-sf30/social_network/dynamic/person_likes_comment_0_0.csv rows=47000000 directed_edges=94000000 elapsed_s=97.3
[snb-full][edge] progress file=/data/WorkSpace/ldbc-sf30/social_network/dynamic/person_likes_comment_0_0.csv rows=48000000 directed_edges=96000000 elapsed_s=99.4
[snb-full][edge] progress file=/data/WorkSpace/ldbc-sf30/social_network/dynamic/person_likes_comment_0_0.csv rows=49000000 directed_edges=98000000 elapsed_s=101.4
[snb-full][edge] progress file=/data/WorkSpace/ldbc-sf30/social_network/dynamic/person_likes_comment_0_0.csv rows=50000000 directed_edges=100000000 elapsed_s=103.4
[snb-full][edge] progress file=/data/WorkSpace/ldbc-sf30/social_network/dynamic/person_likes_comment_0_0.csv rows=51000000 directed_edges=102000000 elapsed_s=105.4
[snb-full][edge] progress file=/data/WorkSpace/ldbc-sf30/social_network/dynamic/person_likes_comment_0_0.csv rows=52000000 directed_edges=104000000 elapsed_s=107.5
[snb-full][edge] progress file=/data/WorkSpace/ldbc-sf30/social_network/dynamic/person_likes_comment_0_0.csv rows=53000000 directed_edges=106000000 elapsed_s=109.5
[snb-full][edge] progress file=/data/WorkSpace/ldbc-sf30/social_network/dynamic/person_likes_comment_0_0.csv rows=54000000 directed_edges=108000000 elapsed_s=111.4
[snb-full][edge] progress file=/data/WorkSpace/ldbc-sf30/social_network/dynamic/person_likes_comment_0_0.csv rows=55000000 directed_edges=110000000 elapsed_s=113.5
[snb-full][edge] progress file=/data/WorkSpace/ldbc-sf30/social_network/dynamic/person_likes_comment_0_0.csv rows=56000000 directed_edges=112000000 elapsed_s=115.5
[snb-full][edge] progress file=/data/WorkSpace/ldbc-sf30/social_network/dynamic/person_likes_comment_0_0.csv rows=57000000 directed_edges=114000000 elapsed_s=117.5
[snb-full][edge] progress file=/data/WorkSpace/ldbc-sf30/social_network/dynamic/person_likes_comment_0_0.csv rows=58000000 directed_edges=116000000 elapsed_s=119.7
[snb-full][edge] progress file=/data/WorkSpace/ldbc-sf30/social_network/dynamic/person_likes_comment_0_0.csv rows=59000000 directed_edges=118000000 elapsed_s=121.8
[snb-full][edge] progress file=/data/WorkSpace/ldbc-sf30/social_network/dynamic/person_likes_comment_0_0.csv rows=60000000 directed_edges=120000000 elapsed_s=123.9
[snb-full][edge] progress file=/data/WorkSpace/ldbc-sf30/social_network/dynamic/person_likes_comment_0_0.csv rows=61000000 directed_edges=122000000 elapsed_s=125.9
[snb-full][edge] progress file=/data/WorkSpace/ldbc-sf30/social_network/dynamic/person_likes_comment_0_0.csv rows=62000000 directed_edges=124000000 elapsed_s=128.1
[snb-full][edge] progress file=/data/WorkSpace/ldbc-sf30/social_network/dynamic/person_likes_comment_0_0.csv rows=63000000 directed_edges=126000000 elapsed_s=130.2
[snb-full][edge] progress file=/data/WorkSpace/ldbc-sf30/social_network/dynamic/person_likes_comment_0_0.csv rows=64000000 directed_edges=128000000 elapsed_s=132.4
[snb-full][edge] progress file=/data/WorkSpace/ldbc-sf30/social_network/dynamic/person_likes_comment_0_0.csv rows=65000000 directed_edges=130000000 elapsed_s=134.4
[snb-full][edge] progress file=/data/WorkSpace/ldbc-sf30/social_network/dynamic/person_likes_comment_0_0.csv rows=66000000 directed_edges=132000000 elapsed_s=136.4
[snb-full][edge] progress file=/data/WorkSpace/ldbc-sf30/social_network/dynamic/person_likes_comment_0_0.csv rows=67000000 directed_edges=134000000 elapsed_s=138.4
[snb-full][edge] done file=/data/WorkSpace/ldbc-sf30/social_network/dynamic/person_likes_comment_0_0.csv rows=67421771 directed_edges=134843542 elapsed_s=139.2
[snb-full][edge] start file=/data/WorkSpace/ldbc-sf30/social_network/dynamic/person_likes_post_0_0.csv edge=LikesPost src=Person dst=Post
[snb-full][edge] progress file=/data/WorkSpace/ldbc-sf30/social_network/dynamic/person_likes_post_0_0.csv rows=1000000 directed_edges=2000000 elapsed_s=2.2
[snb-full][edge] progress file=/data/WorkSpace/ldbc-sf30/social_network/dynamic/person_likes_post_0_0.csv rows=2000000 directed_edges=4000000 elapsed_s=4.5
[snb-full][edge] progress file=/data/WorkSpace/ldbc-sf30/social_network/dynamic/person_likes_post_0_0.csv rows=3000000 directed_edges=6000000 elapsed_s=6.8
[snb-full][edge] progress file=/data/WorkSpace/ldbc-sf30/social_network/dynamic/person_likes_post_0_0.csv rows=4000000 directed_edges=8000000 elapsed_s=9.2
[snb-full][edge] progress file=/data/WorkSpace/ldbc-sf30/social_network/dynamic/person_likes_post_0_0.csv rows=5000000 directed_edges=10000000 elapsed_s=11.6
[snb-full][edge] progress file=/data/WorkSpace/ldbc-sf30/social_network/dynamic/person_likes_post_0_0.csv rows=6000000 directed_edges=12000000 elapsed_s=13.9
[snb-full][edge] progress file=/data/WorkSpace/ldbc-sf30/social_network/dynamic/person_likes_post_0_0.csv rows=7000000 directed_edges=14000000 elapsed_s=16.3
[snb-full][edge] progress file=/data/WorkSpace/ldbc-sf30/social_network/dynamic/person_likes_post_0_0.csv rows=8000000 directed_edges=16000000 elapsed_s=18.5
[snb-full][edge] progress file=/data/WorkSpace/ldbc-sf30/social_network/dynamic/person_likes_post_0_0.csv rows=9000000 directed_edges=18000000 elapsed_s=21.0
[snb-full][edge] progress file=/data/WorkSpace/ldbc-sf30/social_network/dynamic/person_likes_post_0_0.csv rows=10000000 directed_edges=20000000 elapsed_s=23.3
[snb-full][edge] progress file=/data/WorkSpace/ldbc-sf30/social_network/dynamic/person_likes_post_0_0.csv rows=11000000 directed_edges=22000000 elapsed_s=25.6
[snb-full][edge] progress file=/data/WorkSpace/ldbc-sf30/social_network/dynamic/person_likes_post_0_0.csv rows=12000000 directed_edges=24000000 elapsed_s=27.9
[snb-full][edge] progress file=/data/WorkSpace/ldbc-sf30/social_network/dynamic/person_likes_post_0_0.csv rows=13000000 directed_edges=26000000 elapsed_s=30.3
[snb-full][edge] progress file=/data/WorkSpace/ldbc-sf30/social_network/dynamic/person_likes_post_0_0.csv rows=14000000 directed_edges=28000000 elapsed_s=32.4
[snb-full][edge] progress file=/data/WorkSpace/ldbc-sf30/social_network/dynamic/person_likes_post_0_0.csv rows=15000000 directed_edges=30000000 elapsed_s=34.4
[snb-full][edge] progress file=/data/WorkSpace/ldbc-sf30/social_network/dynamic/person_likes_post_0_0.csv rows=16000000 directed_edges=32000000 elapsed_s=37.0
[snb-full][edge] progress file=/data/WorkSpace/ldbc-sf30/social_network/dynamic/person_likes_post_0_0.csv rows=17000000 directed_edges=34000000 elapsed_s=39.1
[snb-full][edge] progress file=/data/WorkSpace/ldbc-sf30/social_network/dynamic/person_likes_post_0_0.csv rows=18000000 directed_edges=36000000 elapsed_s=41.6
[snb-full][edge] progress file=/data/WorkSpace/ldbc-sf30/social_network/dynamic/person_likes_post_0_0.csv rows=19000000 directed_edges=38000000 elapsed_s=43.9
[snb-full][edge] progress file=/data/WorkSpace/ldbc-sf30/social_network/dynamic/person_likes_post_0_0.csv rows=20000000 directed_edges=40000000 elapsed_s=46.1
[snb-full][edge] progress file=/data/WorkSpace/ldbc-sf30/social_network/dynamic/person_likes_post_0_0.csv rows=21000000 directed_edges=42000000 elapsed_s=48.4
[snb-full][edge] progress file=/data/WorkSpace/ldbc-sf30/social_network/dynamic/person_likes_post_0_0.csv rows=22000000 directed_edges=44000000 elapsed_s=50.9
[snb-full][edge] progress file=/data/WorkSpace/ldbc-sf30/social_network/dynamic/person_likes_post_0_0.csv rows=23000000 directed_edges=46000000 elapsed_s=53.2
[snb-full][edge] progress file=/data/WorkSpace/ldbc-sf30/social_network/dynamic/person_likes_post_0_0.csv rows=24000000 directed_edges=48000000 elapsed_s=55.6
[snb-full][edge] progress file=/data/WorkSpace/ldbc-sf30/social_network/dynamic/person_likes_post_0_0.csv rows=25000000 directed_edges=50000000 elapsed_s=58.0
[snb-full][edge] progress file=/data/WorkSpace/ldbc-sf30/social_network/dynamic/person_likes_post_0_0.csv rows=26000000 directed_edges=52000000 elapsed_s=60.3
[snb-full][edge] progress file=/data/WorkSpace/ldbc-sf30/social_network/dynamic/person_likes_post_0_0.csv rows=27000000 directed_edges=54000000 elapsed_s=62.5
[snb-full][edge] progress file=/data/WorkSpace/ldbc-sf30/social_network/dynamic/person_likes_post_0_0.csv rows=28000000 directed_edges=56000000 elapsed_s=64.6
[snb-full][edge] done file=/data/WorkSpace/ldbc-sf30/social_network/dynamic/person_likes_post_0_0.csv rows=28705355 directed_edges=57410710 elapsed_s=66.4
[snb-full][edge] start file=/data/WorkSpace/ldbc-sf30/social_network/dynamic/person_hasInterest_tag_0_0.csv edge=HasInterest src=Person dst=Tag
[snb-full][edge] progress file=/data/WorkSpace/ldbc-sf30/social_network/dynamic/person_hasInterest_tag_0_0.csv rows=1000000 directed_edges=2000000 elapsed_s=2.1
[snb-full][edge] progress file=/data/WorkSpace/ldbc-sf30/social_network/dynamic/person_hasInterest_tag_0_0.csv rows=2000000 directed_edges=4000000 elapsed_s=4.1
[snb-full][edge] progress file=/data/WorkSpace/ldbc-sf30/social_network/dynamic/person_hasInterest_tag_0_0.csv rows=3000000 directed_edges=6000000 elapsed_s=6.3
[snb-full][edge] done file=/data/WorkSpace/ldbc-sf30/social_network/dynamic/person_hasInterest_tag_0_0.csv rows=3853216 directed_edges=7706432 elapsed_s=7.9
[snb-full][edge] start file=/data/WorkSpace/ldbc-sf30/social_network/dynamic/person_studyAt_organisation_0_0.csv edge=StudyAt src=Person dst=Organisation
[snb-full][edge] done file=/data/WorkSpace/ldbc-sf30/social_network/dynamic/person_studyAt_organisation_0_0.csv rows=132707 directed_edges=265414 elapsed_s=0.6
[snb-full][edge] start file=/data/WorkSpace/ldbc-sf30/social_network/dynamic/person_workAt_organisation_0_0.csv edge=WorkAt src=Person dst=Organisation
[snb-full][edge] done file=/data/WorkSpace/ldbc-sf30/social_network/dynamic/person_workAt_organisation_0_0.csv rows=360671 directed_edges=721342 elapsed_s=1.2
[snb-full][edge] start file=/data/WorkSpace/ldbc-sf30/social_network/dynamic/forum_hasMember_person_0_0.csv edge=HasMember src=Forum dst=Person
[snb-full][edge] progress file=/data/WorkSpace/ldbc-sf30/social_network/dynamic/forum_hasMember_person_0_0.csv rows=1000000 directed_edges=2000000 elapsed_s=2.1
[snb-full][edge] progress file=/data/WorkSpace/ldbc-sf30/social_network/dynamic/forum_hasMember_person_0_0.csv rows=2000000 directed_edges=4000000 elapsed_s=3.8
[snb-full][edge] progress file=/data/WorkSpace/ldbc-sf30/social_network/dynamic/forum_hasMember_person_0_0.csv rows=3000000 directed_edges=6000000 elapsed_s=6.4
[snb-full][edge] progress file=/data/WorkSpace/ldbc-sf30/social_network/dynamic/forum_hasMember_person_0_0.csv rows=4000000 directed_edges=8000000 elapsed_s=8.5
[snb-full][edge] progress file=/data/WorkSpace/ldbc-sf30/social_network/dynamic/forum_hasMember_person_0_0.csv rows=5000000 directed_edges=10000000 elapsed_s=10.7
[snb-full][edge] progress file=/data/WorkSpace/ldbc-sf30/social_network/dynamic/forum_hasMember_person_0_0.csv rows=6000000 directed_edges=12000000 elapsed_s=13.1
[snb-full][edge] progress file=/data/WorkSpace/ldbc-sf30/social_network/dynamic/forum_hasMember_person_0_0.csv rows=7000000 directed_edges=14000000 elapsed_s=15.3
[snb-full][edge] progress file=/data/WorkSpace/ldbc-sf30/social_network/dynamic/forum_hasMember_person_0_0.csv rows=8000000 directed_edges=16000000 elapsed_s=17.1
[snb-full][edge] progress file=/data/WorkSpace/ldbc-sf30/social_network/dynamic/forum_hasMember_person_0_0.csv rows=9000000 directed_edges=18000000 elapsed_s=19.4
[snb-full][edge] progress file=/data/WorkSpace/ldbc-sf30/social_network/dynamic/forum_hasMember_person_0_0.csv rows=10000000 directed_edges=20000000 elapsed_s=21.5
[snb-full][edge] progress file=/data/WorkSpace/ldbc-sf30/social_network/dynamic/forum_hasMember_person_0_0.csv rows=11000000 directed_edges=22000000 elapsed_s=23.7
[snb-full][edge] progress file=/data/WorkSpace/ldbc-sf30/social_network/dynamic/forum_hasMember_person_0_0.csv rows=12000000 directed_edges=24000000 elapsed_s=25.8
[snb-full][edge] progress file=/data/WorkSpace/ldbc-sf30/social_network/dynamic/forum_hasMember_person_0_0.csv rows=13000000 directed_edges=26000000 elapsed_s=28.0
[snb-full][edge] progress file=/data/WorkSpace/ldbc-sf30/social_network/dynamic/forum_hasMember_person_0_0.csv rows=14000000 directed_edges=28000000 elapsed_s=30.1
[snb-full][edge] progress file=/data/WorkSpace/ldbc-sf30/social_network/dynamic/forum_hasMember_person_0_0.csv rows=15000000 directed_edges=30000000 elapsed_s=32.1
[snb-full][edge] progress file=/data/WorkSpace/ldbc-sf30/social_network/dynamic/forum_hasMember_person_0_0.csv rows=16000000 directed_edges=32000000 elapsed_s=34.2
[snb-full][edge] progress file=/data/WorkSpace/ldbc-sf30/social_network/dynamic/forum_hasMember_person_0_0.csv rows=17000000 directed_edges=34000000 elapsed_s=36.2
[snb-full][edge] progress file=/data/WorkSpace/ldbc-sf30/social_network/dynamic/forum_hasMember_person_0_0.csv rows=18000000 directed_edges=36000000 elapsed_s=38.3
[snb-full][edge] progress file=/data/WorkSpace/ldbc-sf30/social_network/dynamic/forum_hasMember_person_0_0.csv rows=19000000 directed_edges=38000000 elapsed_s=40.3
[snb-full][edge] progress file=/data/WorkSpace/ldbc-sf30/social_network/dynamic/forum_hasMember_person_0_0.csv rows=20000000 directed_edges=40000000 elapsed_s=42.5
[snb-full][edge] progress file=/data/WorkSpace/ldbc-sf30/social_network/dynamic/forum_hasMember_person_0_0.csv rows=21000000 directed_edges=42000000 elapsed_s=44.6
[snb-full][edge] progress file=/data/WorkSpace/ldbc-sf30/social_network/dynamic/forum_hasMember_person_0_0.csv rows=22000000 directed_edges=44000000 elapsed_s=46.7
[snb-full][edge] progress file=/data/WorkSpace/ldbc-sf30/social_network/dynamic/forum_hasMember_person_0_0.csv rows=23000000 directed_edges=46000000 elapsed_s=48.8
[snb-full][edge] progress file=/data/WorkSpace/ldbc-sf30/social_network/dynamic/forum_hasMember_person_0_0.csv rows=24000000 directed_edges=48000000 elapsed_s=50.9
[snb-full][edge] progress file=/data/WorkSpace/ldbc-sf30/social_network/dynamic/forum_hasMember_person_0_0.csv rows=25000000 directed_edges=50000000 elapsed_s=52.9
[snb-full][edge] progress file=/data/WorkSpace/ldbc-sf30/social_network/dynamic/forum_hasMember_person_0_0.csv rows=26000000 directed_edges=52000000 elapsed_s=54.9
[snb-full][edge] progress file=/data/WorkSpace/ldbc-sf30/social_network/dynamic/forum_hasMember_person_0_0.csv rows=27000000 directed_edges=54000000 elapsed_s=57.0
[snb-full][edge] progress file=/data/WorkSpace/ldbc-sf30/social_network/dynamic/forum_hasMember_person_0_0.csv rows=28000000 directed_edges=56000000 elapsed_s=59.0
[snb-full][edge] progress file=/data/WorkSpace/ldbc-sf30/social_network/dynamic/forum_hasMember_person_0_0.csv rows=29000000 directed_edges=58000000 elapsed_s=61.1
[snb-full][edge] progress file=/data/WorkSpace/ldbc-sf30/social_network/dynamic/forum_hasMember_person_0_0.csv rows=30000000 directed_edges=60000000 elapsed_s=63.0
[snb-full][edge] progress file=/data/WorkSpace/ldbc-sf30/social_network/dynamic/forum_hasMember_person_0_0.csv rows=31000000 directed_edges=62000000 elapsed_s=65.2
[snb-full][edge] progress file=/data/WorkSpace/ldbc-sf30/social_network/dynamic/forum_hasMember_person_0_0.csv rows=32000000 directed_edges=64000000 elapsed_s=67.2
[snb-full][edge] progress file=/data/WorkSpace/ldbc-sf30/social_network/dynamic/forum_hasMember_person_0_0.csv rows=33000000 directed_edges=66000000 elapsed_s=69.3
[snb-full][edge] progress file=/data/WorkSpace/ldbc-sf30/social_network/dynamic/forum_hasMember_person_0_0.csv rows=34000000 directed_edges=68000000 elapsed_s=71.4
[snb-full][edge] progress file=/data/WorkSpace/ldbc-sf30/social_network/dynamic/forum_hasMember_person_0_0.csv rows=35000000 directed_edges=70000000 elapsed_s=73.5
[snb-full][edge] progress file=/data/WorkSpace/ldbc-sf30/social_network/dynamic/forum_hasMember_person_0_0.csv rows=36000000 directed_edges=72000000 elapsed_s=75.6
[snb-full][edge] progress file=/data/WorkSpace/ldbc-sf30/social_network/dynamic/forum_hasMember_person_0_0.csv rows=37000000 directed_edges=74000000 elapsed_s=77.8
[snb-full][edge] progress file=/data/WorkSpace/ldbc-sf30/social_network/dynamic/forum_hasMember_person_0_0.csv rows=38000000 directed_edges=76000000 elapsed_s=79.8
[snb-full][edge] progress file=/data/WorkSpace/ldbc-sf30/social_network/dynamic/forum_hasMember_person_0_0.csv rows=39000000 directed_edges=78000000 elapsed_s=81.8
[snb-full][edge] progress file=/data/WorkSpace/ldbc-sf30/social_network/dynamic/forum_hasMember_person_0_0.csv rows=40000000 directed_edges=80000000 elapsed_s=83.8
[snb-full][edge] progress file=/data/WorkSpace/ldbc-sf30/social_network/dynamic/forum_hasMember_person_0_0.csv rows=41000000 directed_edges=82000000 elapsed_s=85.9
[snb-full][edge] progress file=/data/WorkSpace/ldbc-sf30/social_network/dynamic/forum_hasMember_person_0_0.csv rows=42000000 directed_edges=84000000 elapsed_s=87.9
[snb-full][edge] progress file=/data/WorkSpace/ldbc-sf30/social_network/dynamic/forum_hasMember_person_0_0.csv rows=43000000 directed_edges=86000000 elapsed_s=89.9
[snb-full][edge] progress file=/data/WorkSpace/ldbc-sf30/social_network/dynamic/forum_hasMember_person_0_0.csv rows=44000000 directed_edges=88000000 elapsed_s=92.0
[snb-full][edge] progress file=/data/WorkSpace/ldbc-sf30/social_network/dynamic/forum_hasMember_person_0_0.csv rows=45000000 directed_edges=90000000 elapsed_s=94.1
[snb-full][edge] progress file=/data/WorkSpace/ldbc-sf30/social_network/dynamic/forum_hasMember_person_0_0.csv rows=46000000 directed_edges=92000000 elapsed_s=96.1
[snb-full][edge] progress file=/data/WorkSpace/ldbc-sf30/social_network/dynamic/forum_hasMember_person_0_0.csv rows=47000000 directed_edges=94000000 elapsed_s=98.2
[snb-full][edge] progress file=/data/WorkSpace/ldbc-sf30/social_network/dynamic/forum_hasMember_person_0_0.csv rows=48000000 directed_edges=96000000 elapsed_s=100.3
[snb-full][edge] progress file=/data/WorkSpace/ldbc-sf30/social_network/dynamic/forum_hasMember_person_0_0.csv rows=49000000 directed_edges=98000000 elapsed_s=102.4
[snb-full][edge] progress file=/data/WorkSpace/ldbc-sf30/social_network/dynamic/forum_hasMember_person_0_0.csv rows=50000000 directed_edges=100000000 elapsed_s=104.4
[snb-full][edge] progress file=/data/WorkSpace/ldbc-sf30/social_network/dynamic/forum_hasMember_person_0_0.csv rows=51000000 directed_edges=102000000 elapsed_s=106.5
[snb-full][edge] progress file=/data/WorkSpace/ldbc-sf30/social_network/dynamic/forum_hasMember_person_0_0.csv rows=52000000 directed_edges=104000000 elapsed_s=108.5
[snb-full][edge] progress file=/data/WorkSpace/ldbc-sf30/social_network/dynamic/forum_hasMember_person_0_0.csv rows=53000000 directed_edges=106000000 elapsed_s=110.6
[snb-full][edge] done file=/data/WorkSpace/ldbc-sf30/social_network/dynamic/forum_hasMember_person_0_0.csv rows=53977424 directed_edges=107954848 elapsed_s=112.6
[snb-full][edge] start file=/data/WorkSpace/ldbc-sf30/social_network/dynamic/forum_hasTag_tag_0_0.csv edge=HasTag src=Forum dst=Tag
[snb-full][edge] progress file=/data/WorkSpace/ldbc-sf30/social_network/dynamic/forum_hasTag_tag_0_0.csv rows=1000000 directed_edges=2000000 elapsed_s=2.0
[snb-full][edge] progress file=/data/WorkSpace/ldbc-sf30/social_network/dynamic/forum_hasTag_tag_0_0.csv rows=2000000 directed_edges=4000000 elapsed_s=4.1
[snb-full][edge] progress file=/data/WorkSpace/ldbc-sf30/social_network/dynamic/forum_hasTag_tag_0_0.csv rows=3000000 directed_edges=6000000 elapsed_s=6.1
[snb-full][edge] progress file=/data/WorkSpace/ldbc-sf30/social_network/dynamic/forum_hasTag_tag_0_0.csv rows=4000000 directed_edges=8000000 elapsed_s=8.2
[snb-full][edge] progress file=/data/WorkSpace/ldbc-sf30/social_network/dynamic/forum_hasTag_tag_0_0.csv rows=5000000 directed_edges=10000000 elapsed_s=10.2
[snb-full][edge] done file=/data/WorkSpace/ldbc-sf30/social_network/dynamic/forum_hasTag_tag_0_0.csv rows=5191441 directed_edges=10382882 elapsed_s=10.5
[snb-full][edge] start file=/data/WorkSpace/ldbc-sf30/social_network/dynamic/comment_hasTag_tag_0_0.csv edge=HasTag src=Comment dst=Tag
[snb-full][edge] progress file=/data/WorkSpace/ldbc-sf30/social_network/dynamic/comment_hasTag_tag_0_0.csv rows=1000000 directed_edges=2000000 elapsed_s=2.1
[snb-full][edge] progress file=/data/WorkSpace/ldbc-sf30/social_network/dynamic/comment_hasTag_tag_0_0.csv rows=2000000 directed_edges=4000000 elapsed_s=4.0
[snb-full][edge] progress file=/data/WorkSpace/ldbc-sf30/social_network/dynamic/comment_hasTag_tag_0_0.csv rows=3000000 directed_edges=6000000 elapsed_s=6.2
[snb-full][edge] progress file=/data/WorkSpace/ldbc-sf30/social_network/dynamic/comment_hasTag_tag_0_0.csv rows=4000000 directed_edges=8000000 elapsed_s=8.4
[snb-full][edge] progress file=/data/WorkSpace/ldbc-sf30/social_network/dynamic/comment_hasTag_tag_0_0.csv rows=5000000 directed_edges=10000000 elapsed_s=10.5
[snb-full][edge] progress file=/data/WorkSpace/ldbc-sf30/social_network/dynamic/comment_hasTag_tag_0_0.csv rows=6000000 directed_edges=12000000 elapsed_s=12.5
[snb-full][edge] progress file=/data/WorkSpace/ldbc-sf30/social_network/dynamic/comment_hasTag_tag_0_0.csv rows=7000000 directed_edges=14000000 elapsed_s=14.6
[snb-full][edge] progress file=/data/WorkSpace/ldbc-sf30/social_network/dynamic/comment_hasTag_tag_0_0.csv rows=8000000 directed_edges=16000000 elapsed_s=16.6
[snb-full][edge] progress file=/data/WorkSpace/ldbc-sf30/social_network/dynamic/comment_hasTag_tag_0_0.csv rows=9000000 directed_edges=18000000 elapsed_s=18.7
[snb-full][edge] progress file=/data/WorkSpace/ldbc-sf30/social_network/dynamic/comment_hasTag_tag_0_0.csv rows=10000000 directed_edges=20000000 elapsed_s=20.5
[snb-full][edge] progress file=/data/WorkSpace/ldbc-sf30/social_network/dynamic/comment_hasTag_tag_0_0.csv rows=11000000 directed_edges=22000000 elapsed_s=22.6
[snb-full][edge] progress file=/data/WorkSpace/ldbc-sf30/social_network/dynamic/comment_hasTag_tag_0_0.csv rows=12000000 directed_edges=24000000 elapsed_s=24.6
[snb-full][edge] progress file=/data/WorkSpace/ldbc-sf30/social_network/dynamic/comment_hasTag_tag_0_0.csv rows=13000000 directed_edges=26000000 elapsed_s=26.4
[snb-full][edge] progress file=/data/WorkSpace/ldbc-sf30/social_network/dynamic/comment_hasTag_tag_0_0.csv rows=14000000 directed_edges=28000000 elapsed_s=28.4
[snb-full][edge] progress file=/data/WorkSpace/ldbc-sf30/social_network/dynamic/comment_hasTag_tag_0_0.csv rows=15000000 directed_edges=30000000 elapsed_s=30.4
[snb-full][edge] progress file=/data/WorkSpace/ldbc-sf30/social_network/dynamic/comment_hasTag_tag_0_0.csv rows=16000000 directed_edges=32000000 elapsed_s=32.3
[snb-full][edge] progress file=/data/WorkSpace/ldbc-sf30/social_network/dynamic/comment_hasTag_tag_0_0.csv rows=17000000 directed_edges=34000000 elapsed_s=34.2
[snb-full][edge] progress file=/data/WorkSpace/ldbc-sf30/social_network/dynamic/comment_hasTag_tag_0_0.csv rows=18000000 directed_edges=36000000 elapsed_s=36.1
[snb-full][edge] progress file=/data/WorkSpace/ldbc-sf30/social_network/dynamic/comment_hasTag_tag_0_0.csv rows=19000000 directed_edges=38000000 elapsed_s=38.0
[snb-full][edge] progress file=/data/WorkSpace/ldbc-sf30/social_network/dynamic/comment_hasTag_tag_0_0.csv rows=20000000 directed_edges=40000000 elapsed_s=39.9
[snb-full][edge] progress file=/data/WorkSpace/ldbc-sf30/social_network/dynamic/comment_hasTag_tag_0_0.csv rows=21000000 directed_edges=42000000 elapsed_s=41.8
[snb-full][edge] progress file=/data/WorkSpace/ldbc-sf30/social_network/dynamic/comment_hasTag_tag_0_0.csv rows=22000000 directed_edges=44000000 elapsed_s=43.7
[snb-full][edge] progress file=/data/WorkSpace/ldbc-sf30/social_network/dynamic/comment_hasTag_tag_0_0.csv rows=23000000 directed_edges=46000000 elapsed_s=45.6
[snb-full][edge] progress file=/data/WorkSpace/ldbc-sf30/social_network/dynamic/comment_hasTag_tag_0_0.csv rows=24000000 directed_edges=48000000 elapsed_s=47.5
[snb-full][edge] progress file=/data/WorkSpace/ldbc-sf30/social_network/dynamic/comment_hasTag_tag_0_0.csv rows=25000000 directed_edges=50000000 elapsed_s=49.5
[snb-full][edge] progress file=/data/WorkSpace/ldbc-sf30/social_network/dynamic/comment_hasTag_tag_0_0.csv rows=26000000 directed_edges=52000000 elapsed_s=51.4
[snb-full][edge] progress file=/data/WorkSpace/ldbc-sf30/social_network/dynamic/comment_hasTag_tag_0_0.csv rows=27000000 directed_edges=54000000 elapsed_s=53.4
[snb-full][edge] progress file=/data/WorkSpace/ldbc-sf30/social_network/dynamic/comment_hasTag_tag_0_0.csv rows=28000000 directed_edges=56000000 elapsed_s=55.3
[snb-full][edge] progress file=/data/WorkSpace/ldbc-sf30/social_network/dynamic/comment_hasTag_tag_0_0.csv rows=29000000 directed_edges=58000000 elapsed_s=57.3
[snb-full][edge] progress file=/data/WorkSpace/ldbc-sf30/social_network/dynamic/comment_hasTag_tag_0_0.csv rows=30000000 directed_edges=60000000 elapsed_s=59.0
[snb-full][edge] progress file=/data/WorkSpace/ldbc-sf30/social_network/dynamic/comment_hasTag_tag_0_0.csv rows=31000000 directed_edges=62000000 elapsed_s=60.8
[snb-full][edge] progress file=/data/WorkSpace/ldbc-sf30/social_network/dynamic/comment_hasTag_tag_0_0.csv rows=32000000 directed_edges=64000000 elapsed_s=63.3
[snb-full][edge] progress file=/data/WorkSpace/ldbc-sf30/social_network/dynamic/comment_hasTag_tag_0_0.csv rows=33000000 directed_edges=66000000 elapsed_s=65.3
[snb-full][edge] progress file=/data/WorkSpace/ldbc-sf30/social_network/dynamic/comment_hasTag_tag_0_0.csv rows=34000000 directed_edges=68000000 elapsed_s=67.3
[snb-full][edge] progress file=/data/WorkSpace/ldbc-sf30/social_network/dynamic/comment_hasTag_tag_0_0.csv rows=35000000 directed_edges=70000000 elapsed_s=69.3
[snb-full][edge] progress file=/data/WorkSpace/ldbc-sf30/social_network/dynamic/comment_hasTag_tag_0_0.csv rows=36000000 directed_edges=72000000 elapsed_s=71.5
[snb-full][edge] progress file=/data/WorkSpace/ldbc-sf30/social_network/dynamic/comment_hasTag_tag_0_0.csv rows=37000000 directed_edges=74000000 elapsed_s=73.6
[snb-full][edge] progress file=/data/WorkSpace/ldbc-sf30/social_network/dynamic/comment_hasTag_tag_0_0.csv rows=38000000 directed_edges=76000000 elapsed_s=75.9
[snb-full][edge] progress file=/data/WorkSpace/ldbc-sf30/social_network/dynamic/comment_hasTag_tag_0_0.csv rows=39000000 directed_edges=78000000 elapsed_s=78.0
[snb-full][edge] progress file=/data/WorkSpace/ldbc-sf30/social_network/dynamic/comment_hasTag_tag_0_0.csv rows=40000000 directed_edges=80000000 elapsed_s=80.0
[snb-full][edge] progress file=/data/WorkSpace/ldbc-sf30/social_network/dynamic/comment_hasTag_tag_0_0.csv rows=41000000 directed_edges=82000000 elapsed_s=82.1
[snb-full][edge] progress file=/data/WorkSpace/ldbc-sf30/social_network/dynamic/comment_hasTag_tag_0_0.csv rows=42000000 directed_edges=84000000 elapsed_s=84.2
[snb-full][edge] progress file=/data/WorkSpace/ldbc-sf30/social_network/dynamic/comment_hasTag_tag_0_0.csv rows=43000000 directed_edges=86000000 elapsed_s=86.3
[snb-full][edge] progress file=/data/WorkSpace/ldbc-sf30/social_network/dynamic/comment_hasTag_tag_0_0.csv rows=44000000 directed_edges=88000000 elapsed_s=88.2
[snb-full][edge] progress file=/data/WorkSpace/ldbc-sf30/social_network/dynamic/comment_hasTag_tag_0_0.csv rows=45000000 directed_edges=90000000 elapsed_s=90.2
[snb-full][edge] progress file=/data/WorkSpace/ldbc-sf30/social_network/dynamic/comment_hasTag_tag_0_0.csv rows=46000000 directed_edges=92000000 elapsed_s=92.3
[snb-full][edge] progress file=/data/WorkSpace/ldbc-sf30/social_network/dynamic/comment_hasTag_tag_0_0.csv rows=47000000 directed_edges=94000000 elapsed_s=94.3
[snb-full][edge] progress file=/data/WorkSpace/ldbc-sf30/social_network/dynamic/comment_hasTag_tag_0_0.csv rows=48000000 directed_edges=96000000 elapsed_s=96.2
[snb-full][edge] progress file=/data/WorkSpace/ldbc-sf30/social_network/dynamic/comment_hasTag_tag_0_0.csv rows=49000000 directed_edges=98000000 elapsed_s=98.2
[snb-full][edge] progress file=/data/WorkSpace/ldbc-sf30/social_network/dynamic/comment_hasTag_tag_0_0.csv rows=50000000 directed_edges=100000000 elapsed_s=100.2
[snb-full][edge] progress file=/data/WorkSpace/ldbc-sf30/social_network/dynamic/comment_hasTag_tag_0_0.csv rows=51000000 directed_edges=102000000 elapsed_s=102.1
[snb-full][edge] progress file=/data/WorkSpace/ldbc-sf30/social_network/dynamic/comment_hasTag_tag_0_0.csv rows=52000000 directed_edges=104000000 elapsed_s=104.0
[snb-full][edge] progress file=/data/WorkSpace/ldbc-sf30/social_network/dynamic/comment_hasTag_tag_0_0.csv rows=53000000 directed_edges=106000000 elapsed_s=106.0
[snb-full][edge] progress file=/data/WorkSpace/ldbc-sf30/social_network/dynamic/comment_hasTag_tag_0_0.csv rows=54000000 directed_edges=108000000 elapsed_s=108.0
[snb-full][edge] progress file=/data/WorkSpace/ldbc-sf30/social_network/dynamic/comment_hasTag_tag_0_0.csv rows=55000000 directed_edges=110000000 elapsed_s=109.8
[snb-full][edge] progress file=/data/WorkSpace/ldbc-sf30/social_network/dynamic/comment_hasTag_tag_0_0.csv rows=56000000 directed_edges=112000000 elapsed_s=111.7
[snb-full][edge] progress file=/data/WorkSpace/ldbc-sf30/social_network/dynamic/comment_hasTag_tag_0_0.csv rows=57000000 directed_edges=114000000 elapsed_s=113.6
[snb-full][edge] progress file=/data/WorkSpace/ldbc-sf30/social_network/dynamic/comment_hasTag_tag_0_0.csv rows=58000000 directed_edges=116000000 elapsed_s=115.6
[snb-full][edge] progress file=/data/WorkSpace/ldbc-sf30/social_network/dynamic/comment_hasTag_tag_0_0.csv rows=59000000 directed_edges=118000000 elapsed_s=117.6
[snb-full][edge] progress file=/data/WorkSpace/ldbc-sf30/social_network/dynamic/comment_hasTag_tag_0_0.csv rows=60000000 directed_edges=120000000 elapsed_s=119.6
[snb-full][edge] progress file=/data/WorkSpace/ldbc-sf30/social_network/dynamic/comment_hasTag_tag_0_0.csv rows=61000000 directed_edges=122000000 elapsed_s=121.5
[snb-full][edge] progress file=/data/WorkSpace/ldbc-sf30/social_network/dynamic/comment_hasTag_tag_0_0.csv rows=62000000 directed_edges=124000000 elapsed_s=123.5
[snb-full][edge] progress file=/data/WorkSpace/ldbc-sf30/social_network/dynamic/comment_hasTag_tag_0_0.csv rows=63000000 directed_edges=126000000 elapsed_s=125.4
[snb-full][edge] progress file=/data/WorkSpace/ldbc-sf30/social_network/dynamic/comment_hasTag_tag_0_0.csv rows=64000000 directed_edges=128000000 elapsed_s=127.3
[snb-full][edge] progress file=/data/WorkSpace/ldbc-sf30/social_network/dynamic/comment_hasTag_tag_0_0.csv rows=65000000 directed_edges=130000000 elapsed_s=129.3
[snb-full][edge] progress file=/data/WorkSpace/ldbc-sf30/social_network/dynamic/comment_hasTag_tag_0_0.csv rows=66000000 directed_edges=132000000 elapsed_s=131.1
[snb-full][edge] progress file=/data/WorkSpace/ldbc-sf30/social_network/dynamic/comment_hasTag_tag_0_0.csv rows=67000000 directed_edges=134000000 elapsed_s=133.0
[snb-full][edge] progress file=/data/WorkSpace/ldbc-sf30/social_network/dynamic/comment_hasTag_tag_0_0.csv rows=68000000 directed_edges=136000000 elapsed_s=134.9
[snb-full][edge] progress file=/data/WorkSpace/ldbc-sf30/social_network/dynamic/comment_hasTag_tag_0_0.csv rows=69000000 directed_edges=138000000 elapsed_s=136.8
[snb-full][edge] progress file=/data/WorkSpace/ldbc-sf30/social_network/dynamic/comment_hasTag_tag_0_0.csv rows=70000000 directed_edges=140000000 elapsed_s=138.7
[snb-full][edge] progress file=/data/WorkSpace/ldbc-sf30/social_network/dynamic/comment_hasTag_tag_0_0.csv rows=71000000 directed_edges=142000000 elapsed_s=140.8
[snb-full][edge] progress file=/data/WorkSpace/ldbc-sf30/social_network/dynamic/comment_hasTag_tag_0_0.csv rows=72000000 directed_edges=144000000 elapsed_s=142.7
[snb-full][edge] progress file=/data/WorkSpace/ldbc-sf30/social_network/dynamic/comment_hasTag_tag_0_0.csv rows=73000000 directed_edges=146000000 elapsed_s=144.5
[snb-full][edge] progress file=/data/WorkSpace/ldbc-sf30/social_network/dynamic/comment_hasTag_tag_0_0.csv rows=74000000 directed_edges=148000000 elapsed_s=146.4
[snb-full][edge] progress file=/data/WorkSpace/ldbc-sf30/social_network/dynamic/comment_hasTag_tag_0_0.csv rows=75000000 directed_edges=150000000 elapsed_s=148.3
[snb-full][edge] progress file=/data/WorkSpace/ldbc-sf30/social_network/dynamic/comment_hasTag_tag_0_0.csv rows=76000000 directed_edges=152000000 elapsed_s=150.2
[snb-full][edge] progress file=/data/WorkSpace/ldbc-sf30/social_network/dynamic/comment_hasTag_tag_0_0.csv rows=77000000 directed_edges=154000000 elapsed_s=152.1
[snb-full][edge] progress file=/data/WorkSpace/ldbc-sf30/social_network/dynamic/comment_hasTag_tag_0_0.csv rows=78000000 directed_edges=156000000 elapsed_s=154.0
[snb-full][edge] progress file=/data/WorkSpace/ldbc-sf30/social_network/dynamic/comment_hasTag_tag_0_0.csv rows=79000000 directed_edges=158000000 elapsed_s=155.9
[snb-full][edge] progress file=/data/WorkSpace/ldbc-sf30/social_network/dynamic/comment_hasTag_tag_0_0.csv rows=80000000 directed_edges=160000000 elapsed_s=157.9
[snb-full][edge] progress file=/data/WorkSpace/ldbc-sf30/social_network/dynamic/comment_hasTag_tag_0_0.csv rows=81000000 directed_edges=162000000 elapsed_s=159.9
[snb-full][edge] progress file=/data/WorkSpace/ldbc-sf30/social_network/dynamic/comment_hasTag_tag_0_0.csv rows=82000000 directed_edges=164000000 elapsed_s=161.9
[snb-full][edge] progress file=/data/WorkSpace/ldbc-sf30/social_network/dynamic/comment_hasTag_tag_0_0.csv rows=83000000 directed_edges=166000000 elapsed_s=163.9
[snb-full][edge] progress file=/data/WorkSpace/ldbc-sf30/social_network/dynamic/comment_hasTag_tag_0_0.csv rows=84000000 directed_edges=168000000 elapsed_s=165.9
[snb-full][edge] progress file=/data/WorkSpace/ldbc-sf30/social_network/dynamic/comment_hasTag_tag_0_0.csv rows=85000000 directed_edges=170000000 elapsed_s=167.9
[snb-full][edge] progress file=/data/WorkSpace/ldbc-sf30/social_network/dynamic/comment_hasTag_tag_0_0.csv rows=86000000 directed_edges=172000000 elapsed_s=169.8
[snb-full][edge] progress file=/data/WorkSpace/ldbc-sf30/social_network/dynamic/comment_hasTag_tag_0_0.csv rows=87000000 directed_edges=174000000 elapsed_s=171.8
[snb-full][edge] progress file=/data/WorkSpace/ldbc-sf30/social_network/dynamic/comment_hasTag_tag_0_0.csv rows=88000000 directed_edges=176000000 elapsed_s=173.7
[snb-full][edge] done file=/data/WorkSpace/ldbc-sf30/social_network/dynamic/comment_hasTag_tag_0_0.csv rows=88783670 directed_edges=177567340 elapsed_s=174.9
[snb-full][edge] start file=/data/WorkSpace/ldbc-sf30/social_network/dynamic/post_hasTag_tag_0_0.csv edge=HasTag src=Post dst=Tag
[snb-full][edge] progress file=/data/WorkSpace/ldbc-sf30/social_network/dynamic/post_hasTag_tag_0_0.csv rows=1000000 directed_edges=2000000 elapsed_s=1.7
[snb-full][edge] progress file=/data/WorkSpace/ldbc-sf30/social_network/dynamic/post_hasTag_tag_0_0.csv rows=2000000 directed_edges=4000000 elapsed_s=3.7
[snb-full][edge] progress file=/data/WorkSpace/ldbc-sf30/social_network/dynamic/post_hasTag_tag_0_0.csv rows=3000000 directed_edges=6000000 elapsed_s=6.5
[snb-full][edge] progress file=/data/WorkSpace/ldbc-sf30/social_network/dynamic/post_hasTag_tag_0_0.csv rows=4000000 directed_edges=8000000 elapsed_s=8.2
[snb-full][edge] progress file=/data/WorkSpace/ldbc-sf30/social_network/dynamic/post_hasTag_tag_0_0.csv rows=5000000 directed_edges=10000000 elapsed_s=10.5
[snb-full][edge] progress file=/data/WorkSpace/ldbc-sf30/social_network/dynamic/post_hasTag_tag_0_0.csv rows=6000000 directed_edges=12000000 elapsed_s=13.4
[snb-full][edge] progress file=/data/WorkSpace/ldbc-sf30/social_network/dynamic/post_hasTag_tag_0_0.csv rows=7000000 directed_edges=14000000 elapsed_s=15.9
[snb-full][edge] progress file=/data/WorkSpace/ldbc-sf30/social_network/dynamic/post_hasTag_tag_0_0.csv rows=8000000 directed_edges=16000000 elapsed_s=17.6
[snb-full][edge] progress file=/data/WorkSpace/ldbc-sf30/social_network/dynamic/post_hasTag_tag_0_0.csv rows=9000000 directed_edges=18000000 elapsed_s=20.3
[snb-full][edge] progress file=/data/WorkSpace/ldbc-sf30/social_network/dynamic/post_hasTag_tag_0_0.csv rows=10000000 directed_edges=20000000 elapsed_s=22.8
[snb-full][edge] progress file=/data/WorkSpace/ldbc-sf30/social_network/dynamic/post_hasTag_tag_0_0.csv rows=11000000 directed_edges=22000000 elapsed_s=24.8
[snb-full][edge] progress file=/data/WorkSpace/ldbc-sf30/social_network/dynamic/post_hasTag_tag_0_0.csv rows=12000000 directed_edges=24000000 elapsed_s=26.7
[snb-full][edge] progress file=/data/WorkSpace/ldbc-sf30/social_network/dynamic/post_hasTag_tag_0_0.csv rows=13000000 directed_edges=26000000 elapsed_s=28.8
[snb-full][edge] progress file=/data/WorkSpace/ldbc-sf30/social_network/dynamic/post_hasTag_tag_0_0.csv rows=14000000 directed_edges=28000000 elapsed_s=30.9
[snb-full][edge] progress file=/data/WorkSpace/ldbc-sf30/social_network/dynamic/post_hasTag_tag_0_0.csv rows=15000000 directed_edges=30000000 elapsed_s=33.0
[snb-full][edge] progress file=/data/WorkSpace/ldbc-sf30/social_network/dynamic/post_hasTag_tag_0_0.csv rows=16000000 directed_edges=32000000 elapsed_s=35.3
[snb-full][edge] progress file=/data/WorkSpace/ldbc-sf30/social_network/dynamic/post_hasTag_tag_0_0.csv rows=17000000 directed_edges=34000000 elapsed_s=37.5
[snb-full][edge] progress file=/data/WorkSpace/ldbc-sf30/social_network/dynamic/post_hasTag_tag_0_0.csv rows=18000000 directed_edges=36000000 elapsed_s=39.7
[snb-full][edge] progress file=/data/WorkSpace/ldbc-sf30/social_network/dynamic/post_hasTag_tag_0_0.csv rows=19000000 directed_edges=38000000 elapsed_s=41.7
[snb-full][edge] progress file=/data/WorkSpace/ldbc-sf30/social_network/dynamic/post_hasTag_tag_0_0.csv rows=20000000 directed_edges=40000000 elapsed_s=43.8
[snb-full][edge] progress file=/data/WorkSpace/ldbc-sf30/social_network/dynamic/post_hasTag_tag_0_0.csv rows=21000000 directed_edges=42000000 elapsed_s=46.0
[snb-full][edge] progress file=/data/WorkSpace/ldbc-sf30/social_network/dynamic/post_hasTag_tag_0_0.csv rows=22000000 directed_edges=44000000 elapsed_s=48.1
[snb-full][edge] progress file=/data/WorkSpace/ldbc-sf30/social_network/dynamic/post_hasTag_tag_0_0.csv rows=23000000 directed_edges=46000000 elapsed_s=50.3
[snb-full][edge] done file=/data/WorkSpace/ldbc-sf30/social_network/dynamic/post_hasTag_tag_0_0.csv rows=23491281 directed_edges=46982562 elapsed_s=51.1
[snb-full][edge] start file=/data/WorkSpace/ldbc-sf30/social_network/dynamic/person_0_0.csv edge=IsLocatedIn src=Person dst=Place
[snb-full][edge] done file=/data/WorkSpace/ldbc-sf30/social_network/dynamic/person_0_0.csv rows=165430 directed_edges=330860 elapsed_s=0.4
[snb-full][edge] start file=/data/WorkSpace/ldbc-sf30/social_network/dynamic/forum_0_0.csv edge=HasModerator src=Forum dst=Person
[snb-full][edge] progress file=/data/WorkSpace/ldbc-sf30/social_network/dynamic/forum_0_0.csv rows=1000000 directed_edges=2000000 elapsed_s=2.7
[snb-full][edge] done file=/data/WorkSpace/ldbc-sf30/social_network/dynamic/forum_0_0.csv rows=1503655 directed_edges=3007310 elapsed_s=4.0
[snb-full][edge] start file=/data/WorkSpace/ldbc-sf30/social_network/dynamic/post_0_0.csv edge=HasCreator src=Post dst=Person
[snb-full][edge] progress file=/data/WorkSpace/ldbc-sf30/social_network/dynamic/post_0_0.csv rows=1000000 directed_edges=2000000 elapsed_s=1.6
[snb-full][edge] progress file=/data/WorkSpace/ldbc-sf30/social_network/dynamic/post_0_0.csv rows=2000000 directed_edges=4000000 elapsed_s=4.2
[snb-full][edge] progress file=/data/WorkSpace/ldbc-sf30/social_network/dynamic/post_0_0.csv rows=3000000 directed_edges=6000000 elapsed_s=6.2
[snb-full][edge] progress file=/data/WorkSpace/ldbc-sf30/social_network/dynamic/post_0_0.csv rows=4000000 directed_edges=8000000 elapsed_s=8.5
[snb-full][edge] progress file=/data/WorkSpace/ldbc-sf30/social_network/dynamic/post_0_0.csv rows=5000000 directed_edges=10000000 elapsed_s=10.7
[snb-full][edge] progress file=/data/WorkSpace/ldbc-sf30/social_network/dynamic/post_0_0.csv rows=6000000 directed_edges=12000000 elapsed_s=13.1
[snb-full][edge] progress file=/data/WorkSpace/ldbc-sf30/social_network/dynamic/post_0_0.csv rows=7000000 directed_edges=14000000 elapsed_s=15.2
[snb-full][edge] progress file=/data/WorkSpace/ldbc-sf30/social_network/dynamic/post_0_0.csv rows=8000000 directed_edges=16000000 elapsed_s=17.6
[snb-full][edge] progress file=/data/WorkSpace/ldbc-sf30/social_network/dynamic/post_0_0.csv rows=9000000 directed_edges=18000000 elapsed_s=19.8
[snb-full][edge] progress file=/data/WorkSpace/ldbc-sf30/social_network/dynamic/post_0_0.csv rows=10000000 directed_edges=20000000 elapsed_s=21.6
[snb-full][edge] progress file=/data/WorkSpace/ldbc-sf30/social_network/dynamic/post_0_0.csv rows=11000000 directed_edges=22000000 elapsed_s=24.0
[snb-full][edge] progress file=/data/WorkSpace/ldbc-sf30/social_network/dynamic/post_0_0.csv rows=12000000 directed_edges=24000000 elapsed_s=26.3
[snb-full][edge] progress file=/data/WorkSpace/ldbc-sf30/social_network/dynamic/post_0_0.csv rows=13000000 directed_edges=26000000 elapsed_s=28.0
[snb-full][edge] progress file=/data/WorkSpace/ldbc-sf30/social_network/dynamic/post_0_0.csv rows=14000000 directed_edges=28000000 elapsed_s=30.5
[snb-full][edge] progress file=/data/WorkSpace/ldbc-sf30/social_network/dynamic/post_0_0.csv rows=15000000 directed_edges=30000000 elapsed_s=32.7
[snb-full][edge] progress file=/data/WorkSpace/ldbc-sf30/social_network/dynamic/post_0_0.csv rows=16000000 directed_edges=32000000 elapsed_s=34.6
[snb-full][edge] progress file=/data/WorkSpace/ldbc-sf30/social_network/dynamic/post_0_0.csv rows=17000000 directed_edges=34000000 elapsed_s=36.8
[snb-full][edge] progress file=/data/WorkSpace/ldbc-sf30/social_network/dynamic/post_0_0.csv rows=18000000 directed_edges=36000000 elapsed_s=39.1
[snb-full][edge] progress file=/data/WorkSpace/ldbc-sf30/social_network/dynamic/post_0_0.csv rows=19000000 directed_edges=38000000 elapsed_s=41.2
[snb-full][edge] done file=/data/WorkSpace/ldbc-sf30/social_network/dynamic/post_0_0.csv rows=19968658 directed_edges=39937316 elapsed_s=43.5
[snb-full][edge] start file=/data/WorkSpace/ldbc-sf30/social_network/dynamic/post_0_0.csv edge=ContainerOf src=Forum dst=Post
[snb-full][edge] progress file=/data/WorkSpace/ldbc-sf30/social_network/dynamic/post_0_0.csv rows=1000000 directed_edges=2000000 elapsed_s=2.0
[snb-full][edge] progress file=/data/WorkSpace/ldbc-sf30/social_network/dynamic/post_0_0.csv rows=2000000 directed_edges=4000000 elapsed_s=4.9
[snb-full][edge] progress file=/data/WorkSpace/ldbc-sf30/social_network/dynamic/post_0_0.csv rows=3000000 directed_edges=6000000 elapsed_s=6.7
[snb-full][edge] progress file=/data/WorkSpace/ldbc-sf30/social_network/dynamic/post_0_0.csv rows=4000000 directed_edges=8000000 elapsed_s=8.4
[snb-full][edge] progress file=/data/WorkSpace/ldbc-sf30/social_network/dynamic/post_0_0.csv rows=5000000 directed_edges=10000000 elapsed_s=10.3
[snb-full][edge] progress file=/data/WorkSpace/ldbc-sf30/social_network/dynamic/post_0_0.csv rows=6000000 directed_edges=12000000 elapsed_s=12.2
[snb-full][edge] progress file=/data/WorkSpace/ldbc-sf30/social_network/dynamic/post_0_0.csv rows=7000000 directed_edges=14000000 elapsed_s=15.0
[snb-full][edge] progress file=/data/WorkSpace/ldbc-sf30/social_network/dynamic/post_0_0.csv rows=8000000 directed_edges=16000000 elapsed_s=18.6
[snb-full][edge] progress file=/data/WorkSpace/ldbc-sf30/social_network/dynamic/post_0_0.csv rows=9000000 directed_edges=18000000 elapsed_s=21.7
[snb-full][edge] progress file=/data/WorkSpace/ldbc-sf30/social_network/dynamic/post_0_0.csv rows=10000000 directed_edges=20000000 elapsed_s=24.9
[snb-full][edge] progress file=/data/WorkSpace/ldbc-sf30/social_network/dynamic/post_0_0.csv rows=11000000 directed_edges=22000000 elapsed_s=27.7
[snb-full][edge] progress file=/data/WorkSpace/ldbc-sf30/social_network/dynamic/post_0_0.csv rows=12000000 directed_edges=24000000 elapsed_s=30.4
[snb-full][edge] progress file=/data/WorkSpace/ldbc-sf30/social_network/dynamic/post_0_0.csv rows=13000000 directed_edges=26000000 elapsed_s=32.8
[snb-full][edge] progress file=/data/WorkSpace/ldbc-sf30/social_network/dynamic/post_0_0.csv rows=14000000 directed_edges=28000000 elapsed_s=36.0
[snb-full][edge] progress file=/data/WorkSpace/ldbc-sf30/social_network/dynamic/post_0_0.csv rows=15000000 directed_edges=30000000 elapsed_s=39.0
[snb-full][edge] progress file=/data/WorkSpace/ldbc-sf30/social_network/dynamic/post_0_0.csv rows=16000000 directed_edges=32000000 elapsed_s=41.8
[snb-full][edge] progress file=/data/WorkSpace/ldbc-sf30/social_network/dynamic/post_0_0.csv rows=17000000 directed_edges=34000000 elapsed_s=43.6
[snb-full][edge] progress file=/data/WorkSpace/ldbc-sf30/social_network/dynamic/post_0_0.csv rows=18000000 directed_edges=36000000 elapsed_s=46.2
[snb-full][edge] progress file=/data/WorkSpace/ldbc-sf30/social_network/dynamic/post_0_0.csv rows=19000000 directed_edges=38000000 elapsed_s=48.9
[snb-full][edge] done file=/data/WorkSpace/ldbc-sf30/social_network/dynamic/post_0_0.csv rows=19968658 directed_edges=39937316 elapsed_s=51.3
[snb-full][edge] start file=/data/WorkSpace/ldbc-sf30/social_network/dynamic/post_0_0.csv edge=IsLocatedIn src=Post dst=Place
[snb-full][edge] progress file=/data/WorkSpace/ldbc-sf30/social_network/dynamic/post_0_0.csv rows=1000000 directed_edges=2000000 elapsed_s=2.4
[snb-full][edge] progress file=/data/WorkSpace/ldbc-sf30/social_network/dynamic/post_0_0.csv rows=2000000 directed_edges=4000000 elapsed_s=5.0
[snb-full][edge] progress file=/data/WorkSpace/ldbc-sf30/social_network/dynamic/post_0_0.csv rows=3000000 directed_edges=6000000 elapsed_s=7.2
[snb-full][edge] progress file=/data/WorkSpace/ldbc-sf30/social_network/dynamic/post_0_0.csv rows=4000000 directed_edges=8000000 elapsed_s=9.6
[snb-full][edge] progress file=/data/WorkSpace/ldbc-sf30/social_network/dynamic/post_0_0.csv rows=5000000 directed_edges=10000000 elapsed_s=12.0
[snb-full][edge] progress file=/data/WorkSpace/ldbc-sf30/social_network/dynamic/post_0_0.csv rows=6000000 directed_edges=12000000 elapsed_s=14.1
[snb-full][edge] progress file=/data/WorkSpace/ldbc-sf30/social_network/dynamic/post_0_0.csv rows=7000000 directed_edges=14000000 elapsed_s=16.5
[snb-full][edge] progress file=/data/WorkSpace/ldbc-sf30/social_network/dynamic/post_0_0.csv rows=8000000 directed_edges=16000000 elapsed_s=18.9
[snb-full][edge] progress file=/data/WorkSpace/ldbc-sf30/social_network/dynamic/post_0_0.csv rows=9000000 directed_edges=18000000 elapsed_s=21.4
[snb-full][edge] progress file=/data/WorkSpace/ldbc-sf30/social_network/dynamic/post_0_0.csv rows=10000000 directed_edges=20000000 elapsed_s=23.7
[snb-full][edge] progress file=/data/WorkSpace/ldbc-sf30/social_network/dynamic/post_0_0.csv rows=11000000 directed_edges=22000000 elapsed_s=25.9
[snb-full][edge] progress file=/data/WorkSpace/ldbc-sf30/social_network/dynamic/post_0_0.csv rows=12000000 directed_edges=24000000 elapsed_s=28.2
[snb-full][edge] progress file=/data/WorkSpace/ldbc-sf30/social_network/dynamic/post_0_0.csv rows=13000000 directed_edges=26000000 elapsed_s=30.1
[snb-full][edge] progress file=/data/WorkSpace/ldbc-sf30/social_network/dynamic/post_0_0.csv rows=14000000 directed_edges=28000000 elapsed_s=32.6
[snb-full][edge] progress file=/data/WorkSpace/ldbc-sf30/social_network/dynamic/post_0_0.csv rows=15000000 directed_edges=30000000 elapsed_s=35.3
[snb-full][edge] progress file=/data/WorkSpace/ldbc-sf30/social_network/dynamic/post_0_0.csv rows=16000000 directed_edges=32000000 elapsed_s=37.1
[snb-full][edge] progress file=/data/WorkSpace/ldbc-sf30/social_network/dynamic/post_0_0.csv rows=17000000 directed_edges=34000000 elapsed_s=39.4
[snb-full][edge] progress file=/data/WorkSpace/ldbc-sf30/social_network/dynamic/post_0_0.csv rows=18000000 directed_edges=36000000 elapsed_s=41.7
[snb-full][edge] progress file=/data/WorkSpace/ldbc-sf30/social_network/dynamic/post_0_0.csv rows=19000000 directed_edges=38000000 elapsed_s=43.8
[snb-full][edge] done file=/data/WorkSpace/ldbc-sf30/social_network/dynamic/post_0_0.csv rows=19968658 directed_edges=39937316 elapsed_s=45.9
[snb-full][edge] start file=/data/WorkSpace/ldbc-sf30/social_network/dynamic/comment_0_0.csv edge=HasCreator src=Comment dst=Person
[snb-full][edge] progress file=/data/WorkSpace/ldbc-sf30/social_network/dynamic/comment_0_0.csv rows=1000000 directed_edges=2000000 elapsed_s=2.6
[snb-full][edge] progress file=/data/WorkSpace/ldbc-sf30/social_network/dynamic/comment_0_0.csv rows=2000000 directed_edges=4000000 elapsed_s=4.9
[snb-full][edge] progress file=/data/WorkSpace/ldbc-sf30/social_network/dynamic/comment_0_0.csv rows=3000000 directed_edges=6000000 elapsed_s=7.1
[snb-full][edge] progress file=/data/WorkSpace/ldbc-sf30/social_network/dynamic/comment_0_0.csv rows=4000000 directed_edges=8000000 elapsed_s=9.6
[snb-full][edge] progress file=/data/WorkSpace/ldbc-sf30/social_network/dynamic/comment_0_0.csv rows=5000000 directed_edges=10000000 elapsed_s=11.9
[snb-full][edge] progress file=/data/WorkSpace/ldbc-sf30/social_network/dynamic/comment_0_0.csv rows=6000000 directed_edges=12000000 elapsed_s=14.2
[snb-full][edge] progress file=/data/WorkSpace/ldbc-sf30/social_network/dynamic/comment_0_0.csv rows=7000000 directed_edges=14000000 elapsed_s=16.6
[snb-full][edge] progress file=/data/WorkSpace/ldbc-sf30/social_network/dynamic/comment_0_0.csv rows=8000000 directed_edges=16000000 elapsed_s=18.8
[snb-full][edge] progress file=/data/WorkSpace/ldbc-sf30/social_network/dynamic/comment_0_0.csv rows=9000000 directed_edges=18000000 elapsed_s=21.4
[snb-full][edge] progress file=/data/WorkSpace/ldbc-sf30/social_network/dynamic/comment_0_0.csv rows=10000000 directed_edges=20000000 elapsed_s=23.7
[snb-full][edge] progress file=/data/WorkSpace/ldbc-sf30/social_network/dynamic/comment_0_0.csv rows=11000000 directed_edges=22000000 elapsed_s=26.2
[snb-full][edge] progress file=/data/WorkSpace/ldbc-sf30/social_network/dynamic/comment_0_0.csv rows=12000000 directed_edges=24000000 elapsed_s=28.3
[snb-full][edge] progress file=/data/WorkSpace/ldbc-sf30/social_network/dynamic/comment_0_0.csv rows=13000000 directed_edges=26000000 elapsed_s=31.0
[snb-full][edge] progress file=/data/WorkSpace/ldbc-sf30/social_network/dynamic/comment_0_0.csv rows=14000000 directed_edges=28000000 elapsed_s=33.2
[snb-full][edge] progress file=/data/WorkSpace/ldbc-sf30/social_network/dynamic/comment_0_0.csv rows=15000000 directed_edges=30000000 elapsed_s=35.7
[snb-full][edge] progress file=/data/WorkSpace/ldbc-sf30/social_network/dynamic/comment_0_0.csv rows=16000000 directed_edges=32000000 elapsed_s=38.0
[snb-full][edge] progress file=/data/WorkSpace/ldbc-sf30/social_network/dynamic/comment_0_0.csv rows=17000000 directed_edges=34000000 elapsed_s=40.3
[snb-full][edge] progress file=/data/WorkSpace/ldbc-sf30/social_network/dynamic/comment_0_0.csv rows=18000000 directed_edges=36000000 elapsed_s=42.8
[snb-full][edge] progress file=/data/WorkSpace/ldbc-sf30/social_network/dynamic/comment_0_0.csv rows=19000000 directed_edges=38000000 elapsed_s=45.0
[snb-full][edge] progress file=/data/WorkSpace/ldbc-sf30/social_network/dynamic/comment_0_0.csv rows=20000000 directed_edges=40000000 elapsed_s=47.3
[snb-full][edge] progress file=/data/WorkSpace/ldbc-sf30/social_network/dynamic/comment_0_0.csv rows=21000000 directed_edges=42000000 elapsed_s=49.2
[snb-full][edge] progress file=/data/WorkSpace/ldbc-sf30/social_network/dynamic/comment_0_0.csv rows=22000000 directed_edges=44000000 elapsed_s=51.1
[snb-full][edge] progress file=/data/WorkSpace/ldbc-sf30/social_network/dynamic/comment_0_0.csv rows=23000000 directed_edges=46000000 elapsed_s=53.0
[snb-full][edge] progress file=/data/WorkSpace/ldbc-sf30/social_network/dynamic/comment_0_0.csv rows=24000000 directed_edges=48000000 elapsed_s=54.9
[snb-full][edge] progress file=/data/WorkSpace/ldbc-sf30/social_network/dynamic/comment_0_0.csv rows=25000000 directed_edges=50000000 elapsed_s=56.9
[snb-full][edge] progress file=/data/WorkSpace/ldbc-sf30/social_network/dynamic/comment_0_0.csv rows=26000000 directed_edges=52000000 elapsed_s=59.0
[snb-full][edge] progress file=/data/WorkSpace/ldbc-sf30/social_network/dynamic/comment_0_0.csv rows=27000000 directed_edges=54000000 elapsed_s=61.0
[snb-full][edge] progress file=/data/WorkSpace/ldbc-sf30/social_network/dynamic/comment_0_0.csv rows=28000000 directed_edges=56000000 elapsed_s=63.9
[snb-full][edge] progress file=/data/WorkSpace/ldbc-sf30/social_network/dynamic/comment_0_0.csv rows=29000000 directed_edges=58000000 elapsed_s=66.7
[snb-full][edge] progress file=/data/WorkSpace/ldbc-sf30/social_network/dynamic/comment_0_0.csv rows=30000000 directed_edges=60000000 elapsed_s=69.9
[snb-full][edge] progress file=/data/WorkSpace/ldbc-sf30/social_network/dynamic/comment_0_0.csv rows=31000000 directed_edges=62000000 elapsed_s=73.7
[snb-full][edge] progress file=/data/WorkSpace/ldbc-sf30/social_network/dynamic/comment_0_0.csv rows=32000000 directed_edges=64000000 elapsed_s=77.6
[snb-full][edge] progress file=/data/WorkSpace/ldbc-sf30/social_network/dynamic/comment_0_0.csv rows=33000000 directed_edges=66000000 elapsed_s=83.2
[snb-full][edge] progress file=/data/WorkSpace/ldbc-sf30/social_network/dynamic/comment_0_0.csv rows=34000000 directed_edges=68000000 elapsed_s=85.2
[snb-full][edge] progress file=/data/WorkSpace/ldbc-sf30/social_network/dynamic/comment_0_0.csv rows=35000000 directed_edges=70000000 elapsed_s=87.3
[snb-full][edge] progress file=/data/WorkSpace/ldbc-sf30/social_network/dynamic/comment_0_0.csv rows=36000000 directed_edges=72000000 elapsed_s=94.0
[snb-full][edge] progress file=/data/WorkSpace/ldbc-sf30/social_network/dynamic/comment_0_0.csv rows=37000000 directed_edges=74000000 elapsed_s=95.9
[snb-full][edge] progress file=/data/WorkSpace/ldbc-sf30/social_network/dynamic/comment_0_0.csv rows=38000000 directed_edges=76000000 elapsed_s=98.0
[snb-full][edge] progress file=/data/WorkSpace/ldbc-sf30/social_network/dynamic/comment_0_0.csv rows=39000000 directed_edges=78000000 elapsed_s=104.2
[snb-full][edge] progress file=/data/WorkSpace/ldbc-sf30/social_network/dynamic/comment_0_0.csv rows=40000000 directed_edges=80000000 elapsed_s=106.0
[snb-full][edge] progress file=/data/WorkSpace/ldbc-sf30/social_network/dynamic/comment_0_0.csv rows=41000000 directed_edges=82000000 elapsed_s=107.9
[snb-full][edge] progress file=/data/WorkSpace/ldbc-sf30/social_network/dynamic/comment_0_0.csv rows=42000000 directed_edges=84000000 elapsed_s=112.3
[snb-full][edge] progress file=/data/WorkSpace/ldbc-sf30/social_network/dynamic/comment_0_0.csv rows=43000000 directed_edges=86000000 elapsed_s=114.8
[snb-full][edge] progress file=/data/WorkSpace/ldbc-sf30/social_network/dynamic/comment_0_0.csv rows=44000000 directed_edges=88000000 elapsed_s=116.7
[snb-full][edge] progress file=/data/WorkSpace/ldbc-sf30/social_network/dynamic/comment_0_0.csv rows=45000000 directed_edges=90000000 elapsed_s=119.8
[snb-full][edge] progress file=/data/WorkSpace/ldbc-sf30/social_network/dynamic/comment_0_0.csv rows=46000000 directed_edges=92000000 elapsed_s=122.5
[snb-full][edge] progress file=/data/WorkSpace/ldbc-sf30/social_network/dynamic/comment_0_0.csv rows=47000000 directed_edges=94000000 elapsed_s=125.2
[snb-full][edge] progress file=/data/WorkSpace/ldbc-sf30/social_network/dynamic/comment_0_0.csv rows=48000000 directed_edges=96000000 elapsed_s=128.0
[snb-full][edge] progress file=/data/WorkSpace/ldbc-sf30/social_network/dynamic/comment_0_0.csv rows=49000000 directed_edges=98000000 elapsed_s=130.5
[snb-full][edge] progress file=/data/WorkSpace/ldbc-sf30/social_network/dynamic/comment_0_0.csv rows=50000000 directed_edges=100000000 elapsed_s=133.0
[snb-full][edge] progress file=/data/WorkSpace/ldbc-sf30/social_network/dynamic/comment_0_0.csv rows=51000000 directed_edges=102000000 elapsed_s=135.7
[snb-full][edge] progress file=/data/WorkSpace/ldbc-sf30/social_network/dynamic/comment_0_0.csv rows=52000000 directed_edges=104000000 elapsed_s=138.2
[snb-full][edge] progress file=/data/WorkSpace/ldbc-sf30/social_network/dynamic/comment_0_0.csv rows=53000000 directed_edges=106000000 elapsed_s=140.6
[snb-full][edge] progress file=/data/WorkSpace/ldbc-sf30/social_network/dynamic/comment_0_0.csv rows=54000000 directed_edges=108000000 elapsed_s=143.2
[snb-full][edge] progress file=/data/WorkSpace/ldbc-sf30/social_network/dynamic/comment_0_0.csv rows=55000000 directed_edges=110000000 elapsed_s=145.4
[snb-full][edge] progress file=/data/WorkSpace/ldbc-sf30/social_network/dynamic/comment_0_0.csv rows=56000000 directed_edges=112000000 elapsed_s=147.9
[snb-full][edge] progress file=/data/WorkSpace/ldbc-sf30/social_network/dynamic/comment_0_0.csv rows=57000000 directed_edges=114000000 elapsed_s=150.4
[snb-full][edge] progress file=/data/WorkSpace/ldbc-sf30/social_network/dynamic/comment_0_0.csv rows=58000000 directed_edges=116000000 elapsed_s=153.6
[snb-full][edge] progress file=/data/WorkSpace/ldbc-sf30/social_network/dynamic/comment_0_0.csv rows=59000000 directed_edges=118000000 elapsed_s=156.1
[snb-full][edge] progress file=/data/WorkSpace/ldbc-sf30/social_network/dynamic/comment_0_0.csv rows=60000000 directed_edges=120000000 elapsed_s=158.0
[snb-full][edge] progress file=/data/WorkSpace/ldbc-sf30/social_network/dynamic/comment_0_0.csv rows=61000000 directed_edges=122000000 elapsed_s=161.5
[snb-full][edge] progress file=/data/WorkSpace/ldbc-sf30/social_network/dynamic/comment_0_0.csv rows=62000000 directed_edges=124000000 elapsed_s=163.5
[snb-full][edge] progress file=/data/WorkSpace/ldbc-sf30/social_network/dynamic/comment_0_0.csv rows=63000000 directed_edges=126000000 elapsed_s=165.5
[snb-full][edge] progress file=/data/WorkSpace/ldbc-sf30/social_network/dynamic/comment_0_0.csv rows=64000000 directed_edges=128000000 elapsed_s=168.1
[snb-full][edge] progress file=/data/WorkSpace/ldbc-sf30/social_network/dynamic/comment_0_0.csv rows=65000000 directed_edges=130000000 elapsed_s=170.5
[snb-full][edge] progress file=/data/WorkSpace/ldbc-sf30/social_network/dynamic/comment_0_0.csv rows=66000000 directed_edges=132000000 elapsed_s=172.9
[snb-full][edge] progress file=/data/WorkSpace/ldbc-sf30/social_network/dynamic/comment_0_0.csv rows=67000000 directed_edges=134000000 elapsed_s=175.8
[snb-full][edge] done file=/data/WorkSpace/ldbc-sf30/social_network/dynamic/comment_0_0.csv rows=67126524 directed_edges=134253048 elapsed_s=176.4
[snb-full][edge] start file=/data/WorkSpace/ldbc-sf30/social_network/dynamic/comment_0_0.csv edge=IsLocatedIn src=Comment dst=Place
[snb-full][edge] progress file=/data/WorkSpace/ldbc-sf30/social_network/dynamic/comment_0_0.csv rows=1000000 directed_edges=2000000 elapsed_s=2.1
[snb-full][edge] progress file=/data/WorkSpace/ldbc-sf30/social_network/dynamic/comment_0_0.csv rows=2000000 directed_edges=4000000 elapsed_s=4.5
[snb-full][edge] progress file=/data/WorkSpace/ldbc-sf30/social_network/dynamic/comment_0_0.csv rows=3000000 directed_edges=6000000 elapsed_s=6.8
[snb-full][edge] progress file=/data/WorkSpace/ldbc-sf30/social_network/dynamic/comment_0_0.csv rows=4000000 directed_edges=8000000 elapsed_s=9.7
[snb-full][edge] progress file=/data/WorkSpace/ldbc-sf30/social_network/dynamic/comment_0_0.csv rows=5000000 directed_edges=10000000 elapsed_s=13.1
[snb-full][edge] progress file=/data/WorkSpace/ldbc-sf30/social_network/dynamic/comment_0_0.csv rows=6000000 directed_edges=12000000 elapsed_s=15.0
[snb-full][edge] progress file=/data/WorkSpace/ldbc-sf30/social_network/dynamic/comment_0_0.csv rows=7000000 directed_edges=14000000 elapsed_s=17.4
[snb-full][edge] progress file=/data/WorkSpace/ldbc-sf30/social_network/dynamic/comment_0_0.csv rows=8000000 directed_edges=16000000 elapsed_s=19.8
[snb-full][edge] progress file=/data/WorkSpace/ldbc-sf30/social_network/dynamic/comment_0_0.csv rows=9000000 directed_edges=18000000 elapsed_s=21.9
[snb-full][edge] progress file=/data/WorkSpace/ldbc-sf30/social_network/dynamic/comment_0_0.csv rows=10000000 directed_edges=20000000 elapsed_s=24.2
[snb-full][edge] progress file=/data/WorkSpace/ldbc-sf30/social_network/dynamic/comment_0_0.csv rows=11000000 directed_edges=22000000 elapsed_s=26.7
[snb-full][edge] progress file=/data/WorkSpace/ldbc-sf30/social_network/dynamic/comment_0_0.csv rows=12000000 directed_edges=24000000 elapsed_s=29.0
[snb-full][edge] progress file=/data/WorkSpace/ldbc-sf30/social_network/dynamic/comment_0_0.csv rows=13000000 directed_edges=26000000 elapsed_s=31.3
[snb-full][edge] progress file=/data/WorkSpace/ldbc-sf30/social_network/dynamic/comment_0_0.csv rows=14000000 directed_edges=28000000 elapsed_s=33.5
[snb-full][edge] progress file=/data/WorkSpace/ldbc-sf30/social_network/dynamic/comment_0_0.csv rows=15000000 directed_edges=30000000 elapsed_s=36.4
[snb-full][edge] progress file=/data/WorkSpace/ldbc-sf30/social_network/dynamic/comment_0_0.csv rows=16000000 directed_edges=32000000 elapsed_s=38.6
[snb-full][edge] progress file=/data/WorkSpace/ldbc-sf30/social_network/dynamic/comment_0_0.csv rows=17000000 directed_edges=34000000 elapsed_s=40.6
[snb-full][edge] progress file=/data/WorkSpace/ldbc-sf30/social_network/dynamic/comment_0_0.csv rows=18000000 directed_edges=36000000 elapsed_s=43.7
[snb-full][edge] progress file=/data/WorkSpace/ldbc-sf30/social_network/dynamic/comment_0_0.csv rows=19000000 directed_edges=38000000 elapsed_s=46.5
[snb-full][edge] progress file=/data/WorkSpace/ldbc-sf30/social_network/dynamic/comment_0_0.csv rows=20000000 directed_edges=40000000 elapsed_s=48.3
[snb-full][edge] progress file=/data/WorkSpace/ldbc-sf30/social_network/dynamic/comment_0_0.csv rows=21000000 directed_edges=42000000 elapsed_s=50.7
[snb-full][edge] progress file=/data/WorkSpace/ldbc-sf30/social_network/dynamic/comment_0_0.csv rows=22000000 directed_edges=44000000 elapsed_s=52.9
[snb-full][edge] progress file=/data/WorkSpace/ldbc-sf30/social_network/dynamic/comment_0_0.csv rows=23000000 directed_edges=46000000 elapsed_s=55.2
[snb-full][edge] progress file=/data/WorkSpace/ldbc-sf30/social_network/dynamic/comment_0_0.csv rows=24000000 directed_edges=48000000 elapsed_s=57.5
[snb-full][edge] progress file=/data/WorkSpace/ldbc-sf30/social_network/dynamic/comment_0_0.csv rows=25000000 directed_edges=50000000 elapsed_s=59.6
[snb-full][edge] progress file=/data/WorkSpace/ldbc-sf30/social_network/dynamic/comment_0_0.csv rows=26000000 directed_edges=52000000 elapsed_s=62.3
[snb-full][edge] progress file=/data/WorkSpace/ldbc-sf30/social_network/dynamic/comment_0_0.csv rows=27000000 directed_edges=54000000 elapsed_s=64.9
[snb-full][edge] progress file=/data/WorkSpace/ldbc-sf30/social_network/dynamic/comment_0_0.csv rows=28000000 directed_edges=56000000 elapsed_s=67.3
[snb-full][edge] progress file=/data/WorkSpace/ldbc-sf30/social_network/dynamic/comment_0_0.csv rows=29000000 directed_edges=58000000 elapsed_s=70.0
[snb-full][edge] progress file=/data/WorkSpace/ldbc-sf30/social_network/dynamic/comment_0_0.csv rows=30000000 directed_edges=60000000 elapsed_s=72.3
[snb-full][edge] progress file=/data/WorkSpace/ldbc-sf30/social_network/dynamic/comment_0_0.csv rows=31000000 directed_edges=62000000 elapsed_s=74.9
[snb-full][edge] progress file=/data/WorkSpace/ldbc-sf30/social_network/dynamic/comment_0_0.csv rows=32000000 directed_edges=64000000 elapsed_s=77.1
[snb-full][edge] progress file=/data/WorkSpace/ldbc-sf30/social_network/dynamic/comment_0_0.csv rows=33000000 directed_edges=66000000 elapsed_s=79.5
[snb-full][edge] progress file=/data/WorkSpace/ldbc-sf30/social_network/dynamic/comment_0_0.csv rows=34000000 directed_edges=68000000 elapsed_s=81.7
[snb-full][edge] progress file=/data/WorkSpace/ldbc-sf30/social_network/dynamic/comment_0_0.csv rows=35000000 directed_edges=70000000 elapsed_s=84.0
[snb-full][edge] progress file=/data/WorkSpace/ldbc-sf30/social_network/dynamic/comment_0_0.csv rows=36000000 directed_edges=72000000 elapsed_s=86.0
[snb-full][edge] progress file=/data/WorkSpace/ldbc-sf30/social_network/dynamic/comment_0_0.csv rows=37000000 directed_edges=74000000 elapsed_s=88.3
[snb-full][edge] progress file=/data/WorkSpace/ldbc-sf30/social_network/dynamic/comment_0_0.csv rows=38000000 directed_edges=76000000 elapsed_s=91.0
[snb-full][edge] progress file=/data/WorkSpace/ldbc-sf30/social_network/dynamic/comment_0_0.csv rows=39000000 directed_edges=78000000 elapsed_s=93.1
[snb-full][edge] progress file=/data/WorkSpace/ldbc-sf30/social_network/dynamic/comment_0_0.csv rows=40000000 directed_edges=80000000 elapsed_s=95.9
[snb-full][edge] progress file=/data/WorkSpace/ldbc-sf30/social_network/dynamic/comment_0_0.csv rows=41000000 directed_edges=82000000 elapsed_s=98.0
[snb-full][edge] progress file=/data/WorkSpace/ldbc-sf30/social_network/dynamic/comment_0_0.csv rows=42000000 directed_edges=84000000 elapsed_s=101.1
[snb-full][edge] progress file=/data/WorkSpace/ldbc-sf30/social_network/dynamic/comment_0_0.csv rows=43000000 directed_edges=86000000 elapsed_s=103.4
[snb-full][edge] progress file=/data/WorkSpace/ldbc-sf30/social_network/dynamic/comment_0_0.csv rows=44000000 directed_edges=88000000 elapsed_s=105.2
[snb-full][edge] progress file=/data/WorkSpace/ldbc-sf30/social_network/dynamic/comment_0_0.csv rows=45000000 directed_edges=90000000 elapsed_s=107.6
[snb-full][edge] progress file=/data/WorkSpace/ldbc-sf30/social_network/dynamic/comment_0_0.csv rows=46000000 directed_edges=92000000 elapsed_s=109.9
[snb-full][edge] progress file=/data/WorkSpace/ldbc-sf30/social_network/dynamic/comment_0_0.csv rows=47000000 directed_edges=94000000 elapsed_s=112.1
[snb-full][edge] progress file=/data/WorkSpace/ldbc-sf30/social_network/dynamic/comment_0_0.csv rows=48000000 directed_edges=96000000 elapsed_s=114.4
[snb-full][edge] progress file=/data/WorkSpace/ldbc-sf30/social_network/dynamic/comment_0_0.csv rows=49000000 directed_edges=98000000 elapsed_s=116.7
[snb-full][edge] progress file=/data/WorkSpace/ldbc-sf30/social_network/dynamic/comment_0_0.csv rows=50000000 directed_edges=100000000 elapsed_s=119.1
[snb-full][edge] progress file=/data/WorkSpace/ldbc-sf30/social_network/dynamic/comment_0_0.csv rows=51000000 directed_edges=102000000 elapsed_s=121.8
[snb-full][edge] progress file=/data/WorkSpace/ldbc-sf30/social_network/dynamic/comment_0_0.csv rows=52000000 directed_edges=104000000 elapsed_s=124.2
[snb-full][edge] progress file=/data/WorkSpace/ldbc-sf30/social_network/dynamic/comment_0_0.csv rows=53000000 directed_edges=106000000 elapsed_s=126.9
[snb-full][edge] progress file=/data/WorkSpace/ldbc-sf30/social_network/dynamic/comment_0_0.csv rows=54000000 directed_edges=108000000 elapsed_s=129.3
[snb-full][edge] progress file=/data/WorkSpace/ldbc-sf30/social_network/dynamic/comment_0_0.csv rows=55000000 directed_edges=110000000 elapsed_s=131.6
[snb-full][edge] progress file=/data/WorkSpace/ldbc-sf30/social_network/dynamic/comment_0_0.csv rows=56000000 directed_edges=112000000 elapsed_s=133.9
[snb-full][edge] progress file=/data/WorkSpace/ldbc-sf30/social_network/dynamic/comment_0_0.csv rows=57000000 directed_edges=114000000 elapsed_s=136.0
[snb-full][edge] progress file=/data/WorkSpace/ldbc-sf30/social_network/dynamic/comment_0_0.csv rows=58000000 directed_edges=116000000 elapsed_s=139.0
[snb-full][edge] progress file=/data/WorkSpace/ldbc-sf30/social_network/dynamic/comment_0_0.csv rows=59000000 directed_edges=118000000 elapsed_s=141.4
[snb-full][edge] progress file=/data/WorkSpace/ldbc-sf30/social_network/dynamic/comment_0_0.csv rows=60000000 directed_edges=120000000 elapsed_s=144.1
[snb-full][edge] progress file=/data/WorkSpace/ldbc-sf30/social_network/dynamic/comment_0_0.csv rows=61000000 directed_edges=122000000 elapsed_s=146.1
[snb-full][edge] progress file=/data/WorkSpace/ldbc-sf30/social_network/dynamic/comment_0_0.csv rows=62000000 directed_edges=124000000 elapsed_s=148.2
[snb-full][edge] progress file=/data/WorkSpace/ldbc-sf30/social_network/dynamic/comment_0_0.csv rows=63000000 directed_edges=126000000 elapsed_s=151.3
[snb-full][edge] progress file=/data/WorkSpace/ldbc-sf30/social_network/dynamic/comment_0_0.csv rows=64000000 directed_edges=128000000 elapsed_s=153.5
[snb-full][edge] progress file=/data/WorkSpace/ldbc-sf30/social_network/dynamic/comment_0_0.csv rows=65000000 directed_edges=130000000 elapsed_s=155.4
[snb-full][edge] progress file=/data/WorkSpace/ldbc-sf30/social_network/dynamic/comment_0_0.csv rows=66000000 directed_edges=132000000 elapsed_s=158.1
[snb-full][edge] progress file=/data/WorkSpace/ldbc-sf30/social_network/dynamic/comment_0_0.csv rows=67000000 directed_edges=134000000 elapsed_s=160.9
[snb-full][edge] done file=/data/WorkSpace/ldbc-sf30/social_network/dynamic/comment_0_0.csv rows=67126524 directed_edges=134253048 elapsed_s=161.1
[snb-full][edge] start file=/data/WorkSpace/ldbc-sf30/social_network/dynamic/comment_0_0.csv edge=ReplyOfPost src=Comment dst=Post
[snb-full][edge] progress file=/data/WorkSpace/ldbc-sf30/social_network/dynamic/comment_0_0.csv rows=2000000 directed_edges=1970090 elapsed_s=2.3
[snb-full][edge] progress file=/data/WorkSpace/ldbc-sf30/social_network/dynamic/comment_0_0.csv rows=3000000 directed_edges=2953794 elapsed_s=4.3
[snb-full][edge] progress file=/data/WorkSpace/ldbc-sf30/social_network/dynamic/comment_0_0.csv rows=7000000 directed_edges=6892384 elapsed_s=9.0
[snb-full][edge] progress file=/data/WorkSpace/ldbc-sf30/social_network/dynamic/comment_0_0.csv rows=15000000 directed_edges=14774786 elapsed_s=17.7
[snb-full][edge] progress file=/data/WorkSpace/ldbc-sf30/social_network/dynamic/comment_0_0.csv rows=17000000 directed_edges=16745500 elapsed_s=20.0
[snb-full][edge] progress file=/data/WorkSpace/ldbc-sf30/social_network/dynamic/comment_0_0.csv rows=18000000 directed_edges=17732230 elapsed_s=21.1
[snb-full][edge] progress file=/data/WorkSpace/ldbc-sf30/social_network/dynamic/comment_0_0.csv rows=22000000 directed_edges=21673602 elapsed_s=25.6
[snb-full][edge] progress file=/data/WorkSpace/ldbc-sf30/social_network/dynamic/comment_0_0.csv rows=25000000 directed_edges=24632018 elapsed_s=28.9
[snb-full][edge] progress file=/data/WorkSpace/ldbc-sf30/social_network/dynamic/comment_0_0.csv rows=26000000 directed_edges=25617288 elapsed_s=30.0
[snb-full][edge] progress file=/data/WorkSpace/ldbc-sf30/social_network/dynamic/comment_0_0.csv rows=27000000 directed_edges=26600092 elapsed_s=31.0
[snb-full][edge] progress file=/data/WorkSpace/ldbc-sf30/social_network/dynamic/comment_0_0.csv rows=29000000 directed_edges=28570404 elapsed_s=33.2
[snb-full][edge] progress file=/data/WorkSpace/ldbc-sf30/social_network/dynamic/comment_0_0.csv rows=30000000 directed_edges=29556650 elapsed_s=34.4
[snb-full][edge] progress file=/data/WorkSpace/ldbc-sf30/social_network/dynamic/comment_0_0.csv rows=31000000 directed_edges=30541330 elapsed_s=35.5
[snb-full][edge] progress file=/data/WorkSpace/ldbc-sf30/social_network/dynamic/comment_0_0.csv rows=35000000 directed_edges=34481520 elapsed_s=41.5
[snb-full][edge] progress file=/data/WorkSpace/ldbc-sf30/social_network/dynamic/comment_0_0.csv rows=36000000 directed_edges=35465416 elapsed_s=42.7
[snb-full][edge] progress file=/data/WorkSpace/ldbc-sf30/social_network/dynamic/comment_0_0.csv rows=37000000 directed_edges=36451092 elapsed_s=44.1
[snb-full][edge] progress file=/data/WorkSpace/ldbc-sf30/social_network/dynamic/comment_0_0.csv rows=41000000 directed_edges=40394872 elapsed_s=50.3
[snb-full][edge] progress file=/data/WorkSpace/ldbc-sf30/social_network/dynamic/comment_0_0.csv rows=42000000 directed_edges=41379110 elapsed_s=51.4
[snb-full][edge] progress file=/data/WorkSpace/ldbc-sf30/social_network/dynamic/comment_0_0.csv rows=43000000 directed_edges=42364830 elapsed_s=53.2
[snb-full][edge] progress file=/data/WorkSpace/ldbc-sf30/social_network/dynamic/comment_0_0.csv rows=44000000 directed_edges=43351124 elapsed_s=54.7
[snb-full][edge] progress file=/data/WorkSpace/ldbc-sf30/social_network/dynamic/comment_0_0.csv rows=45000000 directed_edges=44337278 elapsed_s=56.3
[snb-full][edge] progress file=/data/WorkSpace/ldbc-sf30/social_network/dynamic/comment_0_0.csv rows=48000000 directed_edges=47295448 elapsed_s=63.5
[snb-full][edge] progress file=/data/WorkSpace/ldbc-sf30/social_network/dynamic/comment_0_0.csv rows=50000000 directed_edges=49266922 elapsed_s=66.8
[snb-full][edge] progress file=/data/WorkSpace/ldbc-sf30/social_network/dynamic/comment_0_0.csv rows=51000000 directed_edges=50251210 elapsed_s=69.5
[snb-full][edge] progress file=/data/WorkSpace/ldbc-sf30/social_network/dynamic/comment_0_0.csv rows=52000000 directed_edges=51233496 elapsed_s=70.7
[snb-full][edge] progress file=/data/WorkSpace/ldbc-sf30/social_network/dynamic/comment_0_0.csv rows=55000000 directed_edges=54192092 elapsed_s=76.8
[snb-full][edge] progress file=/data/WorkSpace/ldbc-sf30/social_network/dynamic/comment_0_0.csv rows=60000000 directed_edges=59118634 elapsed_s=84.1
[snb-full][edge] progress file=/data/WorkSpace/ldbc-sf30/social_network/dynamic/comment_0_0.csv rows=63000000 directed_edges=62079396 elapsed_s=87.8
[snb-full][edge] progress file=/data/WorkSpace/ldbc-sf30/social_network/dynamic/comment_0_0.csv rows=66000000 directed_edges=65037274 elapsed_s=91.4
[snb-full][edge] done file=/data/WorkSpace/ldbc-sf30/social_network/dynamic/comment_0_0.csv rows=67126524 directed_edges=66147218 elapsed_s=92.9
[snb-full][edge] start file=/data/WorkSpace/ldbc-sf30/social_network/dynamic/comment_0_0.csv edge=ReplyOfComment src=Comment dst=Comment
[snb-full][edge] progress file=/data/WorkSpace/ldbc-sf30/social_network/dynamic/comment_0_0.csv rows=1000000 directed_edges=1013770 elapsed_s=1.0
[snb-full][edge] progress file=/data/WorkSpace/ldbc-sf30/social_network/dynamic/comment_0_0.csv rows=4000000 directed_edges=4063022 elapsed_s=5.0
[snb-full][edge] progress file=/data/WorkSpace/ldbc-sf30/social_network/dynamic/comment_0_0.csv rows=5000000 directed_edges=5076316 elapsed_s=6.0
[snb-full][edge] progress file=/data/WorkSpace/ldbc-sf30/social_network/dynamic/comment_0_0.csv rows=6000000 directed_edges=6091636 elapsed_s=7.1
[snb-full][edge] progress file=/data/WorkSpace/ldbc-sf30/social_network/dynamic/comment_0_0.csv rows=8000000 directed_edges=8121200 elapsed_s=9.5
[snb-full][edge] progress file=/data/WorkSpace/ldbc-sf30/social_network/dynamic/comment_0_0.csv rows=9000000 directed_edges=9137780 elapsed_s=10.7
[snb-full][edge] progress file=/data/WorkSpace/ldbc-sf30/social_network/dynamic/comment_0_0.csv rows=10000000 directed_edges=10149604 elapsed_s=11.9
[snb-full][edge] progress file=/data/WorkSpace/ldbc-sf30/social_network/dynamic/comment_0_0.csv rows=11000000 directed_edges=11164466 elapsed_s=13.1
[snb-full][edge] progress file=/data/WorkSpace/ldbc-sf30/social_network/dynamic/comment_0_0.csv rows=12000000 directed_edges=12179736 elapsed_s=14.2
[snb-full][edge] progress file=/data/WorkSpace/ldbc-sf30/social_network/dynamic/comment_0_0.csv rows=13000000 directed_edges=13195174 elapsed_s=15.5
[snb-full][edge] progress file=/data/WorkSpace/ldbc-sf30/social_network/dynamic/comment_0_0.csv rows=14000000 directed_edges=14209252 elapsed_s=16.6
[snb-full][edge] progress file=/data/WorkSpace/ldbc-sf30/social_network/dynamic/comment_0_0.csv rows=16000000 directed_edges=16239914 elapsed_s=18.9
[snb-full][edge] progress file=/data/WorkSpace/ldbc-sf30/social_network/dynamic/comment_0_0.csv rows=19000000 directed_edges=19280546 elapsed_s=22.6
[snb-full][edge] progress file=/data/WorkSpace/ldbc-sf30/social_network/dynamic/comment_0_0.csv rows=20000000 directed_edges=20295236 elapsed_s=23.7
[snb-full][edge] progress file=/data/WorkSpace/ldbc-sf30/social_network/dynamic/comment_0_0.csv rows=21000000 directed_edges=21309520 elapsed_s=25.3
[snb-full][edge] progress file=/data/WorkSpace/ldbc-sf30/social_network/dynamic/comment_0_0.csv rows=23000000 directed_edges=23338838 elapsed_s=28.1
[snb-full][edge] progress file=/data/WorkSpace/ldbc-sf30/social_network/dynamic/comment_0_0.csv rows=24000000 directed_edges=24353538 elapsed_s=29.2
[snb-full][edge] progress file=/data/WorkSpace/ldbc-sf30/social_network/dynamic/comment_0_0.csv rows=28000000 directed_edges=28413118 elapsed_s=33.9
[snb-full][edge] progress file=/data/WorkSpace/ldbc-sf30/social_network/dynamic/comment_0_0.csv rows=32000000 directed_edges=32476378 elapsed_s=38.9
[snb-full][edge] progress file=/data/WorkSpace/ldbc-sf30/social_network/dynamic/comment_0_0.csv rows=33000000 directed_edges=33488312 elapsed_s=40.0
[snb-full][edge] progress file=/data/WorkSpace/ldbc-sf30/social_network/dynamic/comment_0_0.csv rows=34000000 directed_edges=34503178 elapsed_s=41.3
[snb-full][edge] progress file=/data/WorkSpace/ldbc-sf30/social_network/dynamic/comment_0_0.csv rows=38000000 directed_edges=38562896 elapsed_s=46.6
[snb-full][edge] progress file=/data/WorkSpace/ldbc-sf30/social_network/dynamic/comment_0_0.csv rows=39000000 directed_edges=39577094 elapsed_s=47.8
[snb-full][edge] progress file=/data/WorkSpace/ldbc-sf30/social_network/dynamic/comment_0_0.csv rows=40000000 directed_edges=40590432 elapsed_s=49.0
[snb-full][edge] progress file=/data/WorkSpace/ldbc-sf30/social_network/dynamic/comment_0_0.csv rows=46000000 directed_edges=46677944 elapsed_s=56.3
[snb-full][edge] progress file=/data/WorkSpace/ldbc-sf30/social_network/dynamic/comment_0_0.csv rows=47000000 directed_edges=47691660 elapsed_s=57.7
[snb-full][edge] progress file=/data/WorkSpace/ldbc-sf30/social_network/dynamic/comment_0_0.csv rows=49000000 directed_edges=49719228 elapsed_s=60.2
[snb-full][edge] progress file=/data/WorkSpace/ldbc-sf30/social_network/dynamic/comment_0_0.csv rows=53000000 directed_edges=53780556 elapsed_s=65.4
[snb-full][edge] progress file=/data/WorkSpace/ldbc-sf30/social_network/dynamic/comment_0_0.csv rows=54000000 directed_edges=54793704 elapsed_s=66.4
[snb-full][edge] progress file=/data/WorkSpace/ldbc-sf30/social_network/dynamic/comment_0_0.csv rows=56000000 directed_edges=56821038 elapsed_s=69.0
[snb-full][edge] progress file=/data/WorkSpace/ldbc-sf30/social_network/dynamic/comment_0_0.csv rows=57000000 directed_edges=57837020 elapsed_s=70.4
[snb-full][edge] progress file=/data/WorkSpace/ldbc-sf30/social_network/dynamic/comment_0_0.csv rows=58000000 directed_edges=58853184 elapsed_s=71.6
[snb-full][edge] progress file=/data/WorkSpace/ldbc-sf30/social_network/dynamic/comment_0_0.csv rows=59000000 directed_edges=59867356 elapsed_s=72.8
[snb-full][edge] progress file=/data/WorkSpace/ldbc-sf30/social_network/dynamic/comment_0_0.csv rows=61000000 directed_edges=61894750 elapsed_s=75.2
[snb-full][edge] progress file=/data/WorkSpace/ldbc-sf30/social_network/dynamic/comment_0_0.csv rows=62000000 directed_edges=62907294 elapsed_s=76.3
[snb-full][edge] progress file=/data/WorkSpace/ldbc-sf30/social_network/dynamic/comment_0_0.csv rows=64000000 directed_edges=64932496 elapsed_s=78.7
[snb-full][edge] progress file=/data/WorkSpace/ldbc-sf30/social_network/dynamic/comment_0_0.csv rows=65000000 directed_edges=65946566 elapsed_s=79.8
[snb-full][edge] progress file=/data/WorkSpace/ldbc-sf30/social_network/dynamic/comment_0_0.csv rows=67000000 directed_edges=67976736 elapsed_s=82.3
[snb-full][edge] done file=/data/WorkSpace/ldbc-sf30/social_network/dynamic/comment_0_0.csv rows=67126524 directed_edges=68105830 elapsed_s=82.4
[snb-full][edge] start file=/data/WorkSpace/ldbc-sf30/social_network/static/organisation_0_0.csv edge=IsLocatedIn src=Organisation dst=Place
[snb-full][edge] done file=/data/WorkSpace/ldbc-sf30/social_network/static/organisation_0_0.csv rows=7955 directed_edges=15910 elapsed_s=0.0
[snb-full][edge] start file=/data/WorkSpace/ldbc-sf30/social_network/static/place_0_0.csv edge=IsPartOf src=Place dst=Place
[snb-full][edge] done file=/data/WorkSpace/ldbc-sf30/social_network/static/place_0_0.csv rows=1460 directed_edges=2908 elapsed_s=0.0
[snb-full][edge] start file=/data/WorkSpace/ldbc-sf30/social_network/static/tag_0_0.csv edge=HasType src=Tag dst=TagClass
[snb-full][edge] done file=/data/WorkSpace/ldbc-sf30/social_network/static/tag_0_0.csv rows=16080 directed_edges=32160 elapsed_s=0.0
[snb-full][edge] start file=/data/WorkSpace/ldbc-sf30/social_network/static/tagclass_0_0.csv edge=IsSubclassOf src=TagClass dst=TagClass
[snb-full][edge] done file=/data/WorkSpace/ldbc-sf30/social_network/static/tagclass_0_0.csv rows=71 directed_edges=140 elapsed_s=0.0
[snb-full] edge import complete input_rows=608041914 directed_edges=1087848423 edge_props=/dev/null elapsed_s=1243.3
[snb-full] flushing active MemGraph to CSR
[snb-full] flush complete elapsed_s=4.5
[snb-full] SKIP adjacency cache (SNB_SKIP_ADJ_CACHE set) directed_edges=1087848423 total_elapsed_s=1247.8
