	Command being timed: "python3 baseline/convert_livegraph_edges.py --input /data/WorkSpace/lsmgraph-rs/baseline/external-baselines-20260624/livegraph/sf10-typed-neighbor/edges-raw.tsv --output /data/WorkSpace/lsmgraph-rs/baseline/external-baselines-20260624/livegraph/sf10-typed-neighbor/edges-dense.txt --summary /data/WorkSpace/lsmgraph-rs/baseline/external-baselines-20260624/livegraph/sf10-typed-neighbor/convert-summary.json"
	User time (seconds): 1167.07
	System time (seconds): 22.19
	Percent of CPU this job got: 99%
	Elapsed (wall clock) time (h:mm:ss or m:ss): 19:49.40
	Average shared text size (kbytes): 0
	Average unshared data size (kbytes): 0
	Average stack size (kbytes): 0
	Average total size (kbytes): 0
	Maximum resident set size (kbytes): 3397636
	Average resident set size (kbytes): 0
	Major (requiring I/O) page faults: 0
	Minor (reclaiming a frame) page faults: 1140761
	Voluntary context switches: 40
	Involuntary context switches: 3008
	Swaps: 0
	File system inputs: 0
	File system outputs: 12966256
	Socket messages sent: 0
	Socket messages received: 0
	Signals delivered: 0
	Page size (bytes): 4096
	Exit status: 0
