[engine] SKIP rebuild_semantic_indexes (SNB_SKIP_SEM_INDEX set)
	Command being timed: "/data/WorkSpace/lsmgraph-rs/target/release/lsmgraph --io-backend blocking scan --data-dir /data/WorkSpace/lsmgraph-rs/store/external-baseline-livegraph-sf10-typed-scan-20260624/schema --dump-edges /data/WorkSpace/lsmgraph-rs/baseline/external-baselines-20260624/livegraph/sf10-typed-neighbor/edges-raw.tsv"
	User time (seconds): 267.06
	System time (seconds): 67.92
	Percent of CPU this job got: 99%
	Elapsed (wall clock) time (h:mm:ss or m:ss): 5:35.09
	Average shared text size (kbytes): 0
	Average unshared data size (kbytes): 0
	Average stack size (kbytes): 0
	Average total size (kbytes): 0
	Maximum resident set size (kbytes): 38137640
	Average resident set size (kbytes): 0
	Major (requiring I/O) page faults: 0
	Minor (reclaiming a frame) page faults: 18425354
	Voluntary context switches: 2658
	Involuntary context switches: 1020
	Swaps: 0
	File system inputs: 0
	File system outputs: 27915104
	Socket messages sent: 0
	Socket messages received: 0
	Signals delivered: 0
	Page size (bytes): 4096
	Exit status: 0
