	Command being timed: "target/release/lsmgraph --io-backend blocking import --input /data/WorkSpace/ldbc-sf30/social_network --data-dir store/e11-sf30-lsmgraph_style-20260608 --relation snb-full --memgraph-bytes 67108864 --l0-layout lsmgraph-style"
	User time (seconds): 2025.99
	System time (seconds): 422.48
	Percent of CPU this job got: 209%
	Elapsed (wall clock) time (h:mm:ss or m:ss): 19:30.55
	Average shared text size (kbytes): 0
	Average unshared data size (kbytes): 0
	Average stack size (kbytes): 0
	Average total size (kbytes): 0
	Maximum resident set size (kbytes): 2435524
	Average resident set size (kbytes): 0
	Major (requiring I/O) page faults: 0
	Minor (reclaiming a frame) page faults: 74207385
	Voluntary context switches: 5869417
	Involuntary context switches: 5197
	Swaps: 0
	File system inputs: 32
	File system outputs: 83636424
	Socket messages sent: 0
	Socket messages received: 0
	Signals delivered: 0
	Page size (bytes): 4096
	Exit status: 0
