	Command being timed: "target/release/lsmgraph --io-backend blocking import --input /data/WorkSpace/ldbc-sf100/social_network --data-dir store/e11-sf100-benefit_scored-20260608 --relation snb-full --memgraph-bytes 67108864 --l0-layout semantic-budgeted"
	User time (seconds): 10213.68
	System time (seconds): 1674.04
	Percent of CPU this job got: 254%
	Elapsed (wall clock) time (h:mm:ss or m:ss): 1:17:58
	Average shared text size (kbytes): 0
	Average unshared data size (kbytes): 0
	Average stack size (kbytes): 0
	Average total size (kbytes): 0
	Maximum resident set size (kbytes): 216896780
	Average resident set size (kbytes): 0
	Major (requiring I/O) page faults: 0
	Minor (reclaiming a frame) page faults: 319949620
	Voluntary context switches: 20993475
	Involuntary context switches: 18837
	Swaps: 0
	File system inputs: 40
	File system outputs: 275952696
	Socket messages sent: 0
	Socket messages received: 0
	Signals delivered: 0
	Page size (bytes): 4096
	Exit status: 0
