[snb-full] SKIP vertex JSONL + edge-prop persistence (SNB_SKIP_ADJ_CACHE set)
[snb-full][edge] start file=/data/WorkSpace/ldbc-sf30/social_network/dynamic/person_knows_person_0_0.csv edge=Knows src=Person dst=Person
[snb-full][edge] progress file=/data/WorkSpace/ldbc-sf30/social_network/dynamic/person_knows_person_0_0.csv rows=1000000 directed_edges=3000000 elapsed_s=3.0
[snb-full][edge] progress file=/data/WorkSpace/ldbc-sf30/social_network/dynamic/person_knows_person_0_0.csv rows=2000000 directed_edges=6000000 elapsed_s=6.5
[snb-full][edge] progress file=/data/WorkSpace/ldbc-sf30/social_network/dynamic/person_knows_person_0_0.csv rows=3000000 directed_edges=9000000 elapsed_s=9.9
[snb-full][edge] progress file=/data/WorkSpace/ldbc-sf30/social_network/dynamic/person_knows_person_0_0.csv rows=4000000 directed_edges=12000000 elapsed_s=13.2
[snb-full][edge] progress file=/data/WorkSpace/ldbc-sf30/social_network/dynamic/person_knows_person_0_0.csv rows=5000000 directed_edges=15000000 elapsed_s=16.8
[snb-full][edge] progress file=/data/WorkSpace/ldbc-sf30/social_network/dynamic/person_knows_person_0_0.csv rows=6000000 directed_edges=18000000 elapsed_s=20.4
[snb-full][edge] done file=/data/WorkSpace/ldbc-sf30/social_network/dynamic/person_knows_person_0_0.csv rows=6017657 directed_edges=18052971 elapsed_s=20.4
[snb-full][edge] start file=/data/WorkSpace/ldbc-sf30/social_network/dynamic/person_likes_comment_0_0.csv edge=LikesComment src=Person dst=Comment
[snb-full][edge] progress file=/data/WorkSpace/ldbc-sf30/social_network/dynamic/person_likes_comment_0_0.csv rows=1000000 directed_edges=2000000 elapsed_s=2.2
[snb-full][edge] progress file=/data/WorkSpace/ldbc-sf30/social_network/dynamic/person_likes_comment_0_0.csv rows=2000000 directed_edges=4000000 elapsed_s=4.4
[snb-full][edge] progress file=/data/WorkSpace/ldbc-sf30/social_network/dynamic/person_likes_comment_0_0.csv rows=3000000 directed_edges=6000000 elapsed_s=6.5
[snb-full][edge] progress file=/data/WorkSpace/ldbc-sf30/social_network/dynamic/person_likes_comment_0_0.csv rows=4000000 directed_edges=8000000 elapsed_s=8.7
[snb-full][edge] progress file=/data/WorkSpace/ldbc-sf30/social_network/dynamic/person_likes_comment_0_0.csv rows=5000000 directed_edges=10000000 elapsed_s=10.9
[snb-full][edge] progress file=/data/WorkSpace/ldbc-sf30/social_network/dynamic/person_likes_comment_0_0.csv rows=6000000 directed_edges=12000000 elapsed_s=13.0
[snb-full][edge] progress file=/data/WorkSpace/ldbc-sf30/social_network/dynamic/person_likes_comment_0_0.csv rows=7000000 directed_edges=14000000 elapsed_s=15.2
[snb-full][edge] progress file=/data/WorkSpace/ldbc-sf30/social_network/dynamic/person_likes_comment_0_0.csv rows=8000000 directed_edges=16000000 elapsed_s=17.3
[snb-full][edge] progress file=/data/WorkSpace/ldbc-sf30/social_network/dynamic/person_likes_comment_0_0.csv rows=9000000 directed_edges=18000000 elapsed_s=19.1
[snb-full][edge] progress file=/data/WorkSpace/ldbc-sf30/social_network/dynamic/person_likes_comment_0_0.csv rows=10000000 directed_edges=20000000 elapsed_s=21.3
[snb-full][edge] progress file=/data/WorkSpace/ldbc-sf30/social_network/dynamic/person_likes_comment_0_0.csv rows=11000000 directed_edges=22000000 elapsed_s=23.2
[snb-full][edge] progress file=/data/WorkSpace/ldbc-sf30/social_network/dynamic/person_likes_comment_0_0.csv rows=12000000 directed_edges=24000000 elapsed_s=25.3
[snb-full][edge] progress file=/data/WorkSpace/ldbc-sf30/social_network/dynamic/person_likes_comment_0_0.csv rows=13000000 directed_edges=26000000 elapsed_s=27.3
[snb-full][edge] progress file=/data/WorkSpace/ldbc-sf30/social_network/dynamic/person_likes_comment_0_0.csv rows=14000000 directed_edges=28000000 elapsed_s=29.3
[snb-full][edge] progress file=/data/WorkSpace/ldbc-sf30/social_network/dynamic/person_likes_comment_0_0.csv rows=15000000 directed_edges=30000000 elapsed_s=31.3
[snb-full][edge] progress file=/data/WorkSpace/ldbc-sf30/social_network/dynamic/person_likes_comment_0_0.csv rows=16000000 directed_edges=32000000 elapsed_s=33.3
[snb-full][edge] progress file=/data/WorkSpace/ldbc-sf30/social_network/dynamic/person_likes_comment_0_0.csv rows=17000000 directed_edges=34000000 elapsed_s=35.4
[snb-full][edge] progress file=/data/WorkSpace/ldbc-sf30/social_network/dynamic/person_likes_comment_0_0.csv rows=18000000 directed_edges=36000000 elapsed_s=37.4
[snb-full][edge] progress file=/data/WorkSpace/ldbc-sf30/social_network/dynamic/person_likes_comment_0_0.csv rows=19000000 directed_edges=38000000 elapsed_s=39.5
[snb-full][edge] progress file=/data/WorkSpace/ldbc-sf30/social_network/dynamic/person_likes_comment_0_0.csv rows=20000000 directed_edges=40000000 elapsed_s=41.5
[snb-full][edge] progress file=/data/WorkSpace/ldbc-sf30/social_network/dynamic/person_likes_comment_0_0.csv rows=21000000 directed_edges=42000000 elapsed_s=43.5
[snb-full][edge] progress file=/data/WorkSpace/ldbc-sf30/social_network/dynamic/person_likes_comment_0_0.csv rows=22000000 directed_edges=44000000 elapsed_s=45.4
[snb-full][edge] progress file=/data/WorkSpace/ldbc-sf30/social_network/dynamic/person_likes_comment_0_0.csv rows=23000000 directed_edges=46000000 elapsed_s=47.3
[snb-full][edge] progress file=/data/WorkSpace/ldbc-sf30/social_network/dynamic/person_likes_comment_0_0.csv rows=24000000 directed_edges=48000000 elapsed_s=49.4
[snb-full][edge] progress file=/data/WorkSpace/ldbc-sf30/social_network/dynamic/person_likes_comment_0_0.csv rows=25000000 directed_edges=50000000 elapsed_s=51.4
[snb-full][edge] progress file=/data/WorkSpace/ldbc-sf30/social_network/dynamic/person_likes_comment_0_0.csv rows=26000000 directed_edges=52000000 elapsed_s=53.4
[snb-full][edge] progress file=/data/WorkSpace/ldbc-sf30/social_network/dynamic/person_likes_comment_0_0.csv rows=27000000 directed_edges=54000000 elapsed_s=55.5
[snb-full][edge] progress file=/data/WorkSpace/ldbc-sf30/social_network/dynamic/person_likes_comment_0_0.csv rows=28000000 directed_edges=56000000 elapsed_s=57.5
[snb-full][edge] progress file=/data/WorkSpace/ldbc-sf30/social_network/dynamic/person_likes_comment_0_0.csv rows=29000000 directed_edges=58000000 elapsed_s=59.4
[snb-full][edge] progress file=/data/WorkSpace/ldbc-sf30/social_network/dynamic/person_likes_comment_0_0.csv rows=30000000 directed_edges=60000000 elapsed_s=61.4
[snb-full][edge] progress file=/data/WorkSpace/ldbc-sf30/social_network/dynamic/person_likes_comment_0_0.csv rows=31000000 directed_edges=62000000 elapsed_s=63.3
[snb-full][edge] progress file=/data/WorkSpace/ldbc-sf30/social_network/dynamic/person_likes_comment_0_0.csv rows=32000000 directed_edges=64000000 elapsed_s=65.2
[snb-full][edge] progress file=/data/WorkSpace/ldbc-sf30/social_network/dynamic/person_likes_comment_0_0.csv rows=33000000 directed_edges=66000000 elapsed_s=67.1
[snb-full][edge] progress file=/data/WorkSpace/ldbc-sf30/social_network/dynamic/person_likes_comment_0_0.csv rows=34000000 directed_edges=68000000 elapsed_s=68.9
[snb-full][edge] progress file=/data/WorkSpace/ldbc-sf30/social_network/dynamic/person_likes_comment_0_0.csv rows=35000000 directed_edges=70000000 elapsed_s=71.0
[snb-full][edge] progress file=/data/WorkSpace/ldbc-sf30/social_network/dynamic/person_likes_comment_0_0.csv rows=36000000 directed_edges=72000000 elapsed_s=72.9
[snb-full][edge] progress file=/data/WorkSpace/ldbc-sf30/social_network/dynamic/person_likes_comment_0_0.csv rows=37000000 directed_edges=74000000 elapsed_s=74.8
[snb-full][edge] progress file=/data/WorkSpace/ldbc-sf30/social_network/dynamic/person_likes_comment_0_0.csv rows=38000000 directed_edges=76000000 elapsed_s=76.8
[snb-full][edge] progress file=/data/WorkSpace/ldbc-sf30/social_network/dynamic/person_likes_comment_0_0.csv rows=39000000 directed_edges=78000000 elapsed_s=78.7
[snb-full][edge] progress file=/data/WorkSpace/ldbc-sf30/social_network/dynamic/person_likes_comment_0_0.csv rows=40000000 directed_edges=80000000 elapsed_s=80.6
[snb-full][edge] progress file=/data/WorkSpace/ldbc-sf30/social_network/dynamic/person_likes_comment_0_0.csv rows=41000000 directed_edges=82000000 elapsed_s=82.6
[snb-full][edge] progress file=/data/WorkSpace/ldbc-sf30/social_network/dynamic/person_likes_comment_0_0.csv rows=42000000 directed_edges=84000000 elapsed_s=84.6
[snb-full][edge] progress file=/data/WorkSpace/ldbc-sf30/social_network/dynamic/person_likes_comment_0_0.csv rows=43000000 directed_edges=86000000 elapsed_s=86.6
[snb-full][edge] progress file=/data/WorkSpace/ldbc-sf30/social_network/dynamic/person_likes_comment_0_0.csv rows=44000000 directed_edges=88000000 elapsed_s=88.5
[snb-full][edge] progress file=/data/WorkSpace/ldbc-sf30/social_network/dynamic/person_likes_comment_0_0.csv rows=45000000 directed_edges=90000000 elapsed_s=90.4
[snb-full][edge] progress file=/data/WorkSpace/ldbc-sf30/social_network/dynamic/person_likes_comment_0_0.csv rows=46000000 directed_edges=92000000 elapsed_s=92.4
[snb-full][edge] progress file=/data/WorkSpace/ldbc-sf30/social_network/dynamic/person_likes_comment_0_0.csv rows=47000000 directed_edges=94000000 elapsed_s=94.4
[snb-full][edge] progress file=/data/WorkSpace/ldbc-sf30/social_network/dynamic/person_likes_comment_0_0.csv rows=48000000 directed_edges=96000000 elapsed_s=96.4
[snb-full][edge] progress file=/data/WorkSpace/ldbc-sf30/social_network/dynamic/person_likes_comment_0_0.csv rows=49000000 directed_edges=98000000 elapsed_s=98.4
[snb-full][edge] progress file=/data/WorkSpace/ldbc-sf30/social_network/dynamic/person_likes_comment_0_0.csv rows=50000000 directed_edges=100000000 elapsed_s=100.3
[snb-full][edge] progress file=/data/WorkSpace/ldbc-sf30/social_network/dynamic/person_likes_comment_0_0.csv rows=51000000 directed_edges=102000000 elapsed_s=102.3
[snb-full][edge] progress file=/data/WorkSpace/ldbc-sf30/social_network/dynamic/person_likes_comment_0_0.csv rows=52000000 directed_edges=104000000 elapsed_s=104.2
[snb-full][edge] progress file=/data/WorkSpace/ldbc-sf30/social_network/dynamic/person_likes_comment_0_0.csv rows=53000000 directed_edges=106000000 elapsed_s=106.1
[snb-full][edge] progress file=/data/WorkSpace/ldbc-sf30/social_network/dynamic/person_likes_comment_0_0.csv rows=54000000 directed_edges=108000000 elapsed_s=108.1
[snb-full][edge] progress file=/data/WorkSpace/ldbc-sf30/social_network/dynamic/person_likes_comment_0_0.csv rows=55000000 directed_edges=110000000 elapsed_s=110.0
[snb-full][edge] progress file=/data/WorkSpace/ldbc-sf30/social_network/dynamic/person_likes_comment_0_0.csv rows=56000000 directed_edges=112000000 elapsed_s=111.9
[snb-full][edge] progress file=/data/WorkSpace/ldbc-sf30/social_network/dynamic/person_likes_comment_0_0.csv rows=57000000 directed_edges=114000000 elapsed_s=113.8
[snb-full][edge] progress file=/data/WorkSpace/ldbc-sf30/social_network/dynamic/person_likes_comment_0_0.csv rows=58000000 directed_edges=116000000 elapsed_s=115.9
[snb-full][edge] progress file=/data/WorkSpace/ldbc-sf30/social_network/dynamic/person_likes_comment_0_0.csv rows=59000000 directed_edges=118000000 elapsed_s=118.0
[snb-full][edge] progress file=/data/WorkSpace/ldbc-sf30/social_network/dynamic/person_likes_comment_0_0.csv rows=60000000 directed_edges=120000000 elapsed_s=120.0
[snb-full][edge] progress file=/data/WorkSpace/ldbc-sf30/social_network/dynamic/person_likes_comment_0_0.csv rows=61000000 directed_edges=122000000 elapsed_s=122.0
[snb-full][edge] progress file=/data/WorkSpace/ldbc-sf30/social_network/dynamic/person_likes_comment_0_0.csv rows=62000000 directed_edges=124000000 elapsed_s=124.1
[snb-full][edge] progress file=/data/WorkSpace/ldbc-sf30/social_network/dynamic/person_likes_comment_0_0.csv rows=63000000 directed_edges=126000000 elapsed_s=126.1
[snb-full][edge] progress file=/data/WorkSpace/ldbc-sf30/social_network/dynamic/person_likes_comment_0_0.csv rows=64000000 directed_edges=128000000 elapsed_s=128.2
[snb-full][edge] progress file=/data/WorkSpace/ldbc-sf30/social_network/dynamic/person_likes_comment_0_0.csv rows=65000000 directed_edges=130000000 elapsed_s=130.2
[snb-full][edge] progress file=/data/WorkSpace/ldbc-sf30/social_network/dynamic/person_likes_comment_0_0.csv rows=66000000 directed_edges=132000000 elapsed_s=132.2
[snb-full][edge] progress file=/data/WorkSpace/ldbc-sf30/social_network/dynamic/person_likes_comment_0_0.csv rows=67000000 directed_edges=134000000 elapsed_s=134.2
[snb-full][edge] done file=/data/WorkSpace/ldbc-sf30/social_network/dynamic/person_likes_comment_0_0.csv rows=67421771 directed_edges=134843542 elapsed_s=135.0
[snb-full][edge] start file=/data/WorkSpace/ldbc-sf30/social_network/dynamic/person_likes_post_0_0.csv edge=LikesPost src=Person dst=Post
[snb-full][edge] progress file=/data/WorkSpace/ldbc-sf30/social_network/dynamic/person_likes_post_0_0.csv rows=1000000 directed_edges=2000000 elapsed_s=2.2
[snb-full][edge] progress file=/data/WorkSpace/ldbc-sf30/social_network/dynamic/person_likes_post_0_0.csv rows=2000000 directed_edges=4000000 elapsed_s=4.4
[snb-full][edge] progress file=/data/WorkSpace/ldbc-sf30/social_network/dynamic/person_likes_post_0_0.csv rows=3000000 directed_edges=6000000 elapsed_s=6.6
[snb-full][edge] progress file=/data/WorkSpace/ldbc-sf30/social_network/dynamic/person_likes_post_0_0.csv rows=4000000 directed_edges=8000000 elapsed_s=8.8
[snb-full][edge] progress file=/data/WorkSpace/ldbc-sf30/social_network/dynamic/person_likes_post_0_0.csv rows=5000000 directed_edges=10000000 elapsed_s=11.0
[snb-full][edge] progress file=/data/WorkSpace/ldbc-sf30/social_network/dynamic/person_likes_post_0_0.csv rows=6000000 directed_edges=12000000 elapsed_s=13.2
[snb-full][edge] progress file=/data/WorkSpace/ldbc-sf30/social_network/dynamic/person_likes_post_0_0.csv rows=7000000 directed_edges=14000000 elapsed_s=15.4
[snb-full][edge] progress file=/data/WorkSpace/ldbc-sf30/social_network/dynamic/person_likes_post_0_0.csv rows=8000000 directed_edges=16000000 elapsed_s=17.5
[snb-full][edge] progress file=/data/WorkSpace/ldbc-sf30/social_network/dynamic/person_likes_post_0_0.csv rows=9000000 directed_edges=18000000 elapsed_s=19.6
[snb-full][edge] progress file=/data/WorkSpace/ldbc-sf30/social_network/dynamic/person_likes_post_0_0.csv rows=10000000 directed_edges=20000000 elapsed_s=21.9
[snb-full][edge] progress file=/data/WorkSpace/ldbc-sf30/social_network/dynamic/person_likes_post_0_0.csv rows=11000000 directed_edges=22000000 elapsed_s=24.1
[snb-full][edge] progress file=/data/WorkSpace/ldbc-sf30/social_network/dynamic/person_likes_post_0_0.csv rows=12000000 directed_edges=24000000 elapsed_s=26.3
[snb-full][edge] progress file=/data/WorkSpace/ldbc-sf30/social_network/dynamic/person_likes_post_0_0.csv rows=13000000 directed_edges=26000000 elapsed_s=28.5
[snb-full][edge] progress file=/data/WorkSpace/ldbc-sf30/social_network/dynamic/person_likes_post_0_0.csv rows=14000000 directed_edges=28000000 elapsed_s=30.7
[snb-full][edge] progress file=/data/WorkSpace/ldbc-sf30/social_network/dynamic/person_likes_post_0_0.csv rows=15000000 directed_edges=30000000 elapsed_s=32.9
[snb-full][edge] progress file=/data/WorkSpace/ldbc-sf30/social_network/dynamic/person_likes_post_0_0.csv rows=16000000 directed_edges=32000000 elapsed_s=35.1
[snb-full][edge] progress file=/data/WorkSpace/ldbc-sf30/social_network/dynamic/person_likes_post_0_0.csv rows=17000000 directed_edges=34000000 elapsed_s=37.3
[snb-full][edge] progress file=/data/WorkSpace/ldbc-sf30/social_network/dynamic/person_likes_post_0_0.csv rows=18000000 directed_edges=36000000 elapsed_s=39.2
[snb-full][edge] progress file=/data/WorkSpace/ldbc-sf30/social_network/dynamic/person_likes_post_0_0.csv rows=19000000 directed_edges=38000000 elapsed_s=41.5
[snb-full][edge] progress file=/data/WorkSpace/ldbc-sf30/social_network/dynamic/person_likes_post_0_0.csv rows=20000000 directed_edges=40000000 elapsed_s=43.5
[snb-full][edge] progress file=/data/WorkSpace/ldbc-sf30/social_network/dynamic/person_likes_post_0_0.csv rows=21000000 directed_edges=42000000 elapsed_s=45.6
[snb-full][edge] progress file=/data/WorkSpace/ldbc-sf30/social_network/dynamic/person_likes_post_0_0.csv rows=22000000 directed_edges=44000000 elapsed_s=47.7
[snb-full][edge] progress file=/data/WorkSpace/ldbc-sf30/social_network/dynamic/person_likes_post_0_0.csv rows=23000000 directed_edges=46000000 elapsed_s=49.9
[snb-full][edge] progress file=/data/WorkSpace/ldbc-sf30/social_network/dynamic/person_likes_post_0_0.csv rows=24000000 directed_edges=48000000 elapsed_s=52.0
[snb-full][edge] progress file=/data/WorkSpace/ldbc-sf30/social_network/dynamic/person_likes_post_0_0.csv rows=25000000 directed_edges=50000000 elapsed_s=54.2
[snb-full][edge] progress file=/data/WorkSpace/ldbc-sf30/social_network/dynamic/person_likes_post_0_0.csv rows=26000000 directed_edges=52000000 elapsed_s=56.4
[snb-full][edge] progress file=/data/WorkSpace/ldbc-sf30/social_network/dynamic/person_likes_post_0_0.csv rows=27000000 directed_edges=54000000 elapsed_s=58.7
[snb-full][edge] progress file=/data/WorkSpace/ldbc-sf30/social_network/dynamic/person_likes_post_0_0.csv rows=28000000 directed_edges=56000000 elapsed_s=60.9
[snb-full][edge] done file=/data/WorkSpace/ldbc-sf30/social_network/dynamic/person_likes_post_0_0.csv rows=28705355 directed_edges=57410710 elapsed_s=62.5
[snb-full][edge] start file=/data/WorkSpace/ldbc-sf30/social_network/dynamic/person_hasInterest_tag_0_0.csv edge=HasInterest src=Person dst=Tag
[snb-full][edge] progress file=/data/WorkSpace/ldbc-sf30/social_network/dynamic/person_hasInterest_tag_0_0.csv rows=1000000 directed_edges=2000000 elapsed_s=2.0
[snb-full][edge] progress file=/data/WorkSpace/ldbc-sf30/social_network/dynamic/person_hasInterest_tag_0_0.csv rows=2000000 directed_edges=4000000 elapsed_s=4.1
[snb-full][edge] progress file=/data/WorkSpace/ldbc-sf30/social_network/dynamic/person_hasInterest_tag_0_0.csv rows=3000000 directed_edges=6000000 elapsed_s=5.9
[snb-full][edge] done file=/data/WorkSpace/ldbc-sf30/social_network/dynamic/person_hasInterest_tag_0_0.csv rows=3853216 directed_edges=7706432 elapsed_s=7.5
[snb-full][edge] start file=/data/WorkSpace/ldbc-sf30/social_network/dynamic/person_studyAt_organisation_0_0.csv edge=StudyAt src=Person dst=Organisation
[snb-full][edge] done file=/data/WorkSpace/ldbc-sf30/social_network/dynamic/person_studyAt_organisation_0_0.csv rows=132707 directed_edges=265414 elapsed_s=0.3
[snb-full][edge] start file=/data/WorkSpace/ldbc-sf30/social_network/dynamic/person_workAt_organisation_0_0.csv edge=WorkAt src=Person dst=Organisation
[snb-full][edge] done file=/data/WorkSpace/ldbc-sf30/social_network/dynamic/person_workAt_organisation_0_0.csv rows=360671 directed_edges=721342 elapsed_s=1.1
[snb-full][edge] start file=/data/WorkSpace/ldbc-sf30/social_network/dynamic/forum_hasMember_person_0_0.csv edge=HasMember src=Forum dst=Person
[snb-full][edge] progress file=/data/WorkSpace/ldbc-sf30/social_network/dynamic/forum_hasMember_person_0_0.csv rows=1000000 directed_edges=2000000 elapsed_s=2.0
[snb-full][edge] progress file=/data/WorkSpace/ldbc-sf30/social_network/dynamic/forum_hasMember_person_0_0.csv rows=2000000 directed_edges=4000000 elapsed_s=3.9
[snb-full][edge] progress file=/data/WorkSpace/ldbc-sf30/social_network/dynamic/forum_hasMember_person_0_0.csv rows=3000000 directed_edges=6000000 elapsed_s=6.3
[snb-full][edge] progress file=/data/WorkSpace/ldbc-sf30/social_network/dynamic/forum_hasMember_person_0_0.csv rows=4000000 directed_edges=8000000 elapsed_s=8.5
[snb-full][edge] progress file=/data/WorkSpace/ldbc-sf30/social_network/dynamic/forum_hasMember_person_0_0.csv rows=5000000 directed_edges=10000000 elapsed_s=10.6
[snb-full][edge] progress file=/data/WorkSpace/ldbc-sf30/social_network/dynamic/forum_hasMember_person_0_0.csv rows=6000000 directed_edges=12000000 elapsed_s=12.7
[snb-full][edge] progress file=/data/WorkSpace/ldbc-sf30/social_network/dynamic/forum_hasMember_person_0_0.csv rows=7000000 directed_edges=14000000 elapsed_s=14.9
[snb-full][edge] progress file=/data/WorkSpace/ldbc-sf30/social_network/dynamic/forum_hasMember_person_0_0.csv rows=8000000 directed_edges=16000000 elapsed_s=16.9
[snb-full][edge] progress file=/data/WorkSpace/ldbc-sf30/social_network/dynamic/forum_hasMember_person_0_0.csv rows=9000000 directed_edges=18000000 elapsed_s=19.2
[snb-full][edge] progress file=/data/WorkSpace/ldbc-sf30/social_network/dynamic/forum_hasMember_person_0_0.csv rows=10000000 directed_edges=20000000 elapsed_s=21.1
[snb-full][edge] progress file=/data/WorkSpace/ldbc-sf30/social_network/dynamic/forum_hasMember_person_0_0.csv rows=11000000 directed_edges=22000000 elapsed_s=23.3
[snb-full][edge] progress file=/data/WorkSpace/ldbc-sf30/social_network/dynamic/forum_hasMember_person_0_0.csv rows=12000000 directed_edges=24000000 elapsed_s=25.4
[snb-full][edge] progress file=/data/WorkSpace/ldbc-sf30/social_network/dynamic/forum_hasMember_person_0_0.csv rows=13000000 directed_edges=26000000 elapsed_s=27.5
[snb-full][edge] progress file=/data/WorkSpace/ldbc-sf30/social_network/dynamic/forum_hasMember_person_0_0.csv rows=14000000 directed_edges=28000000 elapsed_s=29.6
[snb-full][edge] progress file=/data/WorkSpace/ldbc-sf30/social_network/dynamic/forum_hasMember_person_0_0.csv rows=15000000 directed_edges=30000000 elapsed_s=31.6
[snb-full][edge] progress file=/data/WorkSpace/ldbc-sf30/social_network/dynamic/forum_hasMember_person_0_0.csv rows=16000000 directed_edges=32000000 elapsed_s=33.7
[snb-full][edge] progress file=/data/WorkSpace/ldbc-sf30/social_network/dynamic/forum_hasMember_person_0_0.csv rows=17000000 directed_edges=34000000 elapsed_s=35.8
[snb-full][edge] progress file=/data/WorkSpace/ldbc-sf30/social_network/dynamic/forum_hasMember_person_0_0.csv rows=18000000 directed_edges=36000000 elapsed_s=38.0
[snb-full][edge] progress file=/data/WorkSpace/ldbc-sf30/social_network/dynamic/forum_hasMember_person_0_0.csv rows=19000000 directed_edges=38000000 elapsed_s=40.0
[snb-full][edge] progress file=/data/WorkSpace/ldbc-sf30/social_network/dynamic/forum_hasMember_person_0_0.csv rows=20000000 directed_edges=40000000 elapsed_s=42.2
[snb-full][edge] progress file=/data/WorkSpace/ldbc-sf30/social_network/dynamic/forum_hasMember_person_0_0.csv rows=21000000 directed_edges=42000000 elapsed_s=44.3
[snb-full][edge] progress file=/data/WorkSpace/ldbc-sf30/social_network/dynamic/forum_hasMember_person_0_0.csv rows=22000000 directed_edges=44000000 elapsed_s=46.4
[snb-full][edge] progress file=/data/WorkSpace/ldbc-sf30/social_network/dynamic/forum_hasMember_person_0_0.csv rows=23000000 directed_edges=46000000 elapsed_s=48.7
[snb-full][edge] progress file=/data/WorkSpace/ldbc-sf30/social_network/dynamic/forum_hasMember_person_0_0.csv rows=24000000 directed_edges=48000000 elapsed_s=50.7
[snb-full][edge] progress file=/data/WorkSpace/ldbc-sf30/social_network/dynamic/forum_hasMember_person_0_0.csv rows=25000000 directed_edges=50000000 elapsed_s=52.6
[snb-full][edge] progress file=/data/WorkSpace/ldbc-sf30/social_network/dynamic/forum_hasMember_person_0_0.csv rows=26000000 directed_edges=52000000 elapsed_s=54.5
[snb-full][edge] progress file=/data/WorkSpace/ldbc-sf30/social_network/dynamic/forum_hasMember_person_0_0.csv rows=27000000 directed_edges=54000000 elapsed_s=56.4
[snb-full][edge] progress file=/data/WorkSpace/ldbc-sf30/social_network/dynamic/forum_hasMember_person_0_0.csv rows=28000000 directed_edges=56000000 elapsed_s=58.6
[snb-full][edge] progress file=/data/WorkSpace/ldbc-sf30/social_network/dynamic/forum_hasMember_person_0_0.csv rows=29000000 directed_edges=58000000 elapsed_s=60.7
[snb-full][edge] progress file=/data/WorkSpace/ldbc-sf30/social_network/dynamic/forum_hasMember_person_0_0.csv rows=30000000 directed_edges=60000000 elapsed_s=62.9
[snb-full][edge] progress file=/data/WorkSpace/ldbc-sf30/social_network/dynamic/forum_hasMember_person_0_0.csv rows=31000000 directed_edges=62000000 elapsed_s=65.2
[snb-full][edge] progress file=/data/WorkSpace/ldbc-sf30/social_network/dynamic/forum_hasMember_person_0_0.csv rows=32000000 directed_edges=64000000 elapsed_s=67.3
[snb-full][edge] progress file=/data/WorkSpace/ldbc-sf30/social_network/dynamic/forum_hasMember_person_0_0.csv rows=33000000 directed_edges=66000000 elapsed_s=69.6
[snb-full][edge] progress file=/data/WorkSpace/ldbc-sf30/social_network/dynamic/forum_hasMember_person_0_0.csv rows=34000000 directed_edges=68000000 elapsed_s=71.8
[snb-full][edge] progress file=/data/WorkSpace/ldbc-sf30/social_network/dynamic/forum_hasMember_person_0_0.csv rows=35000000 directed_edges=70000000 elapsed_s=74.0
[snb-full][edge] progress file=/data/WorkSpace/ldbc-sf30/social_network/dynamic/forum_hasMember_person_0_0.csv rows=36000000 directed_edges=72000000 elapsed_s=76.0
[snb-full][edge] progress file=/data/WorkSpace/ldbc-sf30/social_network/dynamic/forum_hasMember_person_0_0.csv rows=37000000 directed_edges=74000000 elapsed_s=78.0
[snb-full][edge] progress file=/data/WorkSpace/ldbc-sf30/social_network/dynamic/forum_hasMember_person_0_0.csv rows=38000000 directed_edges=76000000 elapsed_s=80.1
[snb-full][edge] progress file=/data/WorkSpace/ldbc-sf30/social_network/dynamic/forum_hasMember_person_0_0.csv rows=39000000 directed_edges=78000000 elapsed_s=82.2
[snb-full][edge] progress file=/data/WorkSpace/ldbc-sf30/social_network/dynamic/forum_hasMember_person_0_0.csv rows=40000000 directed_edges=80000000 elapsed_s=84.3
[snb-full][edge] progress file=/data/WorkSpace/ldbc-sf30/social_network/dynamic/forum_hasMember_person_0_0.csv rows=41000000 directed_edges=82000000 elapsed_s=86.4
[snb-full][edge] progress file=/data/WorkSpace/ldbc-sf30/social_network/dynamic/forum_hasMember_person_0_0.csv rows=42000000 directed_edges=84000000 elapsed_s=88.5
[snb-full][edge] progress file=/data/WorkSpace/ldbc-sf30/social_network/dynamic/forum_hasMember_person_0_0.csv rows=43000000 directed_edges=86000000 elapsed_s=90.8
[snb-full][edge] progress file=/data/WorkSpace/ldbc-sf30/social_network/dynamic/forum_hasMember_person_0_0.csv rows=44000000 directed_edges=88000000 elapsed_s=93.0
[snb-full][edge] progress file=/data/WorkSpace/ldbc-sf30/social_network/dynamic/forum_hasMember_person_0_0.csv rows=45000000 directed_edges=90000000 elapsed_s=95.1
[snb-full][edge] progress file=/data/WorkSpace/ldbc-sf30/social_network/dynamic/forum_hasMember_person_0_0.csv rows=46000000 directed_edges=92000000 elapsed_s=97.3
[snb-full][edge] progress file=/data/WorkSpace/ldbc-sf30/social_network/dynamic/forum_hasMember_person_0_0.csv rows=47000000 directed_edges=94000000 elapsed_s=99.4
[snb-full][edge] progress file=/data/WorkSpace/ldbc-sf30/social_network/dynamic/forum_hasMember_person_0_0.csv rows=48000000 directed_edges=96000000 elapsed_s=101.5
[snb-full][edge] progress file=/data/WorkSpace/ldbc-sf30/social_network/dynamic/forum_hasMember_person_0_0.csv rows=49000000 directed_edges=98000000 elapsed_s=103.6
[snb-full][edge] progress file=/data/WorkSpace/ldbc-sf30/social_network/dynamic/forum_hasMember_person_0_0.csv rows=50000000 directed_edges=100000000 elapsed_s=105.7
[snb-full][edge] progress file=/data/WorkSpace/ldbc-sf30/social_network/dynamic/forum_hasMember_person_0_0.csv rows=51000000 directed_edges=102000000 elapsed_s=107.7
[snb-full][edge] progress file=/data/WorkSpace/ldbc-sf30/social_network/dynamic/forum_hasMember_person_0_0.csv rows=52000000 directed_edges=104000000 elapsed_s=109.7
[snb-full][edge] progress file=/data/WorkSpace/ldbc-sf30/social_network/dynamic/forum_hasMember_person_0_0.csv rows=53000000 directed_edges=106000000 elapsed_s=111.8
[snb-full][edge] done file=/data/WorkSpace/ldbc-sf30/social_network/dynamic/forum_hasMember_person_0_0.csv rows=53977424 directed_edges=107954848 elapsed_s=113.9
[snb-full][edge] start file=/data/WorkSpace/ldbc-sf30/social_network/dynamic/forum_hasTag_tag_0_0.csv edge=HasTag src=Forum dst=Tag
[snb-full][edge] progress file=/data/WorkSpace/ldbc-sf30/social_network/dynamic/forum_hasTag_tag_0_0.csv rows=1000000 directed_edges=2000000 elapsed_s=2.0
[snb-full][edge] progress file=/data/WorkSpace/ldbc-sf30/social_network/dynamic/forum_hasTag_tag_0_0.csv rows=2000000 directed_edges=4000000 elapsed_s=4.1
[snb-full][edge] progress file=/data/WorkSpace/ldbc-sf30/social_network/dynamic/forum_hasTag_tag_0_0.csv rows=3000000 directed_edges=6000000 elapsed_s=6.1
[snb-full][edge] progress file=/data/WorkSpace/ldbc-sf30/social_network/dynamic/forum_hasTag_tag_0_0.csv rows=4000000 directed_edges=8000000 elapsed_s=8.2
[snb-full][edge] progress file=/data/WorkSpace/ldbc-sf30/social_network/dynamic/forum_hasTag_tag_0_0.csv rows=5000000 directed_edges=10000000 elapsed_s=10.2
[snb-full][edge] done file=/data/WorkSpace/ldbc-sf30/social_network/dynamic/forum_hasTag_tag_0_0.csv rows=5191441 directed_edges=10382882 elapsed_s=10.6
[snb-full][edge] start file=/data/WorkSpace/ldbc-sf30/social_network/dynamic/comment_hasTag_tag_0_0.csv edge=HasTag src=Comment dst=Tag
[snb-full][edge] progress file=/data/WorkSpace/ldbc-sf30/social_network/dynamic/comment_hasTag_tag_0_0.csv rows=1000000 directed_edges=2000000 elapsed_s=1.9
[snb-full][edge] progress file=/data/WorkSpace/ldbc-sf30/social_network/dynamic/comment_hasTag_tag_0_0.csv rows=2000000 directed_edges=4000000 elapsed_s=4.2
[snb-full][edge] progress file=/data/WorkSpace/ldbc-sf30/social_network/dynamic/comment_hasTag_tag_0_0.csv rows=3000000 directed_edges=6000000 elapsed_s=6.4
[snb-full][edge] progress file=/data/WorkSpace/ldbc-sf30/social_network/dynamic/comment_hasTag_tag_0_0.csv rows=4000000 directed_edges=8000000 elapsed_s=8.5
[snb-full][edge] progress file=/data/WorkSpace/ldbc-sf30/social_network/dynamic/comment_hasTag_tag_0_0.csv rows=5000000 directed_edges=10000000 elapsed_s=10.6
[snb-full][edge] progress file=/data/WorkSpace/ldbc-sf30/social_network/dynamic/comment_hasTag_tag_0_0.csv rows=6000000 directed_edges=12000000 elapsed_s=12.6
[snb-full][edge] progress file=/data/WorkSpace/ldbc-sf30/social_network/dynamic/comment_hasTag_tag_0_0.csv rows=7000000 directed_edges=14000000 elapsed_s=14.7
[snb-full][edge] progress file=/data/WorkSpace/ldbc-sf30/social_network/dynamic/comment_hasTag_tag_0_0.csv rows=8000000 directed_edges=16000000 elapsed_s=16.8
[snb-full][edge] progress file=/data/WorkSpace/ldbc-sf30/social_network/dynamic/comment_hasTag_tag_0_0.csv rows=9000000 directed_edges=18000000 elapsed_s=19.0
[snb-full][edge] progress file=/data/WorkSpace/ldbc-sf30/social_network/dynamic/comment_hasTag_tag_0_0.csv rows=10000000 directed_edges=20000000 elapsed_s=20.8
[snb-full][edge] progress file=/data/WorkSpace/ldbc-sf30/social_network/dynamic/comment_hasTag_tag_0_0.csv rows=11000000 directed_edges=22000000 elapsed_s=23.0
[snb-full][edge] progress file=/data/WorkSpace/ldbc-sf30/social_network/dynamic/comment_hasTag_tag_0_0.csv rows=12000000 directed_edges=24000000 elapsed_s=25.2
[snb-full][edge] progress file=/data/WorkSpace/ldbc-sf30/social_network/dynamic/comment_hasTag_tag_0_0.csv rows=13000000 directed_edges=26000000 elapsed_s=27.3
[snb-full][edge] progress file=/data/WorkSpace/ldbc-sf30/social_network/dynamic/comment_hasTag_tag_0_0.csv rows=14000000 directed_edges=28000000 elapsed_s=28.9
[snb-full][edge] progress file=/data/WorkSpace/ldbc-sf30/social_network/dynamic/comment_hasTag_tag_0_0.csv rows=15000000 directed_edges=30000000 elapsed_s=31.0
[snb-full][edge] progress file=/data/WorkSpace/ldbc-sf30/social_network/dynamic/comment_hasTag_tag_0_0.csv rows=16000000 directed_edges=32000000 elapsed_s=33.0
[snb-full][edge] progress file=/data/WorkSpace/ldbc-sf30/social_network/dynamic/comment_hasTag_tag_0_0.csv rows=17000000 directed_edges=34000000 elapsed_s=35.1
[snb-full][edge] progress file=/data/WorkSpace/ldbc-sf30/social_network/dynamic/comment_hasTag_tag_0_0.csv rows=18000000 directed_edges=36000000 elapsed_s=37.2
[snb-full][edge] progress file=/data/WorkSpace/ldbc-sf30/social_network/dynamic/comment_hasTag_tag_0_0.csv rows=19000000 directed_edges=38000000 elapsed_s=39.2
[snb-full][edge] progress file=/data/WorkSpace/ldbc-sf30/social_network/dynamic/comment_hasTag_tag_0_0.csv rows=20000000 directed_edges=40000000 elapsed_s=41.1
[snb-full][edge] progress file=/data/WorkSpace/ldbc-sf30/social_network/dynamic/comment_hasTag_tag_0_0.csv rows=21000000 directed_edges=42000000 elapsed_s=43.0
[snb-full][edge] progress file=/data/WorkSpace/ldbc-sf30/social_network/dynamic/comment_hasTag_tag_0_0.csv rows=22000000 directed_edges=44000000 elapsed_s=45.0
[snb-full][edge] progress file=/data/WorkSpace/ldbc-sf30/social_network/dynamic/comment_hasTag_tag_0_0.csv rows=23000000 directed_edges=46000000 elapsed_s=46.9
[snb-full][edge] progress file=/data/WorkSpace/ldbc-sf30/social_network/dynamic/comment_hasTag_tag_0_0.csv rows=24000000 directed_edges=48000000 elapsed_s=48.8
[snb-full][edge] progress file=/data/WorkSpace/ldbc-sf30/social_network/dynamic/comment_hasTag_tag_0_0.csv rows=25000000 directed_edges=50000000 elapsed_s=50.9
[snb-full][edge] progress file=/data/WorkSpace/ldbc-sf30/social_network/dynamic/comment_hasTag_tag_0_0.csv rows=26000000 directed_edges=52000000 elapsed_s=52.9
[snb-full][edge] progress file=/data/WorkSpace/ldbc-sf30/social_network/dynamic/comment_hasTag_tag_0_0.csv rows=27000000 directed_edges=54000000 elapsed_s=54.8
[snb-full][edge] progress file=/data/WorkSpace/ldbc-sf30/social_network/dynamic/comment_hasTag_tag_0_0.csv rows=28000000 directed_edges=56000000 elapsed_s=56.7
[snb-full][edge] progress file=/data/WorkSpace/ldbc-sf30/social_network/dynamic/comment_hasTag_tag_0_0.csv rows=29000000 directed_edges=58000000 elapsed_s=58.6
[snb-full][edge] progress file=/data/WorkSpace/ldbc-sf30/social_network/dynamic/comment_hasTag_tag_0_0.csv rows=30000000 directed_edges=60000000 elapsed_s=60.2
[snb-full][edge] progress file=/data/WorkSpace/ldbc-sf30/social_network/dynamic/comment_hasTag_tag_0_0.csv rows=31000000 directed_edges=62000000 elapsed_s=62.1
[snb-full][edge] progress file=/data/WorkSpace/ldbc-sf30/social_network/dynamic/comment_hasTag_tag_0_0.csv rows=32000000 directed_edges=64000000 elapsed_s=64.5
[snb-full][edge] progress file=/data/WorkSpace/ldbc-sf30/social_network/dynamic/comment_hasTag_tag_0_0.csv rows=33000000 directed_edges=66000000 elapsed_s=66.4
[snb-full][edge] progress file=/data/WorkSpace/ldbc-sf30/social_network/dynamic/comment_hasTag_tag_0_0.csv rows=34000000 directed_edges=68000000 elapsed_s=68.4
[snb-full][edge] progress file=/data/WorkSpace/ldbc-sf30/social_network/dynamic/comment_hasTag_tag_0_0.csv rows=35000000 directed_edges=70000000 elapsed_s=70.2
[snb-full][edge] progress file=/data/WorkSpace/ldbc-sf30/social_network/dynamic/comment_hasTag_tag_0_0.csv rows=36000000 directed_edges=72000000 elapsed_s=72.2
[snb-full][edge] progress file=/data/WorkSpace/ldbc-sf30/social_network/dynamic/comment_hasTag_tag_0_0.csv rows=37000000 directed_edges=74000000 elapsed_s=74.5
[snb-full][edge] progress file=/data/WorkSpace/ldbc-sf30/social_network/dynamic/comment_hasTag_tag_0_0.csv rows=38000000 directed_edges=76000000 elapsed_s=76.5
[snb-full][edge] progress file=/data/WorkSpace/ldbc-sf30/social_network/dynamic/comment_hasTag_tag_0_0.csv rows=39000000 directed_edges=78000000 elapsed_s=78.7
[snb-full][edge] progress file=/data/WorkSpace/ldbc-sf30/social_network/dynamic/comment_hasTag_tag_0_0.csv rows=40000000 directed_edges=80000000 elapsed_s=80.7
[snb-full][edge] progress file=/data/WorkSpace/ldbc-sf30/social_network/dynamic/comment_hasTag_tag_0_0.csv rows=41000000 directed_edges=82000000 elapsed_s=82.8
[snb-full][edge] progress file=/data/WorkSpace/ldbc-sf30/social_network/dynamic/comment_hasTag_tag_0_0.csv rows=42000000 directed_edges=84000000 elapsed_s=84.7
[snb-full][edge] progress file=/data/WorkSpace/ldbc-sf30/social_network/dynamic/comment_hasTag_tag_0_0.csv rows=43000000 directed_edges=86000000 elapsed_s=86.7
[snb-full][edge] progress file=/data/WorkSpace/ldbc-sf30/social_network/dynamic/comment_hasTag_tag_0_0.csv rows=44000000 directed_edges=88000000 elapsed_s=88.6
[snb-full][edge] progress file=/data/WorkSpace/ldbc-sf30/social_network/dynamic/comment_hasTag_tag_0_0.csv rows=45000000 directed_edges=90000000 elapsed_s=90.5
[snb-full][edge] progress file=/data/WorkSpace/ldbc-sf30/social_network/dynamic/comment_hasTag_tag_0_0.csv rows=46000000 directed_edges=92000000 elapsed_s=92.4
[snb-full][edge] progress file=/data/WorkSpace/ldbc-sf30/social_network/dynamic/comment_hasTag_tag_0_0.csv rows=47000000 directed_edges=94000000 elapsed_s=94.4
[snb-full][edge] progress file=/data/WorkSpace/ldbc-sf30/social_network/dynamic/comment_hasTag_tag_0_0.csv rows=48000000 directed_edges=96000000 elapsed_s=96.3
[snb-full][edge] progress file=/data/WorkSpace/ldbc-sf30/social_network/dynamic/comment_hasTag_tag_0_0.csv rows=49000000 directed_edges=98000000 elapsed_s=98.3
[snb-full][edge] progress file=/data/WorkSpace/ldbc-sf30/social_network/dynamic/comment_hasTag_tag_0_0.csv rows=50000000 directed_edges=100000000 elapsed_s=100.2
[snb-full][edge] progress file=/data/WorkSpace/ldbc-sf30/social_network/dynamic/comment_hasTag_tag_0_0.csv rows=51000000 directed_edges=102000000 elapsed_s=102.2
[snb-full][edge] progress file=/data/WorkSpace/ldbc-sf30/social_network/dynamic/comment_hasTag_tag_0_0.csv rows=52000000 directed_edges=104000000 elapsed_s=104.0
[snb-full][edge] progress file=/data/WorkSpace/ldbc-sf30/social_network/dynamic/comment_hasTag_tag_0_0.csv rows=53000000 directed_edges=106000000 elapsed_s=105.9
[snb-full][edge] progress file=/data/WorkSpace/ldbc-sf30/social_network/dynamic/comment_hasTag_tag_0_0.csv rows=54000000 directed_edges=108000000 elapsed_s=107.7
[snb-full][edge] progress file=/data/WorkSpace/ldbc-sf30/social_network/dynamic/comment_hasTag_tag_0_0.csv rows=55000000 directed_edges=110000000 elapsed_s=109.6
[snb-full][edge] progress file=/data/WorkSpace/ldbc-sf30/social_network/dynamic/comment_hasTag_tag_0_0.csv rows=56000000 directed_edges=112000000 elapsed_s=111.5
[snb-full][edge] progress file=/data/WorkSpace/ldbc-sf30/social_network/dynamic/comment_hasTag_tag_0_0.csv rows=57000000 directed_edges=114000000 elapsed_s=113.4
[snb-full][edge] progress file=/data/WorkSpace/ldbc-sf30/social_network/dynamic/comment_hasTag_tag_0_0.csv rows=58000000 directed_edges=116000000 elapsed_s=115.4
[snb-full][edge] progress file=/data/WorkSpace/ldbc-sf30/social_network/dynamic/comment_hasTag_tag_0_0.csv rows=59000000 directed_edges=118000000 elapsed_s=117.4
[snb-full][edge] progress file=/data/WorkSpace/ldbc-sf30/social_network/dynamic/comment_hasTag_tag_0_0.csv rows=60000000 directed_edges=120000000 elapsed_s=119.3
[snb-full][edge] progress file=/data/WorkSpace/ldbc-sf30/social_network/dynamic/comment_hasTag_tag_0_0.csv rows=61000000 directed_edges=122000000 elapsed_s=121.3
[snb-full][edge] progress file=/data/WorkSpace/ldbc-sf30/social_network/dynamic/comment_hasTag_tag_0_0.csv rows=62000000 directed_edges=124000000 elapsed_s=123.2
[snb-full][edge] progress file=/data/WorkSpace/ldbc-sf30/social_network/dynamic/comment_hasTag_tag_0_0.csv rows=63000000 directed_edges=126000000 elapsed_s=125.2
[snb-full][edge] progress file=/data/WorkSpace/ldbc-sf30/social_network/dynamic/comment_hasTag_tag_0_0.csv rows=64000000 directed_edges=128000000 elapsed_s=127.1
[snb-full][edge] progress file=/data/WorkSpace/ldbc-sf30/social_network/dynamic/comment_hasTag_tag_0_0.csv rows=65000000 directed_edges=130000000 elapsed_s=129.0
[snb-full][edge] progress file=/data/WorkSpace/ldbc-sf30/social_network/dynamic/comment_hasTag_tag_0_0.csv rows=66000000 directed_edges=132000000 elapsed_s=131.0
[snb-full][edge] progress file=/data/WorkSpace/ldbc-sf30/social_network/dynamic/comment_hasTag_tag_0_0.csv rows=67000000 directed_edges=134000000 elapsed_s=133.0
[snb-full][edge] progress file=/data/WorkSpace/ldbc-sf30/social_network/dynamic/comment_hasTag_tag_0_0.csv rows=68000000 directed_edges=136000000 elapsed_s=134.9
[snb-full][edge] progress file=/data/WorkSpace/ldbc-sf30/social_network/dynamic/comment_hasTag_tag_0_0.csv rows=69000000 directed_edges=138000000 elapsed_s=136.8
[snb-full][edge] progress file=/data/WorkSpace/ldbc-sf30/social_network/dynamic/comment_hasTag_tag_0_0.csv rows=70000000 directed_edges=140000000 elapsed_s=138.7
[snb-full][edge] progress file=/data/WorkSpace/ldbc-sf30/social_network/dynamic/comment_hasTag_tag_0_0.csv rows=71000000 directed_edges=142000000 elapsed_s=140.6
[snb-full][edge] progress file=/data/WorkSpace/ldbc-sf30/social_network/dynamic/comment_hasTag_tag_0_0.csv rows=72000000 directed_edges=144000000 elapsed_s=142.6
[snb-full][edge] progress file=/data/WorkSpace/ldbc-sf30/social_network/dynamic/comment_hasTag_tag_0_0.csv rows=73000000 directed_edges=146000000 elapsed_s=144.4
[snb-full][edge] progress file=/data/WorkSpace/ldbc-sf30/social_network/dynamic/comment_hasTag_tag_0_0.csv rows=74000000 directed_edges=148000000 elapsed_s=146.4
[snb-full][edge] progress file=/data/WorkSpace/ldbc-sf30/social_network/dynamic/comment_hasTag_tag_0_0.csv rows=75000000 directed_edges=150000000 elapsed_s=148.1
[snb-full][edge] progress file=/data/WorkSpace/ldbc-sf30/social_network/dynamic/comment_hasTag_tag_0_0.csv rows=76000000 directed_edges=152000000 elapsed_s=150.0
[snb-full][edge] progress file=/data/WorkSpace/ldbc-sf30/social_network/dynamic/comment_hasTag_tag_0_0.csv rows=77000000 directed_edges=154000000 elapsed_s=151.8
[snb-full][edge] progress file=/data/WorkSpace/ldbc-sf30/social_network/dynamic/comment_hasTag_tag_0_0.csv rows=78000000 directed_edges=156000000 elapsed_s=153.7
[snb-full][edge] progress file=/data/WorkSpace/ldbc-sf30/social_network/dynamic/comment_hasTag_tag_0_0.csv rows=79000000 directed_edges=158000000 elapsed_s=155.6
[snb-full][edge] progress file=/data/WorkSpace/ldbc-sf30/social_network/dynamic/comment_hasTag_tag_0_0.csv rows=80000000 directed_edges=160000000 elapsed_s=157.5
[snb-full][edge] progress file=/data/WorkSpace/ldbc-sf30/social_network/dynamic/comment_hasTag_tag_0_0.csv rows=81000000 directed_edges=162000000 elapsed_s=159.4
[snb-full][edge] progress file=/data/WorkSpace/ldbc-sf30/social_network/dynamic/comment_hasTag_tag_0_0.csv rows=82000000 directed_edges=164000000 elapsed_s=161.4
[snb-full][edge] progress file=/data/WorkSpace/ldbc-sf30/social_network/dynamic/comment_hasTag_tag_0_0.csv rows=83000000 directed_edges=166000000 elapsed_s=163.4
[snb-full][edge] progress file=/data/WorkSpace/ldbc-sf30/social_network/dynamic/comment_hasTag_tag_0_0.csv rows=84000000 directed_edges=168000000 elapsed_s=165.4
[snb-full][edge] progress file=/data/WorkSpace/ldbc-sf30/social_network/dynamic/comment_hasTag_tag_0_0.csv rows=85000000 directed_edges=170000000 elapsed_s=167.2
[snb-full][edge] progress file=/data/WorkSpace/ldbc-sf30/social_network/dynamic/comment_hasTag_tag_0_0.csv rows=86000000 directed_edges=172000000 elapsed_s=169.2
[snb-full][edge] progress file=/data/WorkSpace/ldbc-sf30/social_network/dynamic/comment_hasTag_tag_0_0.csv rows=87000000 directed_edges=174000000 elapsed_s=171.1
[snb-full][edge] progress file=/data/WorkSpace/ldbc-sf30/social_network/dynamic/comment_hasTag_tag_0_0.csv rows=88000000 directed_edges=176000000 elapsed_s=172.8
[snb-full][edge] done file=/data/WorkSpace/ldbc-sf30/social_network/dynamic/comment_hasTag_tag_0_0.csv rows=88783670 directed_edges=177567340 elapsed_s=174.0
[snb-full][edge] start file=/data/WorkSpace/ldbc-sf30/social_network/dynamic/post_hasTag_tag_0_0.csv edge=HasTag src=Post dst=Tag
[snb-full][edge] progress file=/data/WorkSpace/ldbc-sf30/social_network/dynamic/post_hasTag_tag_0_0.csv rows=1000000 directed_edges=2000000 elapsed_s=2.3
[snb-full][edge] progress file=/data/WorkSpace/ldbc-sf30/social_network/dynamic/post_hasTag_tag_0_0.csv rows=2000000 directed_edges=4000000 elapsed_s=5.0
[snb-full][edge] progress file=/data/WorkSpace/ldbc-sf30/social_network/dynamic/post_hasTag_tag_0_0.csv rows=3000000 directed_edges=6000000 elapsed_s=6.8
[snb-full][edge] progress file=/data/WorkSpace/ldbc-sf30/social_network/dynamic/post_hasTag_tag_0_0.csv rows=4000000 directed_edges=8000000 elapsed_s=10.1
[snb-full][edge] progress file=/data/WorkSpace/ldbc-sf30/social_network/dynamic/post_hasTag_tag_0_0.csv rows=5000000 directed_edges=10000000 elapsed_s=12.7
[snb-full][edge] progress file=/data/WorkSpace/ldbc-sf30/social_network/dynamic/post_hasTag_tag_0_0.csv rows=6000000 directed_edges=12000000 elapsed_s=15.3
[snb-full][edge] progress file=/data/WorkSpace/ldbc-sf30/social_network/dynamic/post_hasTag_tag_0_0.csv rows=7000000 directed_edges=14000000 elapsed_s=16.9
[snb-full][edge] progress file=/data/WorkSpace/ldbc-sf30/social_network/dynamic/post_hasTag_tag_0_0.csv rows=8000000 directed_edges=16000000 elapsed_s=19.9
[snb-full][edge] progress file=/data/WorkSpace/ldbc-sf30/social_network/dynamic/post_hasTag_tag_0_0.csv rows=9000000 directed_edges=18000000 elapsed_s=22.0
[snb-full][edge] progress file=/data/WorkSpace/ldbc-sf30/social_network/dynamic/post_hasTag_tag_0_0.csv rows=10000000 directed_edges=20000000 elapsed_s=23.8
[snb-full][edge] progress file=/data/WorkSpace/ldbc-sf30/social_network/dynamic/post_hasTag_tag_0_0.csv rows=11000000 directed_edges=22000000 elapsed_s=25.8
[snb-full][edge] progress file=/data/WorkSpace/ldbc-sf30/social_network/dynamic/post_hasTag_tag_0_0.csv rows=12000000 directed_edges=24000000 elapsed_s=28.1
[snb-full][edge] progress file=/data/WorkSpace/ldbc-sf30/social_network/dynamic/post_hasTag_tag_0_0.csv rows=13000000 directed_edges=26000000 elapsed_s=30.5
[snb-full][edge] progress file=/data/WorkSpace/ldbc-sf30/social_network/dynamic/post_hasTag_tag_0_0.csv rows=14000000 directed_edges=28000000 elapsed_s=32.9
[snb-full][edge] progress file=/data/WorkSpace/ldbc-sf30/social_network/dynamic/post_hasTag_tag_0_0.csv rows=15000000 directed_edges=30000000 elapsed_s=35.3
[snb-full][edge] progress file=/data/WorkSpace/ldbc-sf30/social_network/dynamic/post_hasTag_tag_0_0.csv rows=16000000 directed_edges=32000000 elapsed_s=37.4
[snb-full][edge] progress file=/data/WorkSpace/ldbc-sf30/social_network/dynamic/post_hasTag_tag_0_0.csv rows=17000000 directed_edges=34000000 elapsed_s=39.3
[snb-full][edge] progress file=/data/WorkSpace/ldbc-sf30/social_network/dynamic/post_hasTag_tag_0_0.csv rows=18000000 directed_edges=36000000 elapsed_s=41.3
[snb-full][edge] progress file=/data/WorkSpace/ldbc-sf30/social_network/dynamic/post_hasTag_tag_0_0.csv rows=19000000 directed_edges=38000000 elapsed_s=43.4
[snb-full][edge] progress file=/data/WorkSpace/ldbc-sf30/social_network/dynamic/post_hasTag_tag_0_0.csv rows=20000000 directed_edges=40000000 elapsed_s=45.4
[snb-full][edge] progress file=/data/WorkSpace/ldbc-sf30/social_network/dynamic/post_hasTag_tag_0_0.csv rows=21000000 directed_edges=42000000 elapsed_s=47.4
[snb-full][edge] progress file=/data/WorkSpace/ldbc-sf30/social_network/dynamic/post_hasTag_tag_0_0.csv rows=22000000 directed_edges=44000000 elapsed_s=49.2
[snb-full][edge] progress file=/data/WorkSpace/ldbc-sf30/social_network/dynamic/post_hasTag_tag_0_0.csv rows=23000000 directed_edges=46000000 elapsed_s=51.2
[snb-full][edge] done file=/data/WorkSpace/ldbc-sf30/social_network/dynamic/post_hasTag_tag_0_0.csv rows=23491281 directed_edges=46982562 elapsed_s=52.3
[snb-full][edge] start file=/data/WorkSpace/ldbc-sf30/social_network/dynamic/person_0_0.csv edge=IsLocatedIn src=Person dst=Place
[snb-full][edge] done file=/data/WorkSpace/ldbc-sf30/social_network/dynamic/person_0_0.csv rows=165430 directed_edges=330860 elapsed_s=0.3
[snb-full][edge] start file=/data/WorkSpace/ldbc-sf30/social_network/dynamic/forum_0_0.csv edge=HasModerator src=Forum dst=Person
[snb-full][edge] progress file=/data/WorkSpace/ldbc-sf30/social_network/dynamic/forum_0_0.csv rows=1000000 directed_edges=2000000 elapsed_s=1.9
[snb-full][edge] done file=/data/WorkSpace/ldbc-sf30/social_network/dynamic/forum_0_0.csv rows=1503655 directed_edges=3007310 elapsed_s=2.8
[snb-full][edge] start file=/data/WorkSpace/ldbc-sf30/social_network/dynamic/post_0_0.csv edge=HasCreator src=Post dst=Person
[snb-full][edge] progress file=/data/WorkSpace/ldbc-sf30/social_network/dynamic/post_0_0.csv rows=1000000 directed_edges=2000000 elapsed_s=2.0
[snb-full][edge] progress file=/data/WorkSpace/ldbc-sf30/social_network/dynamic/post_0_0.csv rows=2000000 directed_edges=4000000 elapsed_s=4.1
[snb-full][edge] progress file=/data/WorkSpace/ldbc-sf30/social_network/dynamic/post_0_0.csv rows=3000000 directed_edges=6000000 elapsed_s=6.3
[snb-full][edge] progress file=/data/WorkSpace/ldbc-sf30/social_network/dynamic/post_0_0.csv rows=4000000 directed_edges=8000000 elapsed_s=8.7
[snb-full][edge] progress file=/data/WorkSpace/ldbc-sf30/social_network/dynamic/post_0_0.csv rows=5000000 directed_edges=10000000 elapsed_s=10.9
[snb-full][edge] progress file=/data/WorkSpace/ldbc-sf30/social_network/dynamic/post_0_0.csv rows=6000000 directed_edges=12000000 elapsed_s=13.4
[snb-full][edge] progress file=/data/WorkSpace/ldbc-sf30/social_network/dynamic/post_0_0.csv rows=7000000 directed_edges=14000000 elapsed_s=15.5
[snb-full][edge] progress file=/data/WorkSpace/ldbc-sf30/social_network/dynamic/post_0_0.csv rows=8000000 directed_edges=16000000 elapsed_s=18.0
[snb-full][edge] progress file=/data/WorkSpace/ldbc-sf30/social_network/dynamic/post_0_0.csv rows=9000000 directed_edges=18000000 elapsed_s=20.1
[snb-full][edge] progress file=/data/WorkSpace/ldbc-sf30/social_network/dynamic/post_0_0.csv rows=10000000 directed_edges=20000000 elapsed_s=22.6
[snb-full][edge] progress file=/data/WorkSpace/ldbc-sf30/social_network/dynamic/post_0_0.csv rows=11000000 directed_edges=22000000 elapsed_s=24.6
[snb-full][edge] progress file=/data/WorkSpace/ldbc-sf30/social_network/dynamic/post_0_0.csv rows=12000000 directed_edges=24000000 elapsed_s=26.3
[snb-full][edge] progress file=/data/WorkSpace/ldbc-sf30/social_network/dynamic/post_0_0.csv rows=13000000 directed_edges=26000000 elapsed_s=29.0
[snb-full][edge] progress file=/data/WorkSpace/ldbc-sf30/social_network/dynamic/post_0_0.csv rows=14000000 directed_edges=28000000 elapsed_s=31.3
[snb-full][edge] progress file=/data/WorkSpace/ldbc-sf30/social_network/dynamic/post_0_0.csv rows=15000000 directed_edges=30000000 elapsed_s=33.0
[snb-full][edge] progress file=/data/WorkSpace/ldbc-sf30/social_network/dynamic/post_0_0.csv rows=16000000 directed_edges=32000000 elapsed_s=35.3
[snb-full][edge] progress file=/data/WorkSpace/ldbc-sf30/social_network/dynamic/post_0_0.csv rows=17000000 directed_edges=34000000 elapsed_s=37.5
[snb-full][edge] progress file=/data/WorkSpace/ldbc-sf30/social_network/dynamic/post_0_0.csv rows=18000000 directed_edges=36000000 elapsed_s=39.5
[snb-full][edge] progress file=/data/WorkSpace/ldbc-sf30/social_network/dynamic/post_0_0.csv rows=19000000 directed_edges=38000000 elapsed_s=41.7
[snb-full][edge] done file=/data/WorkSpace/ldbc-sf30/social_network/dynamic/post_0_0.csv rows=19968658 directed_edges=39937316 elapsed_s=44.1
[snb-full][edge] start file=/data/WorkSpace/ldbc-sf30/social_network/dynamic/post_0_0.csv edge=ContainerOf src=Forum dst=Post
[snb-full][edge] progress file=/data/WorkSpace/ldbc-sf30/social_network/dynamic/post_0_0.csv rows=1000000 directed_edges=2000000 elapsed_s=2.1
[snb-full][edge] progress file=/data/WorkSpace/ldbc-sf30/social_network/dynamic/post_0_0.csv rows=2000000 directed_edges=4000000 elapsed_s=4.6
[snb-full][edge] progress file=/data/WorkSpace/ldbc-sf30/social_network/dynamic/post_0_0.csv rows=3000000 directed_edges=6000000 elapsed_s=6.3
[snb-full][edge] progress file=/data/WorkSpace/ldbc-sf30/social_network/dynamic/post_0_0.csv rows=4000000 directed_edges=8000000 elapsed_s=8.0
[snb-full][edge] progress file=/data/WorkSpace/ldbc-sf30/social_network/dynamic/post_0_0.csv rows=5000000 directed_edges=10000000 elapsed_s=9.9
[snb-full][edge] progress file=/data/WorkSpace/ldbc-sf30/social_network/dynamic/post_0_0.csv rows=6000000 directed_edges=12000000 elapsed_s=11.7
[snb-full][edge] progress file=/data/WorkSpace/ldbc-sf30/social_network/dynamic/post_0_0.csv rows=7000000 directed_edges=14000000 elapsed_s=14.9
[snb-full][edge] progress file=/data/WorkSpace/ldbc-sf30/social_network/dynamic/post_0_0.csv rows=8000000 directed_edges=16000000 elapsed_s=17.7
[snb-full][edge] progress file=/data/WorkSpace/ldbc-sf30/social_network/dynamic/post_0_0.csv rows=9000000 directed_edges=18000000 elapsed_s=20.8
[snb-full][edge] progress file=/data/WorkSpace/ldbc-sf30/social_network/dynamic/post_0_0.csv rows=10000000 directed_edges=20000000 elapsed_s=23.6
[snb-full][edge] progress file=/data/WorkSpace/ldbc-sf30/social_network/dynamic/post_0_0.csv rows=11000000 directed_edges=22000000 elapsed_s=26.5
[snb-full][edge] progress file=/data/WorkSpace/ldbc-sf30/social_network/dynamic/post_0_0.csv rows=12000000 directed_edges=24000000 elapsed_s=29.2
[snb-full][edge] progress file=/data/WorkSpace/ldbc-sf30/social_network/dynamic/post_0_0.csv rows=13000000 directed_edges=26000000 elapsed_s=31.0
[snb-full][edge] progress file=/data/WorkSpace/ldbc-sf30/social_network/dynamic/post_0_0.csv rows=14000000 directed_edges=28000000 elapsed_s=34.7
[snb-full][edge] progress file=/data/WorkSpace/ldbc-sf30/social_network/dynamic/post_0_0.csv rows=15000000 directed_edges=30000000 elapsed_s=37.5
[snb-full][edge] progress file=/data/WorkSpace/ldbc-sf30/social_network/dynamic/post_0_0.csv rows=16000000 directed_edges=32000000 elapsed_s=39.3
[snb-full][edge] progress file=/data/WorkSpace/ldbc-sf30/social_network/dynamic/post_0_0.csv rows=17000000 directed_edges=34000000 elapsed_s=43.5
[snb-full][edge] progress file=/data/WorkSpace/ldbc-sf30/social_network/dynamic/post_0_0.csv rows=18000000 directed_edges=36000000 elapsed_s=45.8
[snb-full][edge] progress file=/data/WorkSpace/ldbc-sf30/social_network/dynamic/post_0_0.csv rows=19000000 directed_edges=38000000 elapsed_s=47.5
[snb-full][edge] done file=/data/WorkSpace/ldbc-sf30/social_network/dynamic/post_0_0.csv rows=19968658 directed_edges=39937316 elapsed_s=50.4
[snb-full][edge] start file=/data/WorkSpace/ldbc-sf30/social_network/dynamic/post_0_0.csv edge=IsLocatedIn src=Post dst=Place
[snb-full][edge] progress file=/data/WorkSpace/ldbc-sf30/social_network/dynamic/post_0_0.csv rows=1000000 directed_edges=2000000 elapsed_s=2.5
[snb-full][edge] progress file=/data/WorkSpace/ldbc-sf30/social_network/dynamic/post_0_0.csv rows=2000000 directed_edges=4000000 elapsed_s=4.7
[snb-full][edge] progress file=/data/WorkSpace/ldbc-sf30/social_network/dynamic/post_0_0.csv rows=3000000 directed_edges=6000000 elapsed_s=7.8
[snb-full][edge] progress file=/data/WorkSpace/ldbc-sf30/social_network/dynamic/post_0_0.csv rows=4000000 directed_edges=8000000 elapsed_s=10.8
[snb-full][edge] progress file=/data/WorkSpace/ldbc-sf30/social_network/dynamic/post_0_0.csv rows=5000000 directed_edges=10000000 elapsed_s=12.7
[snb-full][edge] progress file=/data/WorkSpace/ldbc-sf30/social_network/dynamic/post_0_0.csv rows=6000000 directed_edges=12000000 elapsed_s=15.4
[snb-full][edge] progress file=/data/WorkSpace/ldbc-sf30/social_network/dynamic/post_0_0.csv rows=7000000 directed_edges=14000000 elapsed_s=17.8
[snb-full][edge] progress file=/data/WorkSpace/ldbc-sf30/social_network/dynamic/post_0_0.csv rows=8000000 directed_edges=16000000 elapsed_s=20.3
[snb-full][edge] progress file=/data/WorkSpace/ldbc-sf30/social_network/dynamic/post_0_0.csv rows=9000000 directed_edges=18000000 elapsed_s=22.7
[snb-full][edge] progress file=/data/WorkSpace/ldbc-sf30/social_network/dynamic/post_0_0.csv rows=10000000 directed_edges=20000000 elapsed_s=25.0
[snb-full][edge] progress file=/data/WorkSpace/ldbc-sf30/social_network/dynamic/post_0_0.csv rows=11000000 directed_edges=22000000 elapsed_s=27.5
[snb-full][edge] progress file=/data/WorkSpace/ldbc-sf30/social_network/dynamic/post_0_0.csv rows=12000000 directed_edges=24000000 elapsed_s=29.7
[snb-full][edge] progress file=/data/WorkSpace/ldbc-sf30/social_network/dynamic/post_0_0.csv rows=13000000 directed_edges=26000000 elapsed_s=32.1
[snb-full][edge] progress file=/data/WorkSpace/ldbc-sf30/social_network/dynamic/post_0_0.csv rows=14000000 directed_edges=28000000 elapsed_s=34.4
[snb-full][edge] progress file=/data/WorkSpace/ldbc-sf30/social_network/dynamic/post_0_0.csv rows=15000000 directed_edges=30000000 elapsed_s=37.0
[snb-full][edge] progress file=/data/WorkSpace/ldbc-sf30/social_network/dynamic/post_0_0.csv rows=16000000 directed_edges=32000000 elapsed_s=39.3
[snb-full][edge] progress file=/data/WorkSpace/ldbc-sf30/social_network/dynamic/post_0_0.csv rows=17000000 directed_edges=34000000 elapsed_s=41.3
[snb-full][edge] progress file=/data/WorkSpace/ldbc-sf30/social_network/dynamic/post_0_0.csv rows=18000000 directed_edges=36000000 elapsed_s=44.3
[snb-full][edge] progress file=/data/WorkSpace/ldbc-sf30/social_network/dynamic/post_0_0.csv rows=19000000 directed_edges=38000000 elapsed_s=46.5
[snb-full][edge] done file=/data/WorkSpace/ldbc-sf30/social_network/dynamic/post_0_0.csv rows=19968658 directed_edges=39937316 elapsed_s=48.7
[snb-full][edge] start file=/data/WorkSpace/ldbc-sf30/social_network/dynamic/comment_0_0.csv edge=HasCreator src=Comment dst=Person
[snb-full][edge] progress file=/data/WorkSpace/ldbc-sf30/social_network/dynamic/comment_0_0.csv rows=1000000 directed_edges=2000000 elapsed_s=2.3
[snb-full][edge] progress file=/data/WorkSpace/ldbc-sf30/social_network/dynamic/comment_0_0.csv rows=2000000 directed_edges=4000000 elapsed_s=5.1
[snb-full][edge] progress file=/data/WorkSpace/ldbc-sf30/social_network/dynamic/comment_0_0.csv rows=3000000 directed_edges=6000000 elapsed_s=7.8
[snb-full][edge] progress file=/data/WorkSpace/ldbc-sf30/social_network/dynamic/comment_0_0.csv rows=4000000 directed_edges=8000000 elapsed_s=10.1
[snb-full][edge] progress file=/data/WorkSpace/ldbc-sf30/social_network/dynamic/comment_0_0.csv rows=5000000 directed_edges=10000000 elapsed_s=12.9
[snb-full][edge] progress file=/data/WorkSpace/ldbc-sf30/social_network/dynamic/comment_0_0.csv rows=6000000 directed_edges=12000000 elapsed_s=15.4
[snb-full][edge] progress file=/data/WorkSpace/ldbc-sf30/social_network/dynamic/comment_0_0.csv rows=7000000 directed_edges=14000000 elapsed_s=17.7
[snb-full][edge] progress file=/data/WorkSpace/ldbc-sf30/social_network/dynamic/comment_0_0.csv rows=8000000 directed_edges=16000000 elapsed_s=20.5
[snb-full][edge] progress file=/data/WorkSpace/ldbc-sf30/social_network/dynamic/comment_0_0.csv rows=9000000 directed_edges=18000000 elapsed_s=22.8
[snb-full][edge] progress file=/data/WorkSpace/ldbc-sf30/social_network/dynamic/comment_0_0.csv rows=10000000 directed_edges=20000000 elapsed_s=25.5
[snb-full][edge] progress file=/data/WorkSpace/ldbc-sf30/social_network/dynamic/comment_0_0.csv rows=11000000 directed_edges=22000000 elapsed_s=27.7
[snb-full][edge] progress file=/data/WorkSpace/ldbc-sf30/social_network/dynamic/comment_0_0.csv rows=12000000 directed_edges=24000000 elapsed_s=29.6
[snb-full][edge] progress file=/data/WorkSpace/ldbc-sf30/social_network/dynamic/comment_0_0.csv rows=13000000 directed_edges=26000000 elapsed_s=32.2
[snb-full][edge] progress file=/data/WorkSpace/ldbc-sf30/social_network/dynamic/comment_0_0.csv rows=14000000 directed_edges=28000000 elapsed_s=34.1
[snb-full][edge] progress file=/data/WorkSpace/ldbc-sf30/social_network/dynamic/comment_0_0.csv rows=15000000 directed_edges=30000000 elapsed_s=37.2
[snb-full][edge] progress file=/data/WorkSpace/ldbc-sf30/social_network/dynamic/comment_0_0.csv rows=16000000 directed_edges=32000000 elapsed_s=39.6
[snb-full][edge] progress file=/data/WorkSpace/ldbc-sf30/social_network/dynamic/comment_0_0.csv rows=17000000 directed_edges=34000000 elapsed_s=41.6
[snb-full][edge] progress file=/data/WorkSpace/ldbc-sf30/social_network/dynamic/comment_0_0.csv rows=18000000 directed_edges=36000000 elapsed_s=44.0
[snb-full][edge] progress file=/data/WorkSpace/ldbc-sf30/social_network/dynamic/comment_0_0.csv rows=19000000 directed_edges=38000000 elapsed_s=46.6
[snb-full][edge] progress file=/data/WorkSpace/ldbc-sf30/social_network/dynamic/comment_0_0.csv rows=20000000 directed_edges=40000000 elapsed_s=49.1
[snb-full][edge] progress file=/data/WorkSpace/ldbc-sf30/social_network/dynamic/comment_0_0.csv rows=21000000 directed_edges=42000000 elapsed_s=51.0
[snb-full][edge] progress file=/data/WorkSpace/ldbc-sf30/social_network/dynamic/comment_0_0.csv rows=22000000 directed_edges=44000000 elapsed_s=52.9
[snb-full][edge] progress file=/data/WorkSpace/ldbc-sf30/social_network/dynamic/comment_0_0.csv rows=23000000 directed_edges=46000000 elapsed_s=54.8
[snb-full][edge] progress file=/data/WorkSpace/ldbc-sf30/social_network/dynamic/comment_0_0.csv rows=24000000 directed_edges=48000000 elapsed_s=56.7
[snb-full][edge] progress file=/data/WorkSpace/ldbc-sf30/social_network/dynamic/comment_0_0.csv rows=25000000 directed_edges=50000000 elapsed_s=58.7
[snb-full][edge] progress file=/data/WorkSpace/ldbc-sf30/social_network/dynamic/comment_0_0.csv rows=26000000 directed_edges=52000000 elapsed_s=60.7
[snb-full][edge] progress file=/data/WorkSpace/ldbc-sf30/social_network/dynamic/comment_0_0.csv rows=27000000 directed_edges=54000000 elapsed_s=63.0
[snb-full][edge] progress file=/data/WorkSpace/ldbc-sf30/social_network/dynamic/comment_0_0.csv rows=28000000 directed_edges=56000000 elapsed_s=66.4
[snb-full][edge] progress file=/data/WorkSpace/ldbc-sf30/social_network/dynamic/comment_0_0.csv rows=29000000 directed_edges=58000000 elapsed_s=69.9
[snb-full][edge] progress file=/data/WorkSpace/ldbc-sf30/social_network/dynamic/comment_0_0.csv rows=30000000 directed_edges=60000000 elapsed_s=73.3
[snb-full][edge] progress file=/data/WorkSpace/ldbc-sf30/social_network/dynamic/comment_0_0.csv rows=31000000 directed_edges=62000000 elapsed_s=77.8
[snb-full][edge] progress file=/data/WorkSpace/ldbc-sf30/social_network/dynamic/comment_0_0.csv rows=32000000 directed_edges=64000000 elapsed_s=82.8
[snb-full][edge] progress file=/data/WorkSpace/ldbc-sf30/social_network/dynamic/comment_0_0.csv rows=33000000 directed_edges=66000000 elapsed_s=84.8
[snb-full][edge] progress file=/data/WorkSpace/ldbc-sf30/social_network/dynamic/comment_0_0.csv rows=34000000 directed_edges=68000000 elapsed_s=90.8
[snb-full][edge] progress file=/data/WorkSpace/ldbc-sf30/social_network/dynamic/comment_0_0.csv rows=35000000 directed_edges=70000000 elapsed_s=92.7
[snb-full][edge] progress file=/data/WorkSpace/ldbc-sf30/social_network/dynamic/comment_0_0.csv rows=36000000 directed_edges=72000000 elapsed_s=94.6
[snb-full][edge] progress file=/data/WorkSpace/ldbc-sf30/social_network/dynamic/comment_0_0.csv rows=37000000 directed_edges=74000000 elapsed_s=100.3
[snb-full][edge] progress file=/data/WorkSpace/ldbc-sf30/social_network/dynamic/comment_0_0.csv rows=38000000 directed_edges=76000000 elapsed_s=102.1
[snb-full][edge] progress file=/data/WorkSpace/ldbc-sf30/social_network/dynamic/comment_0_0.csv rows=39000000 directed_edges=78000000 elapsed_s=103.9
[snb-full][edge] progress file=/data/WorkSpace/ldbc-sf30/social_network/dynamic/comment_0_0.csv rows=40000000 directed_edges=80000000 elapsed_s=108.6
[snb-full][edge] progress file=/data/WorkSpace/ldbc-sf30/social_network/dynamic/comment_0_0.csv rows=41000000 directed_edges=82000000 elapsed_s=110.7
[snb-full][edge] progress file=/data/WorkSpace/ldbc-sf30/social_network/dynamic/comment_0_0.csv rows=42000000 directed_edges=84000000 elapsed_s=112.5
[snb-full][edge] progress file=/data/WorkSpace/ldbc-sf30/social_network/dynamic/comment_0_0.csv rows=43000000 directed_edges=86000000 elapsed_s=115.5
[snb-full][edge] progress file=/data/WorkSpace/ldbc-sf30/social_network/dynamic/comment_0_0.csv rows=44000000 directed_edges=88000000 elapsed_s=118.6
[snb-full][edge] progress file=/data/WorkSpace/ldbc-sf30/social_network/dynamic/comment_0_0.csv rows=45000000 directed_edges=90000000 elapsed_s=120.4
[snb-full][edge] progress file=/data/WorkSpace/ldbc-sf30/social_network/dynamic/comment_0_0.csv rows=46000000 directed_edges=92000000 elapsed_s=123.3
[snb-full][edge] progress file=/data/WorkSpace/ldbc-sf30/social_network/dynamic/comment_0_0.csv rows=47000000 directed_edges=94000000 elapsed_s=126.7
[snb-full][edge] progress file=/data/WorkSpace/ldbc-sf30/social_network/dynamic/comment_0_0.csv rows=48000000 directed_edges=96000000 elapsed_s=128.5
[snb-full][edge] progress file=/data/WorkSpace/ldbc-sf30/social_network/dynamic/comment_0_0.csv rows=49000000 directed_edges=98000000 elapsed_s=131.0
[snb-full][edge] progress file=/data/WorkSpace/ldbc-sf30/social_network/dynamic/comment_0_0.csv rows=50000000 directed_edges=100000000 elapsed_s=133.6
[snb-full][edge] progress file=/data/WorkSpace/ldbc-sf30/social_network/dynamic/comment_0_0.csv rows=51000000 directed_edges=102000000 elapsed_s=136.0
[snb-full][edge] progress file=/data/WorkSpace/ldbc-sf30/social_network/dynamic/comment_0_0.csv rows=52000000 directed_edges=104000000 elapsed_s=138.4
[snb-full][edge] progress file=/data/WorkSpace/ldbc-sf30/social_network/dynamic/comment_0_0.csv rows=53000000 directed_edges=106000000 elapsed_s=140.9
[snb-full][edge] progress file=/data/WorkSpace/ldbc-sf30/social_network/dynamic/comment_0_0.csv rows=54000000 directed_edges=108000000 elapsed_s=143.4
[snb-full][edge] progress file=/data/WorkSpace/ldbc-sf30/social_network/dynamic/comment_0_0.csv rows=55000000 directed_edges=110000000 elapsed_s=145.8
[snb-full][edge] progress file=/data/WorkSpace/ldbc-sf30/social_network/dynamic/comment_0_0.csv rows=56000000 directed_edges=112000000 elapsed_s=148.2
[snb-full][edge] progress file=/data/WorkSpace/ldbc-sf30/social_network/dynamic/comment_0_0.csv rows=57000000 directed_edges=114000000 elapsed_s=150.8
[snb-full][edge] progress file=/data/WorkSpace/ldbc-sf30/social_network/dynamic/comment_0_0.csv rows=58000000 directed_edges=116000000 elapsed_s=152.7
[snb-full][edge] progress file=/data/WorkSpace/ldbc-sf30/social_network/dynamic/comment_0_0.csv rows=59000000 directed_edges=118000000 elapsed_s=155.7
[snb-full][edge] progress file=/data/WorkSpace/ldbc-sf30/social_network/dynamic/comment_0_0.csv rows=60000000 directed_edges=120000000 elapsed_s=158.3
[snb-full][edge] progress file=/data/WorkSpace/ldbc-sf30/social_network/dynamic/comment_0_0.csv rows=61000000 directed_edges=122000000 elapsed_s=160.3
[snb-full][edge] progress file=/data/WorkSpace/ldbc-sf30/social_network/dynamic/comment_0_0.csv rows=62000000 directed_edges=124000000 elapsed_s=162.8
[snb-full][edge] progress file=/data/WorkSpace/ldbc-sf30/social_network/dynamic/comment_0_0.csv rows=63000000 directed_edges=126000000 elapsed_s=165.6
[snb-full][edge] progress file=/data/WorkSpace/ldbc-sf30/social_network/dynamic/comment_0_0.csv rows=64000000 directed_edges=128000000 elapsed_s=168.4
[snb-full][edge] progress file=/data/WorkSpace/ldbc-sf30/social_network/dynamic/comment_0_0.csv rows=65000000 directed_edges=130000000 elapsed_s=170.6
[snb-full][edge] progress file=/data/WorkSpace/ldbc-sf30/social_network/dynamic/comment_0_0.csv rows=66000000 directed_edges=132000000 elapsed_s=173.0
[snb-full][edge] progress file=/data/WorkSpace/ldbc-sf30/social_network/dynamic/comment_0_0.csv rows=67000000 directed_edges=134000000 elapsed_s=175.5
[snb-full][edge] done file=/data/WorkSpace/ldbc-sf30/social_network/dynamic/comment_0_0.csv rows=67126524 directed_edges=134253048 elapsed_s=175.8
[snb-full][edge] start file=/data/WorkSpace/ldbc-sf30/social_network/dynamic/comment_0_0.csv edge=IsLocatedIn src=Comment dst=Place
[snb-full][edge] progress file=/data/WorkSpace/ldbc-sf30/social_network/dynamic/comment_0_0.csv rows=1000000 directed_edges=2000000 elapsed_s=2.9
[snb-full][edge] progress file=/data/WorkSpace/ldbc-sf30/social_network/dynamic/comment_0_0.csv rows=2000000 directed_edges=4000000 elapsed_s=5.2
[snb-full][edge] progress file=/data/WorkSpace/ldbc-sf30/social_network/dynamic/comment_0_0.csv rows=3000000 directed_edges=6000000 elapsed_s=7.4
[snb-full][edge] progress file=/data/WorkSpace/ldbc-sf30/social_network/dynamic/comment_0_0.csv rows=4000000 directed_edges=8000000 elapsed_s=10.3
[snb-full][edge] progress file=/data/WorkSpace/ldbc-sf30/social_network/dynamic/comment_0_0.csv rows=5000000 directed_edges=10000000 elapsed_s=13.5
[snb-full][edge] progress file=/data/WorkSpace/ldbc-sf30/social_network/dynamic/comment_0_0.csv rows=6000000 directed_edges=12000000 elapsed_s=15.6
[snb-full][edge] progress file=/data/WorkSpace/ldbc-sf30/social_network/dynamic/comment_0_0.csv rows=7000000 directed_edges=14000000 elapsed_s=18.3
[snb-full][edge] progress file=/data/WorkSpace/ldbc-sf30/social_network/dynamic/comment_0_0.csv rows=8000000 directed_edges=16000000 elapsed_s=20.6
[snb-full][edge] progress file=/data/WorkSpace/ldbc-sf30/social_network/dynamic/comment_0_0.csv rows=9000000 directed_edges=18000000 elapsed_s=23.1
[snb-full][edge] progress file=/data/WorkSpace/ldbc-sf30/social_network/dynamic/comment_0_0.csv rows=10000000 directed_edges=20000000 elapsed_s=25.4
[snb-full][edge] progress file=/data/WorkSpace/ldbc-sf30/social_network/dynamic/comment_0_0.csv rows=11000000 directed_edges=22000000 elapsed_s=27.8
[snb-full][edge] progress file=/data/WorkSpace/ldbc-sf30/social_network/dynamic/comment_0_0.csv rows=12000000 directed_edges=24000000 elapsed_s=30.2
[snb-full][edge] progress file=/data/WorkSpace/ldbc-sf30/social_network/dynamic/comment_0_0.csv rows=13000000 directed_edges=26000000 elapsed_s=32.3
[snb-full][edge] progress file=/data/WorkSpace/ldbc-sf30/social_network/dynamic/comment_0_0.csv rows=14000000 directed_edges=28000000 elapsed_s=35.2
[snb-full][edge] progress file=/data/WorkSpace/ldbc-sf30/social_network/dynamic/comment_0_0.csv rows=15000000 directed_edges=30000000 elapsed_s=37.6
[snb-full][edge] progress file=/data/WorkSpace/ldbc-sf30/social_network/dynamic/comment_0_0.csv rows=16000000 directed_edges=32000000 elapsed_s=39.5
[snb-full][edge] progress file=/data/WorkSpace/ldbc-sf30/social_network/dynamic/comment_0_0.csv rows=17000000 directed_edges=34000000 elapsed_s=42.2
[snb-full][edge] progress file=/data/WorkSpace/ldbc-sf30/social_network/dynamic/comment_0_0.csv rows=18000000 directed_edges=36000000 elapsed_s=44.0
[snb-full][edge] progress file=/data/WorkSpace/ldbc-sf30/social_network/dynamic/comment_0_0.csv rows=19000000 directed_edges=38000000 elapsed_s=46.3
[snb-full][edge] progress file=/data/WorkSpace/ldbc-sf30/social_network/dynamic/comment_0_0.csv rows=20000000 directed_edges=40000000 elapsed_s=48.6
[snb-full][edge] progress file=/data/WorkSpace/ldbc-sf30/social_network/dynamic/comment_0_0.csv rows=21000000 directed_edges=42000000 elapsed_s=50.9
[snb-full][edge] progress file=/data/WorkSpace/ldbc-sf30/social_network/dynamic/comment_0_0.csv rows=22000000 directed_edges=44000000 elapsed_s=53.3
[snb-full][edge] progress file=/data/WorkSpace/ldbc-sf30/social_network/dynamic/comment_0_0.csv rows=23000000 directed_edges=46000000 elapsed_s=55.6
[snb-full][edge] progress file=/data/WorkSpace/ldbc-sf30/social_network/dynamic/comment_0_0.csv rows=24000000 directed_edges=48000000 elapsed_s=58.3
[snb-full][edge] progress file=/data/WorkSpace/ldbc-sf30/social_network/dynamic/comment_0_0.csv rows=25000000 directed_edges=50000000 elapsed_s=60.6
[snb-full][edge] progress file=/data/WorkSpace/ldbc-sf30/social_network/dynamic/comment_0_0.csv rows=26000000 directed_edges=52000000 elapsed_s=63.2
[snb-full][edge] progress file=/data/WorkSpace/ldbc-sf30/social_network/dynamic/comment_0_0.csv rows=27000000 directed_edges=54000000 elapsed_s=65.5
[snb-full][edge] progress file=/data/WorkSpace/ldbc-sf30/social_network/dynamic/comment_0_0.csv rows=28000000 directed_edges=56000000 elapsed_s=68.2
[snb-full][edge] progress file=/data/WorkSpace/ldbc-sf30/social_network/dynamic/comment_0_0.csv rows=29000000 directed_edges=58000000 elapsed_s=70.7
[snb-full][edge] progress file=/data/WorkSpace/ldbc-sf30/social_network/dynamic/comment_0_0.csv rows=30000000 directed_edges=60000000 elapsed_s=73.4
[snb-full][edge] progress file=/data/WorkSpace/ldbc-sf30/social_network/dynamic/comment_0_0.csv rows=31000000 directed_edges=62000000 elapsed_s=75.9
[snb-full][edge] progress file=/data/WorkSpace/ldbc-sf30/social_network/dynamic/comment_0_0.csv rows=32000000 directed_edges=64000000 elapsed_s=78.3
[snb-full][edge] progress file=/data/WorkSpace/ldbc-sf30/social_network/dynamic/comment_0_0.csv rows=33000000 directed_edges=66000000 elapsed_s=80.7
[snb-full][edge] progress file=/data/WorkSpace/ldbc-sf30/social_network/dynamic/comment_0_0.csv rows=34000000 directed_edges=68000000 elapsed_s=83.3
[snb-full][edge] progress file=/data/WorkSpace/ldbc-sf30/social_network/dynamic/comment_0_0.csv rows=35000000 directed_edges=70000000 elapsed_s=85.7
[snb-full][edge] progress file=/data/WorkSpace/ldbc-sf30/social_network/dynamic/comment_0_0.csv rows=36000000 directed_edges=72000000 elapsed_s=88.0
[snb-full][edge] progress file=/data/WorkSpace/ldbc-sf30/social_network/dynamic/comment_0_0.csv rows=37000000 directed_edges=74000000 elapsed_s=90.7
[snb-full][edge] progress file=/data/WorkSpace/ldbc-sf30/social_network/dynamic/comment_0_0.csv rows=38000000 directed_edges=76000000 elapsed_s=93.3
[snb-full][edge] progress file=/data/WorkSpace/ldbc-sf30/social_network/dynamic/comment_0_0.csv rows=39000000 directed_edges=78000000 elapsed_s=95.5
[snb-full][edge] progress file=/data/WorkSpace/ldbc-sf30/social_network/dynamic/comment_0_0.csv rows=40000000 directed_edges=80000000 elapsed_s=97.5
[snb-full][edge] progress file=/data/WorkSpace/ldbc-sf30/social_network/dynamic/comment_0_0.csv rows=41000000 directed_edges=82000000 elapsed_s=100.0
[snb-full][edge] progress file=/data/WorkSpace/ldbc-sf30/social_network/dynamic/comment_0_0.csv rows=42000000 directed_edges=84000000 elapsed_s=102.8
[snb-full][edge] progress file=/data/WorkSpace/ldbc-sf30/social_network/dynamic/comment_0_0.csv rows=43000000 directed_edges=86000000 elapsed_s=104.7
[snb-full][edge] progress file=/data/WorkSpace/ldbc-sf30/social_network/dynamic/comment_0_0.csv rows=44000000 directed_edges=88000000 elapsed_s=106.9
[snb-full][edge] progress file=/data/WorkSpace/ldbc-sf30/social_network/dynamic/comment_0_0.csv rows=45000000 directed_edges=90000000 elapsed_s=109.4
[snb-full][edge] progress file=/data/WorkSpace/ldbc-sf30/social_network/dynamic/comment_0_0.csv rows=46000000 directed_edges=92000000 elapsed_s=112.0
[snb-full][edge] progress file=/data/WorkSpace/ldbc-sf30/social_network/dynamic/comment_0_0.csv rows=47000000 directed_edges=94000000 elapsed_s=114.4
[snb-full][edge] progress file=/data/WorkSpace/ldbc-sf30/social_network/dynamic/comment_0_0.csv rows=48000000 directed_edges=96000000 elapsed_s=117.1
[snb-full][edge] progress file=/data/WorkSpace/ldbc-sf30/social_network/dynamic/comment_0_0.csv rows=49000000 directed_edges=98000000 elapsed_s=119.4
[snb-full][edge] progress file=/data/WorkSpace/ldbc-sf30/social_network/dynamic/comment_0_0.csv rows=50000000 directed_edges=100000000 elapsed_s=121.7
[snb-full][edge] progress file=/data/WorkSpace/ldbc-sf30/social_network/dynamic/comment_0_0.csv rows=51000000 directed_edges=102000000 elapsed_s=124.4
[snb-full][edge] progress file=/data/WorkSpace/ldbc-sf30/social_network/dynamic/comment_0_0.csv rows=52000000 directed_edges=104000000 elapsed_s=126.7
[snb-full][edge] progress file=/data/WorkSpace/ldbc-sf30/social_network/dynamic/comment_0_0.csv rows=53000000 directed_edges=106000000 elapsed_s=129.5
[snb-full][edge] progress file=/data/WorkSpace/ldbc-sf30/social_network/dynamic/comment_0_0.csv rows=54000000 directed_edges=108000000 elapsed_s=132.0
[snb-full][edge] progress file=/data/WorkSpace/ldbc-sf30/social_network/dynamic/comment_0_0.csv rows=55000000 directed_edges=110000000 elapsed_s=134.7
[snb-full][edge] progress file=/data/WorkSpace/ldbc-sf30/social_network/dynamic/comment_0_0.csv rows=56000000 directed_edges=112000000 elapsed_s=137.1
[snb-full][edge] progress file=/data/WorkSpace/ldbc-sf30/social_network/dynamic/comment_0_0.csv rows=57000000 directed_edges=114000000 elapsed_s=139.3
[snb-full][edge] progress file=/data/WorkSpace/ldbc-sf30/social_network/dynamic/comment_0_0.csv rows=58000000 directed_edges=116000000 elapsed_s=141.2
[snb-full][edge] progress file=/data/WorkSpace/ldbc-sf30/social_network/dynamic/comment_0_0.csv rows=59000000 directed_edges=118000000 elapsed_s=143.7
[snb-full][edge] progress file=/data/WorkSpace/ldbc-sf30/social_network/dynamic/comment_0_0.csv rows=60000000 directed_edges=120000000 elapsed_s=146.6
[snb-full][edge] progress file=/data/WorkSpace/ldbc-sf30/social_network/dynamic/comment_0_0.csv rows=61000000 directed_edges=122000000 elapsed_s=148.9
[snb-full][edge] progress file=/data/WorkSpace/ldbc-sf30/social_network/dynamic/comment_0_0.csv rows=62000000 directed_edges=124000000 elapsed_s=150.8
[snb-full][edge] progress file=/data/WorkSpace/ldbc-sf30/social_network/dynamic/comment_0_0.csv rows=63000000 directed_edges=126000000 elapsed_s=153.1
[snb-full][edge] progress file=/data/WorkSpace/ldbc-sf30/social_network/dynamic/comment_0_0.csv rows=64000000 directed_edges=128000000 elapsed_s=155.5
[snb-full][edge] progress file=/data/WorkSpace/ldbc-sf30/social_network/dynamic/comment_0_0.csv rows=65000000 directed_edges=130000000 elapsed_s=157.7
[snb-full][edge] progress file=/data/WorkSpace/ldbc-sf30/social_network/dynamic/comment_0_0.csv rows=66000000 directed_edges=132000000 elapsed_s=160.0
[snb-full][edge] progress file=/data/WorkSpace/ldbc-sf30/social_network/dynamic/comment_0_0.csv rows=67000000 directed_edges=134000000 elapsed_s=162.3
[snb-full][edge] done file=/data/WorkSpace/ldbc-sf30/social_network/dynamic/comment_0_0.csv rows=67126524 directed_edges=134253048 elapsed_s=162.5
[snb-full][edge] start file=/data/WorkSpace/ldbc-sf30/social_network/dynamic/comment_0_0.csv edge=ReplyOfPost src=Comment dst=Post
[snb-full][edge] progress file=/data/WorkSpace/ldbc-sf30/social_network/dynamic/comment_0_0.csv rows=2000000 directed_edges=1970090 elapsed_s=2.6
[snb-full][edge] progress file=/data/WorkSpace/ldbc-sf30/social_network/dynamic/comment_0_0.csv rows=3000000 directed_edges=2953794 elapsed_s=4.1
[snb-full][edge] progress file=/data/WorkSpace/ldbc-sf30/social_network/dynamic/comment_0_0.csv rows=7000000 directed_edges=6892384 elapsed_s=9.0
[snb-full][edge] progress file=/data/WorkSpace/ldbc-sf30/social_network/dynamic/comment_0_0.csv rows=15000000 directed_edges=14774786 elapsed_s=17.5
[snb-full][edge] progress file=/data/WorkSpace/ldbc-sf30/social_network/dynamic/comment_0_0.csv rows=17000000 directed_edges=16745500 elapsed_s=19.7
[snb-full][edge] progress file=/data/WorkSpace/ldbc-sf30/social_network/dynamic/comment_0_0.csv rows=18000000 directed_edges=17732230 elapsed_s=20.8
[snb-full][edge] progress file=/data/WorkSpace/ldbc-sf30/social_network/dynamic/comment_0_0.csv rows=22000000 directed_edges=21673602 elapsed_s=25.1
[snb-full][edge] progress file=/data/WorkSpace/ldbc-sf30/social_network/dynamic/comment_0_0.csv rows=25000000 directed_edges=24632018 elapsed_s=28.3
[snb-full][edge] progress file=/data/WorkSpace/ldbc-sf30/social_network/dynamic/comment_0_0.csv rows=26000000 directed_edges=25617288 elapsed_s=29.4
[snb-full][edge] progress file=/data/WorkSpace/ldbc-sf30/social_network/dynamic/comment_0_0.csv rows=27000000 directed_edges=26600092 elapsed_s=30.4
[snb-full][edge] progress file=/data/WorkSpace/ldbc-sf30/social_network/dynamic/comment_0_0.csv rows=29000000 directed_edges=28570404 elapsed_s=32.6
[snb-full][edge] progress file=/data/WorkSpace/ldbc-sf30/social_network/dynamic/comment_0_0.csv rows=30000000 directed_edges=29556650 elapsed_s=33.8
[snb-full][edge] progress file=/data/WorkSpace/ldbc-sf30/social_network/dynamic/comment_0_0.csv rows=31000000 directed_edges=30541330 elapsed_s=34.9
[snb-full][edge] progress file=/data/WorkSpace/ldbc-sf30/social_network/dynamic/comment_0_0.csv rows=35000000 directed_edges=34481520 elapsed_s=40.9
[snb-full][edge] progress file=/data/WorkSpace/ldbc-sf30/social_network/dynamic/comment_0_0.csv rows=36000000 directed_edges=35465416 elapsed_s=42.6
[snb-full][edge] progress file=/data/WorkSpace/ldbc-sf30/social_network/dynamic/comment_0_0.csv rows=37000000 directed_edges=36451092 elapsed_s=43.9
[snb-full][edge] progress file=/data/WorkSpace/ldbc-sf30/social_network/dynamic/comment_0_0.csv rows=41000000 directed_edges=40394872 elapsed_s=49.7
[snb-full][edge] progress file=/data/WorkSpace/ldbc-sf30/social_network/dynamic/comment_0_0.csv rows=42000000 directed_edges=41379110 elapsed_s=51.1
[snb-full][edge] progress file=/data/WorkSpace/ldbc-sf30/social_network/dynamic/comment_0_0.csv rows=43000000 directed_edges=42364830 elapsed_s=52.8
[snb-full][edge] progress file=/data/WorkSpace/ldbc-sf30/social_network/dynamic/comment_0_0.csv rows=44000000 directed_edges=43351124 elapsed_s=54.5
[snb-full][edge] progress file=/data/WorkSpace/ldbc-sf30/social_network/dynamic/comment_0_0.csv rows=45000000 directed_edges=44337278 elapsed_s=55.8
[snb-full][edge] progress file=/data/WorkSpace/ldbc-sf30/social_network/dynamic/comment_0_0.csv rows=48000000 directed_edges=47295448 elapsed_s=62.9
[snb-full][edge] progress file=/data/WorkSpace/ldbc-sf30/social_network/dynamic/comment_0_0.csv rows=50000000 directed_edges=49266922 elapsed_s=66.6
[snb-full][edge] progress file=/data/WorkSpace/ldbc-sf30/social_network/dynamic/comment_0_0.csv rows=51000000 directed_edges=50251210 elapsed_s=69.0
[snb-full][edge] progress file=/data/WorkSpace/ldbc-sf30/social_network/dynamic/comment_0_0.csv rows=52000000 directed_edges=51233496 elapsed_s=70.3
[snb-full][edge] progress file=/data/WorkSpace/ldbc-sf30/social_network/dynamic/comment_0_0.csv rows=55000000 directed_edges=54192092 elapsed_s=76.7
[snb-full][edge] progress file=/data/WorkSpace/ldbc-sf30/social_network/dynamic/comment_0_0.csv rows=60000000 directed_edges=59118634 elapsed_s=84.2
[snb-full][edge] progress file=/data/WorkSpace/ldbc-sf30/social_network/dynamic/comment_0_0.csv rows=63000000 directed_edges=62079396 elapsed_s=88.5
[snb-full][edge] progress file=/data/WorkSpace/ldbc-sf30/social_network/dynamic/comment_0_0.csv rows=66000000 directed_edges=65037274 elapsed_s=92.4
[snb-full][edge] done file=/data/WorkSpace/ldbc-sf30/social_network/dynamic/comment_0_0.csv rows=67126524 directed_edges=66147218 elapsed_s=94.1
[snb-full][edge] start file=/data/WorkSpace/ldbc-sf30/social_network/dynamic/comment_0_0.csv edge=ReplyOfComment src=Comment dst=Comment
[snb-full][edge] progress file=/data/WorkSpace/ldbc-sf30/social_network/dynamic/comment_0_0.csv rows=1000000 directed_edges=1013770 elapsed_s=1.1
[snb-full][edge] progress file=/data/WorkSpace/ldbc-sf30/social_network/dynamic/comment_0_0.csv rows=4000000 directed_edges=4063022 elapsed_s=5.3
[snb-full][edge] progress file=/data/WorkSpace/ldbc-sf30/social_network/dynamic/comment_0_0.csv rows=5000000 directed_edges=5076316 elapsed_s=6.4
[snb-full][edge] progress file=/data/WorkSpace/ldbc-sf30/social_network/dynamic/comment_0_0.csv rows=6000000 directed_edges=6091636 elapsed_s=8.0
[snb-full][edge] progress file=/data/WorkSpace/ldbc-sf30/social_network/dynamic/comment_0_0.csv rows=8000000 directed_edges=8121200 elapsed_s=10.3
[snb-full][edge] progress file=/data/WorkSpace/ldbc-sf30/social_network/dynamic/comment_0_0.csv rows=9000000 directed_edges=9137780 elapsed_s=11.7
[snb-full][edge] progress file=/data/WorkSpace/ldbc-sf30/social_network/dynamic/comment_0_0.csv rows=10000000 directed_edges=10149604 elapsed_s=13.2
[snb-full][edge] progress file=/data/WorkSpace/ldbc-sf30/social_network/dynamic/comment_0_0.csv rows=11000000 directed_edges=11164466 elapsed_s=14.2
[snb-full][edge] progress file=/data/WorkSpace/ldbc-sf30/social_network/dynamic/comment_0_0.csv rows=12000000 directed_edges=12179736 elapsed_s=15.5
[snb-full][edge] progress file=/data/WorkSpace/ldbc-sf30/social_network/dynamic/comment_0_0.csv rows=13000000 directed_edges=13195174 elapsed_s=16.5
[snb-full][edge] progress file=/data/WorkSpace/ldbc-sf30/social_network/dynamic/comment_0_0.csv rows=14000000 directed_edges=14209252 elapsed_s=17.8
[snb-full][edge] progress file=/data/WorkSpace/ldbc-sf30/social_network/dynamic/comment_0_0.csv rows=16000000 directed_edges=16239914 elapsed_s=20.4
[snb-full][edge] progress file=/data/WorkSpace/ldbc-sf30/social_network/dynamic/comment_0_0.csv rows=19000000 directed_edges=19280546 elapsed_s=23.9
[snb-full][edge] progress file=/data/WorkSpace/ldbc-sf30/social_network/dynamic/comment_0_0.csv rows=20000000 directed_edges=20295236 elapsed_s=25.0
[snb-full][edge] progress file=/data/WorkSpace/ldbc-sf30/social_network/dynamic/comment_0_0.csv rows=21000000 directed_edges=21309520 elapsed_s=26.2
[snb-full][edge] progress file=/data/WorkSpace/ldbc-sf30/social_network/dynamic/comment_0_0.csv rows=23000000 directed_edges=23338838 elapsed_s=29.3
[snb-full][edge] progress file=/data/WorkSpace/ldbc-sf30/social_network/dynamic/comment_0_0.csv rows=24000000 directed_edges=24353538 elapsed_s=30.4
[snb-full][edge] progress file=/data/WorkSpace/ldbc-sf30/social_network/dynamic/comment_0_0.csv rows=28000000 directed_edges=28413118 elapsed_s=35.5
[snb-full][edge] progress file=/data/WorkSpace/ldbc-sf30/social_network/dynamic/comment_0_0.csv rows=32000000 directed_edges=32476378 elapsed_s=40.1
[snb-full][edge] progress file=/data/WorkSpace/ldbc-sf30/social_network/dynamic/comment_0_0.csv rows=33000000 directed_edges=33488312 elapsed_s=41.2
[snb-full][edge] progress file=/data/WorkSpace/ldbc-sf30/social_network/dynamic/comment_0_0.csv rows=34000000 directed_edges=34503178 elapsed_s=42.5
[snb-full][edge] progress file=/data/WorkSpace/ldbc-sf30/social_network/dynamic/comment_0_0.csv rows=38000000 directed_edges=38562896 elapsed_s=47.4
[snb-full][edge] progress file=/data/WorkSpace/ldbc-sf30/social_network/dynamic/comment_0_0.csv rows=39000000 directed_edges=39577094 elapsed_s=48.5
[snb-full][edge] progress file=/data/WorkSpace/ldbc-sf30/social_network/dynamic/comment_0_0.csv rows=40000000 directed_edges=40590432 elapsed_s=49.8
[snb-full][edge] progress file=/data/WorkSpace/ldbc-sf30/social_network/dynamic/comment_0_0.csv rows=46000000 directed_edges=46677944 elapsed_s=57.5
[snb-full][edge] progress file=/data/WorkSpace/ldbc-sf30/social_network/dynamic/comment_0_0.csv rows=47000000 directed_edges=47691660 elapsed_s=58.7
[snb-full][edge] progress file=/data/WorkSpace/ldbc-sf30/social_network/dynamic/comment_0_0.csv rows=49000000 directed_edges=49719228 elapsed_s=61.5
[snb-full][edge] progress file=/data/WorkSpace/ldbc-sf30/social_network/dynamic/comment_0_0.csv rows=53000000 directed_edges=53780556 elapsed_s=66.3
[snb-full][edge] progress file=/data/WorkSpace/ldbc-sf30/social_network/dynamic/comment_0_0.csv rows=54000000 directed_edges=54793704 elapsed_s=67.4
[snb-full][edge] progress file=/data/WorkSpace/ldbc-sf30/social_network/dynamic/comment_0_0.csv rows=56000000 directed_edges=56821038 elapsed_s=70.6
[snb-full][edge] progress file=/data/WorkSpace/ldbc-sf30/social_network/dynamic/comment_0_0.csv rows=57000000 directed_edges=57837020 elapsed_s=71.7
[snb-full][edge] progress file=/data/WorkSpace/ldbc-sf30/social_network/dynamic/comment_0_0.csv rows=58000000 directed_edges=58853184 elapsed_s=73.2
[snb-full][edge] progress file=/data/WorkSpace/ldbc-sf30/social_network/dynamic/comment_0_0.csv rows=59000000 directed_edges=59867356 elapsed_s=74.4
[snb-full][edge] progress file=/data/WorkSpace/ldbc-sf30/social_network/dynamic/comment_0_0.csv rows=61000000 directed_edges=61894750 elapsed_s=77.2
[snb-full][edge] progress file=/data/WorkSpace/ldbc-sf30/social_network/dynamic/comment_0_0.csv rows=62000000 directed_edges=62907294 elapsed_s=78.5
[snb-full][edge] progress file=/data/WorkSpace/ldbc-sf30/social_network/dynamic/comment_0_0.csv rows=64000000 directed_edges=64932496 elapsed_s=80.8
[snb-full][edge] progress file=/data/WorkSpace/ldbc-sf30/social_network/dynamic/comment_0_0.csv rows=65000000 directed_edges=65946566 elapsed_s=81.8
[snb-full][edge] progress file=/data/WorkSpace/ldbc-sf30/social_network/dynamic/comment_0_0.csv rows=67000000 directed_edges=67976736 elapsed_s=84.3
[snb-full][edge] done file=/data/WorkSpace/ldbc-sf30/social_network/dynamic/comment_0_0.csv rows=67126524 directed_edges=68105830 elapsed_s=84.4
[snb-full][edge] start file=/data/WorkSpace/ldbc-sf30/social_network/static/organisation_0_0.csv edge=IsLocatedIn src=Organisation dst=Place
[snb-full][edge] done file=/data/WorkSpace/ldbc-sf30/social_network/static/organisation_0_0.csv rows=7955 directed_edges=15910 elapsed_s=0.0
[snb-full][edge] start file=/data/WorkSpace/ldbc-sf30/social_network/static/place_0_0.csv edge=IsPartOf src=Place dst=Place
[snb-full][edge] done file=/data/WorkSpace/ldbc-sf30/social_network/static/place_0_0.csv rows=1460 directed_edges=2908 elapsed_s=0.0
[snb-full][edge] start file=/data/WorkSpace/ldbc-sf30/social_network/static/tag_0_0.csv edge=HasType src=Tag dst=TagClass
[snb-full][edge] done file=/data/WorkSpace/ldbc-sf30/social_network/static/tag_0_0.csv rows=16080 directed_edges=32160 elapsed_s=0.0
[snb-full][edge] start file=/data/WorkSpace/ldbc-sf30/social_network/static/tagclass_0_0.csv edge=IsSubclassOf src=TagClass dst=TagClass
[snb-full][edge] done file=/data/WorkSpace/ldbc-sf30/social_network/static/tagclass_0_0.csv rows=71 directed_edges=140 elapsed_s=0.0
[snb-full] edge import complete input_rows=608041914 directed_edges=1087848423 edge_props=/dev/null elapsed_s=1241.1
[snb-full] flushing active MemGraph to CSR
[snb-full] flush complete elapsed_s=4.4
[snb-full] SKIP adjacency cache (SNB_SKIP_ADJ_CACHE set) directed_edges=1087848423 total_elapsed_s=1245.5
