	Command being timed: "target/release/lsmgraph --io-backend blocking import --input /data/WorkSpace/ldbc-sf30/social_network --data-dir store/e11-sf30-edge_type_only-20260608 --relation snb-full --memgraph-bytes 67108864 --l0-layout edge-type-only"
	User time (seconds): 2983.49
	System time (seconds): 497.30
	Percent of CPU this job got: 247%
	Elapsed (wall clock) time (h:mm:ss or m:ss): 23:24.04
	Average shared text size (kbytes): 0
	Average unshared data size (kbytes): 0
	Average stack size (kbytes): 0
	Average total size (kbytes): 0
	Maximum resident set size (kbytes): 54168148
	Average resident set size (kbytes): 0
	Major (requiring I/O) page faults: 0
	Minor (reclaiming a frame) page faults: 98658491
	Voluntary context switches: 6485639
	Involuntary context switches: 8245
	Swaps: 0
	File system inputs: 0
	File system outputs: 83988144
	Socket messages sent: 0
	Socket messages received: 0
	Signals delivered: 0
	Page size (bytes): 4096
	Exit status: 0
