	Command being timed: "target/release/lsmgraph --io-backend blocking import --input /data/WorkSpace/ldbc-sf100/social_network --data-dir store/e11-sf100-full_semantic-20260608 --relation snb-full --memgraph-bytes 67108864 --l0-layout semantic"
	User time (seconds): 10118.34
	System time (seconds): 1681.18
	Percent of CPU this job got: 244%
	Elapsed (wall clock) time (h:mm:ss or m:ss): 1:20:17
	Average shared text size (kbytes): 0
	Average unshared data size (kbytes): 0
	Average stack size (kbytes): 0
	Average total size (kbytes): 0
	Maximum resident set size (kbytes): 215394188
	Average resident set size (kbytes): 0
	Major (requiring I/O) page faults: 0
	Minor (reclaiming a frame) page faults: 332587245
	Voluntary context switches: 20721077
	Involuntary context switches: 17587
	Swaps: 0
	File system inputs: 248
	File system outputs: 275952944
	Socket messages sent: 0
	Socket messages received: 0
	Signals delivered: 0
	Page size (bytes): 4096
	Exit status: 0
