	Command being timed: "python3 baseline/convert_livegraph_edges.py --input /data/WorkSpace/lsmgraph-rs/baseline/external-baselines-20260624/livegraph/sf1-smoke/edges-raw.tsv --output /data/WorkSpace/lsmgraph-rs/baseline/external-baselines-20260624/livegraph/sf1-smoke/edges-dense.txt --summary /data/WorkSpace/lsmgraph-rs/baseline/external-baselines-20260624/livegraph/sf1-smoke/convert-summary.json"
	User time (seconds): 112.39
	System time (seconds): 2.47
	Percent of CPU this job got: 99%
	Elapsed (wall clock) time (h:mm:ss or m:ss): 1:54.86
	Average shared text size (kbytes): 0
	Average unshared data size (kbytes): 0
	Average stack size (kbytes): 0
	Average total size (kbytes): 0
	Maximum resident set size (kbytes): 434188
	Average resident set size (kbytes): 0
	Major (requiring I/O) page faults: 0
	Minor (reclaiming a frame) page faults: 191785
	Voluntary context switches: 2
	Involuntary context switches: 119
	Swaps: 0
	File system inputs: 0
	File system outputs: 1157048
	Socket messages sent: 0
	Socket messages received: 0
	Signals delivered: 0
	Page size (bytes): 4096
	Exit status: 0
