[snb-full] SKIP vertex JSONL + edge-prop persistence (SNB_SKIP_ADJ_CACHE set)
[snb-full][edge] start file=/data/WorkSpace/ldbc-sf1/social_network/dynamic/person_knows_person_0_0.csv edge=Knows src=Person dst=Person
[snb-full][edge] done file=/data/WorkSpace/ldbc-sf1/social_network/dynamic/person_knows_person_0_0.csv rows=180623 directed_edges=541869 elapsed_s=0.6
[snb-full][edge] start file=/data/WorkSpace/ldbc-sf1/social_network/dynamic/person_likes_comment_0_0.csv edge=LikesComment src=Person dst=Comment
[snb-full][edge] progress file=/data/WorkSpace/ldbc-sf1/social_network/dynamic/person_likes_comment_0_0.csv rows=1000000 directed_edges=2000000 elapsed_s=2.1
[snb-full][edge] done file=/data/WorkSpace/ldbc-sf1/social_network/dynamic/person_likes_comment_0_0.csv rows=1438418 directed_edges=2876836 elapsed_s=3.0
[snb-full][edge] start file=/data/WorkSpace/ldbc-sf1/social_network/dynamic/person_likes_post_0_0.csv edge=LikesPost src=Person dst=Post
[snb-full][edge] done file=/data/WorkSpace/ldbc-sf1/social_network/dynamic/person_likes_post_0_0.csv rows=751677 directed_edges=1503354 elapsed_s=1.7
[snb-full][edge] start file=/data/WorkSpace/ldbc-sf1/social_network/dynamic/person_hasInterest_tag_0_0.csv edge=HasInterest src=Person dst=Tag
[snb-full][edge] done file=/data/WorkSpace/ldbc-sf1/social_network/dynamic/person_hasInterest_tag_0_0.csv rows=229166 directed_edges=458332 elapsed_s=0.4
[snb-full][edge] start file=/data/WorkSpace/ldbc-sf1/social_network/dynamic/person_studyAt_organisation_0_0.csv edge=StudyAt src=Person dst=Organisation
[snb-full][edge] done file=/data/WorkSpace/ldbc-sf1/social_network/dynamic/person_studyAt_organisation_0_0.csv rows=7949 directed_edges=15898 elapsed_s=0.0
[snb-full][edge] start file=/data/WorkSpace/ldbc-sf1/social_network/dynamic/person_workAt_organisation_0_0.csv edge=WorkAt src=Person dst=Organisation
[snb-full][edge] done file=/data/WorkSpace/ldbc-sf1/social_network/dynamic/person_workAt_organisation_0_0.csv rows=21654 directed_edges=43308 elapsed_s=0.0
[snb-full][edge] start file=/data/WorkSpace/ldbc-sf1/social_network/dynamic/forum_hasMember_person_0_0.csv edge=HasMember src=Forum dst=Person
[snb-full][edge] progress file=/data/WorkSpace/ldbc-sf1/social_network/dynamic/forum_hasMember_person_0_0.csv rows=1000000 directed_edges=2000000 elapsed_s=2.2
[snb-full][edge] done file=/data/WorkSpace/ldbc-sf1/social_network/dynamic/forum_hasMember_person_0_0.csv rows=1611869 directed_edges=3223738 elapsed_s=3.6
[snb-full][edge] start file=/data/WorkSpace/ldbc-sf1/social_network/dynamic/forum_hasTag_tag_0_0.csv edge=HasTag src=Forum dst=Tag
[snb-full][edge] done file=/data/WorkSpace/ldbc-sf1/social_network/dynamic/forum_hasTag_tag_0_0.csv rows=309766 directed_edges=619532 elapsed_s=0.5
[snb-full][edge] start file=/data/WorkSpace/ldbc-sf1/social_network/dynamic/comment_hasTag_tag_0_0.csv edge=HasTag src=Comment dst=Tag
[snb-full][edge] progress file=/data/WorkSpace/ldbc-sf1/social_network/dynamic/comment_hasTag_tag_0_0.csv rows=1000000 directed_edges=2000000 elapsed_s=1.8
[snb-full][edge] progress file=/data/WorkSpace/ldbc-sf1/social_network/dynamic/comment_hasTag_tag_0_0.csv rows=2000000 directed_edges=4000000 elapsed_s=4.0
[snb-full][edge] done file=/data/WorkSpace/ldbc-sf1/social_network/dynamic/comment_hasTag_tag_0_0.csv rows=2698393 directed_edges=5396786 elapsed_s=5.3
[snb-full][edge] start file=/data/WorkSpace/ldbc-sf1/social_network/dynamic/post_hasTag_tag_0_0.csv edge=HasTag src=Post dst=Tag
[snb-full][edge] done file=/data/WorkSpace/ldbc-sf1/social_network/dynamic/post_hasTag_tag_0_0.csv rows=713258 directed_edges=1426516 elapsed_s=1.6
[snb-full][edge] start file=/data/WorkSpace/ldbc-sf1/social_network/dynamic/person_0_0.csv edge=IsLocatedIn src=Person dst=Place
[snb-full][edge] done file=/data/WorkSpace/ldbc-sf1/social_network/dynamic/person_0_0.csv rows=9892 directed_edges=19784 elapsed_s=0.0
[snb-full][edge] start file=/data/WorkSpace/ldbc-sf1/social_network/dynamic/forum_0_0.csv edge=HasModerator src=Forum dst=Person
[snb-full][edge] done file=/data/WorkSpace/ldbc-sf1/social_network/dynamic/forum_0_0.csv rows=90492 directed_edges=180984 elapsed_s=0.1
[snb-full][edge] start file=/data/WorkSpace/ldbc-sf1/social_network/dynamic/post_0_0.csv edge=HasCreator src=Post dst=Person
[snb-full][edge] progress file=/data/WorkSpace/ldbc-sf1/social_network/dynamic/post_0_0.csv rows=1000000 directed_edges=2000000 elapsed_s=2.2
[snb-full][edge] done file=/data/WorkSpace/ldbc-sf1/social_network/dynamic/post_0_0.csv rows=1003605 directed_edges=2007210 elapsed_s=2.2
[snb-full][edge] start file=/data/WorkSpace/ldbc-sf1/social_network/dynamic/post_0_0.csv edge=ContainerOf src=Forum dst=Post
[snb-full][edge] progress file=/data/WorkSpace/ldbc-sf1/social_network/dynamic/post_0_0.csv rows=1000000 directed_edges=2000000 elapsed_s=2.4
[snb-full][edge] done file=/data/WorkSpace/ldbc-sf1/social_network/dynamic/post_0_0.csv rows=1003605 directed_edges=2007210 elapsed_s=2.4
[snb-full][edge] start file=/data/WorkSpace/ldbc-sf1/social_network/dynamic/post_0_0.csv edge=IsLocatedIn src=Post dst=Place
[snb-full][edge] progress file=/data/WorkSpace/ldbc-sf1/social_network/dynamic/post_0_0.csv rows=1000000 directed_edges=2000000 elapsed_s=2.5
[snb-full][edge] done file=/data/WorkSpace/ldbc-sf1/social_network/dynamic/post_0_0.csv rows=1003605 directed_edges=2007210 elapsed_s=2.5
[snb-full][edge] start file=/data/WorkSpace/ldbc-sf1/social_network/dynamic/comment_0_0.csv edge=HasCreator src=Comment dst=Person
[snb-full][edge] progress file=/data/WorkSpace/ldbc-sf1/social_network/dynamic/comment_0_0.csv rows=1000000 directed_edges=2000000 elapsed_s=3.0
[snb-full][edge] progress file=/data/WorkSpace/ldbc-sf1/social_network/dynamic/comment_0_0.csv rows=2000000 directed_edges=4000000 elapsed_s=5.5
[snb-full][edge] done file=/data/WorkSpace/ldbc-sf1/social_network/dynamic/comment_0_0.csv rows=2052169 directed_edges=4104338 elapsed_s=5.6
[snb-full][edge] start file=/data/WorkSpace/ldbc-sf1/social_network/dynamic/comment_0_0.csv edge=IsLocatedIn src=Comment dst=Place
[snb-full][edge] progress file=/data/WorkSpace/ldbc-sf1/social_network/dynamic/comment_0_0.csv rows=1000000 directed_edges=2000000 elapsed_s=2.8
[snb-full][edge] progress file=/data/WorkSpace/ldbc-sf1/social_network/dynamic/comment_0_0.csv rows=2000000 directed_edges=4000000 elapsed_s=5.4
[snb-full][edge] done file=/data/WorkSpace/ldbc-sf1/social_network/dynamic/comment_0_0.csv rows=2052169 directed_edges=4104338 elapsed_s=5.5
[snb-full][edge] start file=/data/WorkSpace/ldbc-sf1/social_network/dynamic/comment_0_0.csv edge=ReplyOfPost src=Comment dst=Post
[snb-full][edge] progress file=/data/WorkSpace/ldbc-sf1/social_network/dynamic/comment_0_0.csv rows=1000000 directed_edges=985470 elapsed_s=1.7
[snb-full][edge] done file=/data/WorkSpace/ldbc-sf1/social_network/dynamic/comment_0_0.csv rows=2052169 directed_edges=2022840 elapsed_s=3.0
[snb-full][edge] start file=/data/WorkSpace/ldbc-sf1/social_network/dynamic/comment_0_0.csv edge=ReplyOfComment src=Comment dst=Comment
[snb-full][edge] progress file=/data/WorkSpace/ldbc-sf1/social_network/dynamic/comment_0_0.csv rows=2000000 directed_edges=2029182 elapsed_s=2.9
[snb-full][edge] done file=/data/WorkSpace/ldbc-sf1/social_network/dynamic/comment_0_0.csv rows=2052169 directed_edges=2081498 elapsed_s=3.0
[snb-full][edge] start file=/data/WorkSpace/ldbc-sf1/social_network/static/organisation_0_0.csv edge=IsLocatedIn src=Organisation dst=Place
[snb-full][edge] done file=/data/WorkSpace/ldbc-sf1/social_network/static/organisation_0_0.csv rows=7955 directed_edges=15910 elapsed_s=0.0
[snb-full][edge] start file=/data/WorkSpace/ldbc-sf1/social_network/static/place_0_0.csv edge=IsPartOf src=Place dst=Place
[snb-full][edge] done file=/data/WorkSpace/ldbc-sf1/social_network/static/place_0_0.csv rows=1460 directed_edges=2908 elapsed_s=0.0
[snb-full][edge] start file=/data/WorkSpace/ldbc-sf1/social_network/static/tag_0_0.csv edge=HasType src=Tag dst=TagClass
[snb-full][edge] done file=/data/WorkSpace/ldbc-sf1/social_network/static/tag_0_0.csv rows=16080 directed_edges=32160 elapsed_s=0.0
[snb-full][edge] start file=/data/WorkSpace/ldbc-sf1/social_network/static/tagclass_0_0.csv edge=IsSubclassOf src=TagClass dst=TagClass
[snb-full][edge] done file=/data/WorkSpace/ldbc-sf1/social_network/static/tagclass_0_0.csv rows=71 directed_edges=140 elapsed_s=0.0
[snb-full] edge import complete input_rows=19308214 directed_edges=34692699 edge_props=/dev/null elapsed_s=41.2
[snb-full] flushing active MemGraph to CSR engines=1
[snb-full] flush engine_index=0 start
[snb-full] flush engine_index=0 complete
[snb-full] flush complete elapsed_s=1.3
[snb-full] SKIP adjacency cache (SNB_SKIP_ADJ_CACHE set) directed_edges=34692699 total_elapsed_s=42.4
[import] persist semantic sidecars start elapsed_s=0.0
[import] persist semantic sidecars complete elapsed_s=0.0
	Command being timed: "env SNB_SKIP_ADJ_CACHE=1 /data/WorkSpace/lsmgraph-rs/target/release/lsmgraph --io-backend blocking import --input /data/WorkSpace/ldbc-sf1/social_network --data-dir /data/WorkSpace/lsmgraph-rs/store/external-baseline-livegraph-sf1-smoke-20260624/schema --relation snb-full --memgraph-bytes 67108864 --l0-layout schema"
	User time (seconds): 70.23
	System time (seconds): 14.50
	Percent of CPU this job got: 199%
	Elapsed (wall clock) time (h:mm:ss or m:ss): 0:42.56
	Average shared text size (kbytes): 0
	Average unshared data size (kbytes): 0
	Average stack size (kbytes): 0
	Average total size (kbytes): 0
	Maximum resident set size (kbytes): 1753148
	Average resident set size (kbytes): 0
	Major (requiring I/O) page faults: 38
	Minor (reclaiming a frame) page faults: 2074326
	Voluntary context switches: 277495
	Involuntary context switches: 225
	Swaps: 0
	File system inputs: 1223592
	File system outputs: 2767616
	Socket messages sent: 0
	Socket messages received: 0
	Signals delivered: 0
	Page size (bytes): 4096
	Exit status: 0
