loaded edge list: vcount=3181724 edges=34692699
loaded into LiveGraph in 21.2s
	Command being timed: "baseline/external-drivers/livegraph_driver --edges /data/WorkSpace/lsmgraph-rs/baseline/external-baselines-20260624/livegraph/sf1-smoke/edges-dense.txt --samples 500 --block-path /data/WorkSpace/lsmgraph-rs/baseline/external-baselines-20260624/livegraph/sf1-smoke/livegraph-block --wal-path /data/WorkSpace/lsmgraph-rs/baseline/external-baselines-20260624/livegraph/sf1-smoke/livegraph-wal --output /data/WorkSpace/lsmgraph-rs/baseline/external-baselines-20260624/livegraph/sf1-smoke/livegraph-sf10.json"
	User time (seconds): 27.47
	System time (seconds): 7.83
	Percent of CPU this job got: 97%
	Elapsed (wall clock) time (h:mm:ss or m:ss): 0:36.16
	Average shared text size (kbytes): 0
	Average unshared data size (kbytes): 0
	Average stack size (kbytes): 0
	Average total size (kbytes): 0
	Maximum resident set size (kbytes): 4850512
	Average resident set size (kbytes): 0
	Major (requiring I/O) page faults: 877295
	Minor (reclaiming a frame) page faults: 725635
	Voluntary context switches: 135877
	Involuntary context switches: 55
	Swaps: 0
	File system inputs: 1504
	File system outputs: 7018336
	Socket messages sent: 0
	Socket messages received: 0
	Signals delivered: 0
	Page size (bytes): 4096
	Exit status: 0
