	Command being timed: "target/release/lsmgraph --io-backend blocking import --input /data/WorkSpace/ldbc-sf100/social_network --data-dir store/e11-sf100-label_only-20260608 --relation snb-full --memgraph-bytes 67108864 --l0-layout label-only"
	User time (seconds): 6605.48
	System time (seconds): 1132.17
	Percent of CPU this job got: 200%
	Elapsed (wall clock) time (h:mm:ss or m:ss): 1:04:17
	Average shared text size (kbytes): 0
	Average unshared data size (kbytes): 0
	Average stack size (kbytes): 0
	Average total size (kbytes): 0
	Maximum resident set size (kbytes): 2410248
	Average resident set size (kbytes): 0
	Major (requiring I/O) page faults: 0
	Minor (reclaiming a frame) page faults: 187040964
	Voluntary context switches: 16668612
	Involuntary context switches: 12924
	Swaps: 0
	File system inputs: 3200
	File system outputs: 274634904
	Socket messages sent: 0
	Socket messages received: 0
	Signals delivered: 0
	Page size (bytes): 4096
	Exit status: 0
