	Command being timed: "target/release/lsmgraph --io-backend blocking import --input /data/WorkSpace/ldbc-sf100/social_network --data-dir store/e11-sf100-schema_only-20260608 --relation snb-full --memgraph-bytes 67108864 --l0-layout schema"
	User time (seconds): 9925.57
	System time (seconds): 1860.52
	Percent of CPU this job got: 244%
	Elapsed (wall clock) time (h:mm:ss or m:ss): 1:20:21
	Average shared text size (kbytes): 0
	Average unshared data size (kbytes): 0
	Average stack size (kbytes): 0
	Average total size (kbytes): 0
	Maximum resident set size (kbytes): 219415968
	Average resident set size (kbytes): 0
	Major (requiring I/O) page faults: 0
	Minor (reclaiming a frame) page faults: 371864605
	Voluntary context switches: 20315718
	Involuntary context switches: 21098
	Swaps: 0
	File system inputs: 130591064
	File system outputs: 275909208
	Socket messages sent: 0
	Socket messages received: 0
	Signals delivered: 0
	Page size (bytes): 4096
	Exit status: 0
