	Command being timed: "target/release/lsmgraph --io-backend blocking import --input /data/WorkSpace/ldbc-sf30/social_network --data-dir store/e11-sf30-full_semantic-20260608 --relation snb-full --memgraph-bytes 67108864 --l0-layout semantic"
	User time (seconds): 2982.35
	System time (seconds): 469.24
	Percent of CPU this job got: 251%
	Elapsed (wall clock) time (h:mm:ss or m:ss): 22:53.47
	Average shared text size (kbytes): 0
	Average unshared data size (kbytes): 0
	Average stack size (kbytes): 0
	Average total size (kbytes): 0
	Maximum resident set size (kbytes): 56118188
	Average resident set size (kbytes): 0
	Major (requiring I/O) page faults: 0
	Minor (reclaiming a frame) page faults: 94763294
	Voluntary context switches: 5774725
	Involuntary context switches: 7511
	Swaps: 0
	File system inputs: 8
	File system outputs: 84001760
	Socket messages sent: 0
	Socket messages received: 0
	Signals delivered: 0
	Page size (bytes): 4096
	Exit status: 0
