# machine monitor started pid=2781965 interval=90s 2026-06-12 01:21:58
# columns: time | load1 | mem_avail_gib | data_free_gib | lsmgraph_release_procs(pid:rss_gib:state) | correctness_script_alive
2026-06-12 01:21:58 | 4.47 | 445.9 | 393 | 2777457:0.0:S,2777458:3.4:R | yes
2026-06-12 01:23:28 | 4.73 | 445.4 | 390 | 2777457:0.0:S,2777458:4.0:R | yes
2026-06-12 01:24:58 | 4.63 | 445.4 | 388 | 2777457:0.0:S,2777458:4.0:R | yes
2026-06-12 01:26:29 | 4.70 | 445.1 | 385 | 2777457:0.0:S,2777458:4.3:R | yes
2026-06-12 01:27:59 | 4.83 | 445.0 | 382 | 2777457:0.0:S,2777458:4.4:R | yes
2026-06-12 01:29:29 | 4.46 | 443.3 | 380 | 2777457:0.0:S,2777458:6.0:R | yes
2026-06-12 01:30:59 | 4.83 | 443.1 | 377 | 2777457:0.0:S,2777458:6.2:R | yes
2026-06-12 01:32:29 | 4.79 | 442.9 | 374 | 2777457:0.0:S,2777458:6.3:R | yes
2026-06-12 01:33:59 | 4.66 | 442.9 | 371 | 2777457:0.0:S,2777458:6.4:R | yes
2026-06-12 01:35:29 | 4.94 | 440.8 | 368 | 2777457:0.0:S,2777458:8.5:R | yes
2026-06-12 01:36:59 | 4.92 | 440.2 | 366 | 2777457:0.0:S,2777458:9.2:R | yes
2026-06-12 01:38:29 | 4.78 | 439.4 | 363 | 2777457:0.0:S,2777458:9.9:R | yes
2026-06-12 01:39:59 | 4.87 | 435.5 | 360 | 2777457:0.0:S,2777458:13.8:R | yes
2026-06-12 01:41:29 | 5.62 | 434.7 | 357 | 2777457:0.0:S,2777458:14.3:R | yes
2026-06-12 01:42:59 | 5.37 | 434.1 | 354 | 2777457:0.0:S,2777458:14.8:R | yes
2026-06-12 01:44:30 | 4.89 | 434.0 | 351 | 2777457:0.0:S,2777458:15.3:R | yes
2026-06-12 01:46:00 | 4.81 | 433.0 | 348 | 2777457:0.0:S,2777458:16.3:R | yes
2026-06-12 01:47:30 | 4.94 | 424.7 | 345 | 2777457:0.0:S,2777458:24.6:R | yes
2026-06-12 01:49:00 | 7.00 | 422.8 | 341 | 2777457:0.0:S,2777458:26.5:R | yes
2026-06-12 01:50:30 | 5.92 | 420.3 | 338 | 2777457:0.0:S,2777458:29.0:R | yes
2026-06-12 01:52:00 | 5.66 | 403.3 | 335 | 2777457:0.0:S,2777458:45.9:R | yes
2026-06-12 01:53:30 | 4.80 | 402.8 | 333 | 2777457:0.0:S,2777458:46.4:R | yes
2026-06-12 01:55:00 | 4.84 | 400.5 | 330 | 2777457:0.0:S,2777458:48.7:R | yes
2026-06-12 01:56:30 | 4.90 | 398.3 | 326 | 2777457:0.0:S,2777458:50.9:R | yes
2026-06-12 01:58:00 | 5.62 | 396.7 | 323 | 2777457:0.0:S,2777458:52.5:R | yes
2026-06-12 01:59:30 | 5.20 | 394.6 | 320 | 2777457:0.0:S,2777458:54.6:R | yes
2026-06-12 02:01:01 | 5.11 | 392.8 | 317 | 2777457:0.0:S,2777458:56.4:R | yes
2026-06-12 02:02:31 | 5.70 | 359.8 | 314 | 2777457:0.0:S,2777458:89.3:R | yes
2026-06-12 02:04:01 | 4.40 | 362.4 | 312 | 2777457:0.0:S,2777458:86.7:R | yes
2026-06-12 02:05:31 | 4.97 | 361.0 | 310 | 2777457:0.0:S,2777458:88.2:R | yes
2026-06-12 02:07:01 | 5.17 | 359.5 | 307 | 2777457:0.0:S,2777458:89.6:R | yes
2026-06-12 02:08:31 | 4.89 | 357.7 | 305 | 2777457:0.0:S,2777458:91.4:R | yes
2026-06-12 02:10:01 | 5.05 | 355.9 | 302 | 2777457:0.0:S,2777458:93.2:R | yes
2026-06-12 02:11:31 | 4.98 | 353.7 | 299 | 2777457:0.0:S,2777458:95.4:R | yes
2026-06-12 02:13:01 | 5.47 | 351.9 | 296 | 2777457:0.0:S,2777458:97.2:R | yes
2026-06-12 02:14:31 | 5.36 | 349.6 | 293 | 2777457:0.0:S,2777458:99.5:R | yes
2026-06-12 02:16:01 | 5.20 | 347.6 | 290 | 2777457:0.0:S,2777458:101.5:R | yes
2026-06-12 02:17:31 | 5.04 | 344.7 | 286 | 2777457:0.0:S,2777458:104.3:R | yes
2026-06-12 02:19:02 | 5.64 | 342.3 | 283 | 2777457:0.0:S,2777458:106.8:R | yes
2026-06-12 02:20:32 | 5.70 | 315.3 | 279 | 2777457:0.0:S,2777458:133.7:R | yes
2026-06-12 02:22:02 | 5.64 | 280.0 | 276 | 2777457:0.0:S,2777458:169.0:R | yes
2026-06-12 02:23:32 | 4.18 | 289.7 | 275 | 2777457:0.0:S,2777458:159.3:S | yes
2026-06-12 02:25:02 | 3.43 | 290.1 | 275 | 2777457:0.0:S,2777458:158.9:R | yes
2026-06-12 02:26:32 | 3.16 | 290.1 | 275 | 2777457:0.0:S,2777458:158.9:R | yes
2026-06-12 02:28:02 | 3.17 | 290.1 | 275 | 2777457:0.0:S,2777458:158.9:R | yes
2026-06-12 02:29:32 | 3.10 | 290.1 | 275 | 2777457:0.0:S,2777458:158.9:R | yes
2026-06-12 02:31:02 | 4.65 | 380.4 | 275 | 2777457:0.0:S,2777458:68.8:S | yes
2026-06-12 02:32:32 | 4.39 | 394.4 | 275 | 2777457:0.0:S,2777458:54.8:S | yes
2026-06-12 02:34:02 | 3.40 | 449.3 | 406 | none | no
2026-06-12 02:35:33 | 2.41 | 449.3 | 406 | none | no
2026-06-12 02:37:03 | 2.26 | 449.3 | 406 | none | no
2026-06-12 02:38:33 | 2.38 | 449.3 | 406 | none | no
2026-06-12 02:40:03 | 2.28 | 449.3 | 406 | none | no
2026-06-12 02:41:33 | 2.24 | 449.3 | 406 | none | no
2026-06-12 02:43:03 | 2.21 | 449.3 | 406 | none | no
2026-06-12 02:44:33 | 2.12 | 449.3 | 406 | none | no
2026-06-12 02:46:03 | 2.53 | 449.2 | 406 | none | no
2026-06-12 02:47:33 | 2.35 | 449.2 | 406 | none | no
2026-06-12 02:49:03 | 3.92 | 447.1 | 405 | 2835863:0.0:S,2835864:2.2:R | no
2026-06-12 02:50:33 | 4.79 | 446.7 | 402 | 2835863:0.0:S,2835864:2.6:R | no
2026-06-12 02:52:03 | 6.78 | 446.3 | 400 | 2835863:0.0:S,2835864:2.6:R | no
2026-06-12 02:53:34 | 6.55 | 446.3 | 397 | 2835863:0.0:S,2835864:2.9:R | no
2026-06-12 02:55:04 | 7.16 | 444.1 | 392 | 2835863:0.0:S,2835864:3.0:R,2858985:0.0:S,2858986:2.1:R | no
2026-06-12 02:56:34 | 7.01 | 443.1 | 387 | 2835863:0.0:S,2835864:3.1:R,2858985:0.0:S,2858986:3.0:R | no
2026-06-12 02:58:04 | 7.18 | 438.5 | 381 | 2835863:0.0:S,2835864:3.8:R,2858985:0.0:S,2858986:6.9:R | no
2026-06-12 02:59:34 | 7.89 | 433.0 | 376 | 2835863:0.0:S,2835864:4.1:R,2858985:0.0:S,2858986:12.1:R | no
2026-06-12 03:01:04 | 7.34 | 431.0 | 371 | 2835863:0.0:S,2835864:4.4:R,2858985:0.0:S,2858986:13.8:R | no
2026-06-12 03:02:34 | 6.61 | 437.2 | 368 | 2835863:0.0:S,2835864:5.7:R,2889149:0.0:S,2889150:6.3:R | no
2026-06-12 03:04:04 | 6.71 | 427.4 | 365 | 2835863:0.0:S,2835864:5.8:R,2889149:0.0:S,2889150:15.9:R | no
2026-06-12 03:05:34 | 6.02 | 419.3 | 363 | 2835863:0.0:S,2835864:6.0:R,2889149:0.0:S,2889150:23.7:R | no
2026-06-12 03:07:04 | 5.73 | 420.7 | 360 | 2835863:0.0:S,2835864:6.1:R,2889149:0.0:S,2889150:21.4:R | no
2026-06-12 03:08:34 | 6.47 | 442.4 | 357 | 2835863:0.0:S,2835864:6.2:R | no
2026-06-12 03:10:05 | 6.23 | 438.1 | 354 | 2835863:0.0:S,2835864:8.1:R | no
2026-06-12 03:11:35 | 5.87 | 436.9 | 351 | 2835863:0.0:S,2835864:9.0:R | no
2026-06-12 03:13:05 | 5.77 | 436.8 | 348 | 2835863:0.0:S,2835864:9.2:R | no
2026-06-12 03:14:35 | 6.89 | 432.3 | 345 | 2835863:0.0:S,2835864:13.2:R | no
2026-06-12 03:16:05 | 6.43 | 432.3 | 342 | 2835863:0.0:S,2835864:13.6:R | no
2026-06-12 03:17:35 | 5.77 | 431.4 | 339 | 2835863:0.0:S,2835864:14.6:R | no
2026-06-12 03:19:05 | 5.91 | 430.8 | 336 | 2835863:0.0:S,2835864:15.1:R | no
2026-06-12 03:20:35 | 6.52 | 430.1 | 332 | 2835863:0.0:S,2835864:15.7:R | no
2026-06-12 03:22:05 | 6.66 | 421.1 | 328 | 2835863:0.0:S,2835864:24.8:R | no
2026-06-12 03:23:35 | 6.28 | 419.2 | 324 | 2835863:0.0:S,2835864:26.7:R | no
2026-06-12 03:25:05 | 6.01 | 417.2 | 321 | 2835863:0.0:S,2835864:28.7:R | no
2026-06-12 03:26:36 | 6.43 | 401.0 | 316 | 2835863:0.0:S,2835864:44.9:R | no
2026-06-12 03:28:06 | 6.13 | 399.8 | 313 | 2835863:0.0:S,2835864:46.1:R | no
2026-06-12 03:29:36 | 6.47 | 398.2 | 310 | 2835863:0.0:S,2835864:47.6:R | no
2026-06-12 03:31:06 | 6.51 | 385.7 | 307 | 2835863:0.0:S,2835864:49.4:R | no
2026-06-12 03:32:36 | 6.15 | 385.7 | 288 | 2835863:0.0:S,2835864:51.2:R | no
2026-06-12 03:34:06 | 6.42 | 382.9 | 272 | 2835863:0.0:S,2835864:53.4:R | no
2026-06-12 03:35:36 | 6.75 | 380.8 | 269 | 2835863:0.0:S,2835864:55.3:R | no
2026-06-12 03:37:06 | 6.94 | 337.1 | 266 | 2835863:0.0:S,2835864:99.2:R | no
2026-06-12 03:38:36 | 6.38 | 352.5 | 264 | 2835863:0.0:S,2835864:83.7:R | no
2026-06-12 03:40:06 | 5.71 | 351.5 | 262 | 2835863:0.0:S,2835864:84.8:R | no
2026-06-12 03:41:36 | 6.23 | 349.7 | 260 | 2835863:0.0:S,2835864:86.6:R | no
2026-06-12 03:43:07 | 6.15 | 347.8 | 257 | 2835863:0.0:S,2835864:88.4:R | no
2026-06-12 03:44:37 | 6.32 | 346.1 | 254 | 2835863:0.0:S,2835864:90.1:R | no
2026-06-12 03:46:07 | 6.66 | 343.8 | 251 | 2835863:0.0:S,2835864:91.8:R | no
2026-06-12 03:47:37 | 7.33 | 341.4 | 248 | 2835863:0.0:S,2835864:94.1:R | no
2026-06-12 03:49:07 | 7.66 | 340.0 | 245 | 2835863:0.0:S,2835864:95.5:R | no
2026-06-12 03:50:37 | 7.60 | 338.2 | 242 | 2835863:0.0:S,2835864:97.3:R | no
2026-06-12 03:52:07 | 7.41 | 334.9 | 239 | 2835863:0.0:S,2835864:99.9:R | no
2026-06-12 03:53:37 | 7.37 | 332.8 | 236 | 2835863:0.0:S,2835864:102.1:R | no
2026-06-12 03:55:07 | 8.08 | 329.9 | 233 | 2835863:0.0:S,2835864:105.0:R | no
2026-06-12 03:56:37 | 8.00 | 289.1 | 226 | 2835863:0.0:S,2835864:145.7:R | no
2026-06-12 03:58:08 | 7.83 | 280.8 | 222 | 2835863:0.0:S,2835864:166.5:R | no
2026-06-12 03:59:38 | 5.17 | 289.8 | 222 | 2835863:0.0:S,2835864:156.9:R | no
2026-06-12 04:01:08 | 4.57 | 289.8 | 222 | 2835863:0.0:S,2835864:156.9:R | no
2026-06-12 04:02:38 | 4.12 | 289.4 | 222 | 2835863:0.0:S,2835864:156.9:R | no
2026-06-12 04:04:08 | 4.35 | 285.0 | 222 | 2835863:0.0:S,2835864:156.9:R | no
2026-06-12 04:05:38 | 4.33 | 285.0 | 222 | 2835863:0.0:S,2835864:156.9:R | no
2026-06-12 04:07:08 | 5.70 | 377.5 | 222 | 2835863:0.0:S,2835864:64.6:S | no
2026-06-12 04:08:38 | 5.17 | 449.1 | 288 | none | no
2026-06-12 04:10:08 | 4.93 | 446.8 | 351 | 3057390:0.0:S,3057391:2.3:R | no
2026-06-12 04:11:38 | 4.39 | 446.6 | 348 | 3057390:0.0:S,3057391:2.4:R | no
2026-06-12 04:13:08 | 4.52 | 446.2 | 345 | 3057390:0.0:S,3057391:2.8:R | no
2026-06-12 04:14:38 | 4.69 | 446.0 | 343 | 3057390:0.0:S,3057391:3.0:R | no
2026-06-12 04:16:09 | 4.56 | 445.8 | 340 | 3057390:0.0:S,3057391:3.2:R | no
2026-06-12 04:17:39 | 4.34 | 445.3 | 337 | 3057390:0.0:S,3057391:3.8:R | no
2026-06-12 04:19:09 | 4.44 | 445.1 | 335 | 3057390:0.0:S,3057391:3.9:R | no
2026-06-12 04:20:39 | 4.37 | 444.9 | 332 | 3057390:0.0:S,3057391:4.1:R | no
2026-06-12 04:22:09 | 4.37 | 444.7 | 329 | 3057390:0.0:S,3057391:4.3:R | no
2026-06-12 04:23:39 | 4.51 | 443.6 | 327 | 3057390:0.0:S,3057391:5.5:R | no
2026-06-12 04:25:09 | 4.37 | 443.4 | 324 | 3057390:0.0:S,3057391:5.7:R | no
2026-06-12 04:26:39 | 4.82 | 443.5 | 321 | 3057390:0.0:S,3057391:5.6:R | no
2026-06-12 04:28:09 | 4.66 | 443.2 | 318 | 3057390:0.0:S,3057391:5.8:R | no
2026-06-12 04:29:39 | 4.51 | 442.7 | 316 | 3057390:0.0:S,3057391:6.3:R | no
2026-06-12 04:31:09 | 4.50 | 440.3 | 313 | 3057390:0.0:S,3057391:8.7:R | no
2026-06-12 04:32:40 | 4.57 | 439.7 | 310 | 3057390:0.0:S,3057391:9.3:R | no
2026-06-12 04:34:10 | 4.93 | 435.3 | 307 | 3057390:0.0:S,3057391:13.7:R | no
2026-06-12 04:35:40 | 4.87 | 434.6 | 304 | 3057390:0.0:S,3057391:14.5:R | no
2026-06-12 04:37:10 | 4.76 | 434.1 | 301 | 3057390:0.0:S,3057391:15.0:R | no
2026-06-12 04:38:40 | 4.56 | 433.5 | 298 | 3057390:0.0:S,3057391:15.5:R | no
2026-06-12 04:40:10 | 4.63 | 432.7 | 295 | 3057390:0.0:S,3057391:16.3:R | no
2026-06-12 04:41:40 | 4.88 | 424.6 | 292 | 3057390:0.0:S,3057391:24.4:R | no
2026-06-12 04:43:10 | 5.07 | 422.6 | 289 | 3057390:0.0:S,3057391:26.4:R | no
2026-06-12 04:44:40 | 5.15 | 420.7 | 285 | 3057390:0.0:S,3057391:28.3:R | no
2026-06-12 04:46:10 | 5.28 | 403.1 | 282 | 3057390:0.0:S,3057391:45.8:R | no
2026-06-12 04:47:40 | 4.94 | 403.2 | 280 | 3057390:0.0:S,3057391:45.8:R | no
2026-06-12 04:49:10 | 4.83 | 401.7 | 277 | 3057390:0.0:S,3057391:47.2:R | no
2026-06-12 04:50:41 | 5.32 | 399.7 | 274 | 3057390:0.0:S,3057391:49.3:R | no
2026-06-12 04:52:11 | 5.23 | 397.6 | 271 | 3057390:0.0:S,3057391:51.4:R | no
2026-06-12 04:53:41 | 5.18 | 395.8 | 268 | 3057390:0.0:S,3057391:53.2:R | no
2026-06-12 04:55:11 | 5.32 | 393.6 | 265 | 3057390:0.0:S,3057391:55.3:R | no
2026-06-12 04:56:41 | 5.55 | 361.0 | 261 | 3057390:0.0:S,3057391:87.9:S | no
2026-06-12 04:58:11 | 4.46 | 364.1 | 260 | 3057390:0.0:S,3057391:84.8:R | no
2026-06-12 04:59:41 | 5.13 | 362.0 | 257 | 3057390:0.0:S,3057391:86.9:R | no
2026-06-12 05:01:11 | 5.11 | 360.1 | 254 | 3057390:0.0:S,3057391:88.8:R | no
2026-06-12 05:02:41 | 5.26 | 358.0 | 251 | 3057390:0.0:S,3057391:90.8:R | no
2026-06-12 05:04:11 | 5.03 | 356.2 | 248 | 3057390:0.0:S,3057391:92.7:R | no
2026-06-12 05:05:41 | 5.21 | 354.3 | 245 | 3057390:0.0:S,3057391:94.5:R | no
2026-06-12 05:07:12 | 5.19 | 351.7 | 241 | 3057390:0.0:S,3057391:97.1:R | no
2026-06-12 05:08:42 | 5.30 | 349.5 | 238 | 3057390:0.0:S,3057391:99.3:R | no
2026-06-12 05:10:12 | 5.12 | 346.9 | 235 | 3057390:0.0:S,3057391:101.9:R | no
2026-06-12 05:11:42 | 5.49 | 344.5 | 232 | 3057390:0.0:S,3057391:104.4:R | no
2026-06-12 05:13:12 | 5.42 | 342.8 | 229 | 3057390:0.0:S,3057391:106.1:R | no
2026-06-12 05:14:42 | 5.69 | 307.4 | 226 | 3057390:0.0:S,3057391:141.4:R | no
2026-06-12 05:16:12 | 6.38 | 282.2 | 223 | 3057390:0.0:S,3057391:166.5:R | no
2026-06-12 05:17:42 | 4.21 | 291.8 | 222 | 3057390:0.0:S,3057391:156.9:R | no
2026-06-12 05:19:12 | 3.52 | 291.8 | 222 | 3057390:0.0:S,3057391:156.9:R | no
2026-06-12 05:20:42 | 3.14 | 291.8 | 222 | 3057390:0.0:S,3057391:156.9:R | no
2026-06-12 05:22:12 | 3.69 | 291.8 | 222 | 3057390:0.0:S,3057391:156.9:R | no
2026-06-12 05:23:42 | 3.42 | 291.8 | 222 | 3057390:0.0:S,3057391:156.9:R | no
2026-06-12 05:25:13 | 3.42 | 374.0 | 222 | 3057390:0.0:S,3057391:74.9:R | no
2026-06-12 05:26:43 | 5.48 | 402.6 | 222 | 3057390:0.0:S,3057391:46.3:S | no
2026-06-12 05:28:13 | 4.49 | 446.9 | 353 | 3095729:0.0:S,3095730:2.1:R | no
2026-06-12 05:29:43 | 4.93 | 446.5 | 350 | 3095729:0.0:S,3095730:2.5:R | no
2026-06-12 05:31:13 | 5.01 | 446.3 | 347 | 3095729:0.0:S,3095730:2.8:R | no
2026-06-12 05:32:43 | 5.21 | 445.9 | 345 | 3095729:0.0:S,3095730:3.1:R | no
2026-06-12 05:34:13 | 5.10 | 445.9 | 342 | 3095729:0.0:S,3095730:3.2:R | no
2026-06-12 05:35:43 | 4.89 | 445.6 | 339 | 3095729:0.0:S,3095730:3.4:R | no
2026-06-12 05:37:13 | 4.52 | 445.2 | 336 | 3095729:0.0:S,3095730:3.8:R | no
2026-06-12 05:38:43 | 4.46 | 444.8 | 334 | 3095729:0.0:S,3095730:4.2:R | no
2026-06-12 05:40:13 | 4.40 | 444.6 | 331 | 3095729:0.0:S,3095730:4.5:S | no
2026-06-12 05:41:44 | 4.48 | 443.5 | 328 | 3095729:0.0:S,3095730:5.5:R | no
2026-06-12 05:43:14 | 4.55 | 443.5 | 326 | 3095729:0.0:S,3095730:5.6:R | no
2026-06-12 05:44:44 | 4.69 | 443.4 | 323 | 3095729:0.0:S,3095730:5.6:R | no
2026-06-12 05:46:14 | 4.30 | 443.0 | 320 | 3095729:0.0:S,3095730:6.0:R | no
2026-06-12 05:47:44 | 4.38 | 442.7 | 318 | 3095729:0.0:S,3095730:6.4:R | no
2026-06-12 05:49:14 | 4.65 | 440.5 | 315 | 3095729:0.0:S,3095730:8.6:R | no
2026-06-12 05:50:44 | 4.40 | 439.9 | 312 | 3095729:0.0:S,3095730:9.2:R | no
2026-06-12 05:52:14 | 4.91 | 439.3 | 309 | 3095729:0.0:S,3095730:9.8:R | no
2026-06-12 05:53:44 | 4.54 | 435.3 | 306 | 3095729:0.0:S,3095730:13.7:R | no
2026-06-12 05:55:14 | 4.82 | 434.7 | 303 | 3095729:0.0:S,3095730:14.3:R | no
2026-06-12 05:56:44 | 4.80 | 434.0 | 300 | 3095729:0.0:S,3095730:15.0:R | no
2026-06-12 05:58:15 | 4.82 | 433.5 | 297 | 3095729:0.0:S,3095730:15.5:R | no
2026-06-12 05:59:45 | 4.78 | 432.4 | 294 | 3095729:0.0:S,3095730:16.7:R | no
2026-06-12 06:01:15 | 4.95 | 424.1 | 291 | 3095729:0.0:S,3095730:24.9:R | no
2026-06-12 06:02:45 | 5.14 | 421.9 | 288 | 3095729:0.0:S,3095730:27.1:R | no
2026-06-12 06:04:15 | 5.21 | 420.2 | 285 | 3095729:0.0:S,3095730:28.8:R | no
2026-06-12 06:05:45 | 5.47 | 404.2 | 282 | 3095729:0.0:S,3095730:44.7:R | no
2026-06-12 06:07:15 | 5.54 | 402.1 | 279 | 3095729:0.0:S,3095730:46.9:R | no
2026-06-12 06:08:45 | 5.28 | 400.7 | 276 | 3095729:0.0:S,3095730:48.3:R | no
2026-06-12 06:10:15 | 5.25 | 397.9 | 273 | 3095729:0.0:S,3095730:51.0:R | no
2026-06-12 06:11:45 | 5.30 | 396.2 | 270 | 3095729:0.0:S,3095730:52.7:R | no
2026-06-12 06:13:15 | 5.28 | 394.2 | 267 | 3095729:0.0:S,3095730:54.7:R | no
2026-06-12 06:14:45 | 5.41 | 385.1 | 264 | 3095729:0.0:S,3095730:63.8:R | no
2026-06-12 06:16:16 | 5.47 | 362.8 | 260 | 3095729:0.0:S,3095730:86.0:R | no
2026-06-12 06:17:46 | 4.33 | 363.4 | 259 | 3095729:0.0:S,3095730:85.4:R | no
2026-06-12 06:19:16 | 4.94 | 362.0 | 257 | 3095729:0.0:S,3095730:86.8:R | no
2026-06-12 06:20:46 | 4.77 | 360.1 | 254 | 3095729:0.0:S,3095730:88.7:R | no
2026-06-12 06:22:16 | 4.87 | 358.6 | 251 | 3095729:0.0:S,3095730:90.2:R | no
2026-06-12 06:23:46 | 4.81 | 356.1 | 248 | 3095729:0.0:S,3095730:92.7:R | no
2026-06-12 06:25:16 | 5.03 | 354.7 | 245 | 3095729:0.0:S,3095730:94.1:S | no
2026-06-12 06:26:46 | 5.64 | 353.0 | 242 | 3095729:0.0:S,3095730:95.8:R | no
2026-06-12 06:28:16 | 5.65 | 350.6 | 239 | 3095729:0.0:S,3095730:98.3:R | no
2026-06-12 06:29:46 | 5.62 | 348.6 | 236 | 3095729:0.0:S,3095730:100.3:R | no
2026-06-12 06:31:16 | 5.22 | 345.9 | 233 | 3095729:0.0:S,3095730:103.0:R | no
2026-06-12 06:32:47 | 5.76 | 343.5 | 229 | 3095729:0.0:S,3095730:105.4:R | no
2026-06-12 06:34:17 | 5.51 | 299.0 | 226 | 3095729:0.0:S,3095730:149.8:R | no
2026-06-12 06:35:47 | 5.72 | 283.7 | 222 | 3095729:0.0:S,3095730:165.1:S | no
2026-06-12 06:37:17 | 3.75 | 293.0 | 222 | 3095729:0.0:S,3095730:155.8:R | no
2026-06-12 06:38:47 | 3.33 | 293.0 | 222 | 3095729:0.0:S,3095730:155.8:R | no
2026-06-12 06:40:17 | 3.21 | 293.0 | 222 | 3095729:0.0:S,3095730:155.8:R | no
2026-06-12 06:41:47 | 3.61 | 293.0 | 222 | 3095729:0.0:S,3095730:155.8:R | no
2026-06-12 06:43:17 | 3.33 | 293.0 | 222 | 3095729:0.0:S,3095730:155.8:R | no
2026-06-12 06:44:47 | 3.13 | 375.1 | 222 | 3095729:0.0:S,3095730:73.8:R | no
2026-06-12 06:46:17 | 5.12 | 385.0 | 222 | 3095729:0.0:S,3095730:63.9:S | no
2026-06-12 06:47:47 | 4.77 | 446.8 | 352 | 3116369:0.0:S,3116370:2.2:S | no
2026-06-12 06:49:17 | 4.65 | 446.8 | 349 | 3116369:0.0:S,3116370:2.3:R | no
2026-06-12 06:50:48 | 4.35 | 446.5 | 347 | 3116369:0.0:S,3116370:2.5:R | no
2026-06-12 06:52:18 | 4.41 | 446.2 | 344 | 3116369:0.0:S,3116370:2.8:R | no
2026-06-12 06:53:48 | 4.47 | 445.9 | 342 | 3116369:0.0:S,3116370:3.2:R | no
2026-06-12 06:55:18 | 4.52 | 445.7 | 339 | 3116369:0.0:S,3116370:3.3:R | no
2026-06-12 06:56:48 | 4.47 | 445.1 | 336 | 3116369:0.0:S,3116370:3.9:R | no
2026-06-12 06:58:18 | 4.32 | 444.9 | 334 | 3116369:0.0:S,3116370:4.2:R | no
2026-06-12 06:59:48 | 4.38 | 444.7 | 331 | 3116369:0.0:S,3116370:4.3:R | no
2026-06-12 07:01:18 | 4.23 | 443.6 | 328 | 3116369:0.0:S,3116370:5.4:R | no
2026-06-12 07:02:48 | 4.29 | 443.5 | 326 | 3116369:0.0:S,3116370:5.5:R | no
2026-06-12 07:04:18 | 4.54 | 443.4 | 323 | 3116369:0.0:S,3116370:5.7:R | no
2026-06-12 07:05:48 | 4.58 | 443.2 | 320 | 3116369:0.0:S,3116370:5.8:R | no
2026-06-12 07:07:18 | 4.61 | 443.0 | 317 | 3116369:0.0:S,3116370:6.0:R | no
2026-06-12 07:08:49 | 4.56 | 440.8 | 314 | 3116369:0.0:S,3116370:8.3:R | no
2026-06-12 07:10:19 | 4.61 | 440.1 | 312 | 3116369:0.0:S,3116370:8.9:R | no
2026-06-12 07:11:49 | 4.47 | 439.6 | 309 | 3116369:0.0:S,3116370:9.4:R | no
2026-06-12 07:13:19 | 4.59 | 435.2 | 306 | 3116369:0.0:S,3116370:13.8:R | no
2026-06-12 07:14:49 | 5.03 | 434.7 | 303 | 3116369:0.0:S,3116370:14.3:R | no
2026-06-12 07:16:19 | 4.90 | 433.8 | 300 | 3116369:0.0:S,3116370:15.3:R | no
2026-06-12 07:17:49 | 4.67 | 433.4 | 297 | 3116369:0.0:S,3116370:15.6:R | no
2026-06-12 07:19:19 | 4.61 | 432.5 | 294 | 3116369:0.0:S,3116370:16.5:R | no
2026-06-12 07:20:49 | 5.20 | 424.5 | 291 | 3116369:0.0:S,3116370:24.5:R | no
2026-06-12 07:22:19 | 5.31 | 422.6 | 288 | 3116369:0.0:S,3116370:26.4:R | no
2026-06-12 07:23:49 | 5.23 | 420.5 | 284 | 3116369:0.0:S,3116370:28.5:R | no
2026-06-12 07:25:19 | 5.01 | 404.5 | 282 | 3116369:0.0:S,3116370:44.5:R | no
2026-06-12 07:26:50 | 5.02 | 402.2 | 279 | 3116369:0.0:S,3116370:46.8:R | no
2026-06-12 07:28:20 | 5.21 | 400.3 | 276 | 3116369:0.0:S,3116370:48.7:R | no
2026-06-12 07:29:50 | 5.40 | 398.4 | 272 | 3116369:0.0:S,3116370:50.6:R | no
2026-06-12 07:31:20 | 5.09 | 396.1 | 270 | 3116369:0.0:S,3116370:52.8:R | no
2026-06-12 07:32:50 | 5.24 | 394.8 | 267 | 3116369:0.0:S,3116370:54.0:R | no
2026-06-12 07:34:20 | 5.55 | 385.3 | 264 | 3116369:0.0:S,3116370:63.4:R | no
2026-06-12 07:35:50 | 5.62 | 362.5 | 260 | 3116369:0.0:S,3116370:86.4:R | no
2026-06-12 07:37:20 | 4.74 | 363.1 | 259 | 3116369:0.0:S,3116370:85.8:R | no
2026-06-12 07:38:50 | 4.87 | 361.3 | 256 | 3116369:0.0:S,3116370:87.6:R | no
2026-06-12 07:40:20 | 4.79 | 359.5 | 253 | 3116369:0.0:S,3116370:89.4:R | no
2026-06-12 07:41:50 | 5.11 | 357.6 | 250 | 3116369:0.0:S,3116370:91.3:R | no
2026-06-12 07:43:21 | 5.03 | 355.4 | 247 | 3116369:0.0:S,3116370:93.5:R | no
2026-06-12 07:44:51 | 5.13 | 353.5 | 244 | 3116369:0.0:S,3116370:95.4:R | no
2026-06-12 07:46:21 | 5.12 | 350.9 | 241 | 3116369:0.0:S,3116370:98.0:R | no
2026-06-12 07:47:51 | 5.13 | 348.7 | 237 | 3116369:0.0:S,3116370:100.1:R | no
2026-06-12 07:49:21 | 5.28 | 347.2 | 234 | 3116369:0.0:S,3116370:101.6:S | no
2026-06-12 07:50:51 | 5.61 | 344.1 | 231 | 3116369:0.0:S,3116370:104.8:R | no
2026-06-12 07:52:21 | 5.75 | 339.1 | 228 | 3116369:0.0:S,3116370:109.8:R | no
2026-06-12 07:53:51 | 5.72 | 270.7 | 224 | 3116369:0.0:S,3116370:178.0:R | no
2026-06-12 07:55:21 | 4.95 | 286.0 | 222 | 3116369:0.0:S,3116370:162.7:S | no
2026-06-12 07:56:51 | 3.48 | 291.8 | 222 | 3116369:0.0:S,3116370:156.9:R | no
2026-06-12 07:58:21 | 3.48 | 291.8 | 222 | 3116369:0.0:S,3116370:156.9:R | no
2026-06-12 07:59:51 | 3.21 | 291.8 | 222 | 3116369:0.0:S,3116370:156.9:R | no
2026-06-12 08:01:22 | 3.25 | 291.8 | 222 | 3116369:0.0:S,3116370:156.9:R | no
2026-06-12 08:02:52 | 3.20 | 291.8 | 222 | 3116369:0.0:S,3116370:156.9:R | no
2026-06-12 08:04:22 | 6.08 | 396.6 | 222 | 3116369:0.0:S,3116370:52.3:S | no
2026-06-12 08:05:52 | 4.57 | 446.8 | 353 | 3136560:0.0:S,3136561:2.2:R | no
2026-06-12 08:07:22 | 4.64 | 446.5 | 350 | 3136560:0.0:S,3136561:2.6:R | no
2026-06-12 08:08:52 | 4.52 | 446.2 | 347 | 3136560:0.0:S,3136561:2.8:R | no
2026-06-12 08:10:22 | 4.33 | 446.1 | 344 | 3136560:0.0:S,3136561:3.0:R | no
2026-06-12 08:11:52 | 4.42 | 445.8 | 342 | 3136560:0.0:S,3136561:3.2:R | no
2026-06-12 08:13:22 | 4.35 | 445.7 | 339 | 3136560:0.0:S,3136561:3.4:R | no
2026-06-12 08:14:52 | 4.40 | 445.1 | 336 | 3136560:0.0:S,3136561:3.9:R | no
2026-06-12 08:16:22 | 4.29 | 444.9 | 334 | 3136560:0.0:S,3136561:4.2:S | no
2026-06-12 08:17:53 | 4.29 | 444.7 | 331 | 3136560:0.0:S,3136561:4.3:R | no
2026-06-12 08:19:23 | 4.73 | 443.7 | 329 | 3136560:0.0:S,3136561:5.3:R | no
2026-06-12 08:20:53 | 4.79 | 443.7 | 326 | 3136560:0.0:S,3136561:5.3:R | no
2026-06-12 08:22:23 | 4.53 | 443.4 | 323 | 3136560:0.0:S,3136561:5.7:R | no
2026-06-12 08:23:53 | 4.59 | 443.2 | 320 | 3136560:0.0:S,3136561:5.8:R | no
2026-06-12 08:25:23 | 4.86 | 443.3 | 318 | 3136560:0.0:S,3136561:5.8:R | no
2026-06-12 08:26:53 | 4.66 | 440.4 | 315 | 3136560:0.0:S,3136561:8.6:R | no
2026-06-12 08:28:23 | 4.78 | 440.1 | 312 | 3136560:0.0:S,3136561:9.0:R | no
2026-06-12 08:29:53 | 4.78 | 439.1 | 309 | 3136560:0.0:S,3136561:9.9:R | no
2026-06-12 08:31:23 | 4.68 | 435.4 | 306 | 3136560:0.0:S,3136561:13.5:R | no
2026-06-12 08:32:53 | 4.62 | 434.8 | 303 | 3136560:0.0:S,3136561:14.2:R | no
2026-06-12 08:34:24 | 4.97 | 434.3 | 300 | 3136560:0.0:S,3136561:14.8:R | no
2026-06-12 08:35:54 | 4.65 | 433.7 | 296 | 3136560:0.0:S,3136561:15.3:R | no
2026-06-12 08:37:24 | 4.80 | 432.8 | 293 | 3136560:0.0:S,3136561:16.2:R | no
2026-06-12 08:38:54 | 5.28 | 423.9 | 290 | 3136560:0.0:S,3136561:25.1:R | no
2026-06-12 08:40:24 | 5.41 | 421.7 | 287 | 3136560:0.0:S,3136561:27.3:R | no
2026-06-12 08:41:54 | 5.75 | 420.0 | 283 | 3136560:0.0:S,3136561:29.1:R | no
2026-06-12 08:43:24 | 5.56 | 403.6 | 281 | 3136560:0.0:S,3136561:45.4:R | no
2026-06-12 08:44:54 | 5.10 | 401.8 | 278 | 3136560:0.0:S,3136561:47.1:R | no
2026-06-12 08:46:24 | 5.00 | 400.1 | 275 | 3136560:0.0:S,3136561:48.8:R | no
2026-06-12 08:47:54 | 4.92 | 397.9 | 273 | 3136560:0.0:S,3136561:50.8:R | no
2026-06-12 08:49:24 | 5.07 | 396.1 | 269 | 3136560:0.0:S,3136561:52.8:R | no
2026-06-12 08:50:54 | 4.93 | 394.0 | 266 | 3136560:0.0:S,3136561:54.9:R | no
2026-06-12 08:52:25 | 5.31 | 371.8 | 263 | 3136560:0.0:S,3136561:77.1:R | no
2026-06-12 08:53:55 | 5.39 | 364.6 | 260 | 3136560:0.0:S,3136561:84.3:R | no
2026-06-12 08:55:25 | 4.66 | 363.7 | 259 | 3136560:0.0:S,3136561:85.2:R | no
2026-06-12 08:56:55 | 5.07 | 361.6 | 256 | 3136560:0.0:S,3136561:87.3:R | no
2026-06-12 08:58:25 | 5.21 | 359.7 | 253 | 3136560:0.0:S,3136561:89.2:R | no
2026-06-12 08:59:55 | 5.20 | 357.6 | 250 | 3136560:0.0:S,3136561:91.3:R | no
2026-06-12 09:01:25 | 5.57 | 355.9 | 246 | 3136560:0.0:S,3136561:93.0:R | no
2026-06-12 09:02:55 | 5.28 | 353.8 | 243 | 3136560:0.0:S,3136561:95.0:R | no
2026-06-12 09:04:25 | 5.22 | 351.6 | 240 | 3136560:0.0:S,3136561:97.3:R | no
2026-06-12 09:05:55 | 5.36 | 348.9 | 237 | 3136560:0.0:S,3136561:99.9:R | no
2026-06-12 09:07:25 | 5.14 | 347.0 | 233 | 3136560:0.0:S,3136561:101.9:R | no
2026-06-12 09:08:56 | 5.52 | 344.4 | 230 | 3136560:0.0:S,3136561:104.4:R | no
2026-06-12 09:10:26 | 5.57 | 325.8 | 227 | 3136560:0.0:S,3136561:123.0:R | no
2026-06-12 09:11:56 | 6.16 | 246.5 | 223 | 3136560:0.0:S,3136561:202.1:R | no
2026-06-12 09:13:26 | 4.31 | 290.0 | 222 | 3136560:0.0:S,3136561:158.7:S | no
2026-06-12 09:14:56 | 3.66 | 292.1 | 222 | 3136560:0.0:S,3136561:156.6:R | no
2026-06-12 09:16:26 | 3.39 | 292.1 | 222 | 3136560:0.0:S,3136561:156.6:R | no
2026-06-12 09:17:56 | 3.14 | 292.1 | 222 | 3136560:0.0:S,3136561:156.6:R | no
2026-06-12 09:19:26 | 3.35 | 292.1 | 222 | 3136560:0.0:S,3136561:156.6:R | no
2026-06-12 09:20:56 | 5.48 | 378.1 | 222 | 3136560:0.0:S,3136561:70.8:S | no
2026-06-12 09:22:26 | 5.67 | 391.5 | 222 | 3136560:0.0:S,3136561:57.4:S | no
2026-06-12 09:23:56 | 4.42 | 446.8 | 352 | 3156740:0.0:S,3156741:2.3:R | no
2026-06-12 09:25:26 | 4.30 | 446.4 | 349 | 3156740:0.0:S,3156741:2.6:R | no
2026-06-12 09:26:57 | 4.27 | 446.2 | 347 | 3156740:0.0:S,3156741:2.8:R | no
2026-06-12 09:28:27 | 4.72 | 446.0 | 344 | 3156740:0.0:S,3156741:3.0:R | no
2026-06-12 09:29:57 | 4.46 | 445.8 | 341 | 3156740:0.0:S,3156741:3.2:R | no
2026-06-12 09:31:27 | 4.07 | 445.8 | 339 | 3156740:0.0:S,3156741:3.3:R | no
2026-06-12 09:32:57 | 4.29 | 445.1 | 336 | 3156740:0.0:S,3156741:3.9:R | no
2026-06-12 09:34:27 | 4.29 | 445.0 | 334 | 3156740:0.0:S,3156741:4.1:R | no
2026-06-12 09:35:57 | 4.72 | 444.8 | 331 | 3156740:0.0:S,3156741:4.2:R | no
2026-06-12 09:37:27 | 4.51 | 443.5 | 328 | 3156740:0.0:S,3156741:5.5:R | no
2026-06-12 09:38:57 | 4.19 | 443.2 | 326 | 3156740:0.0:S,3156741:5.9:R | no
2026-06-12 09:40:27 | 4.52 | 443.0 | 323 | 3156740:0.0:S,3156741:6.0:R | no
2026-06-12 09:41:57 | 4.55 | 442.7 | 320 | 3156740:0.0:S,3156741:6.3:R | no
2026-06-12 09:43:28 | 4.43 | 442.7 | 317 | 3156740:0.0:S,3156741:6.3:R | no
2026-06-12 09:44:58 | 4.64 | 440.9 | 314 | 3156740:0.0:S,3156741:8.1:R | no
2026-06-12 09:46:28 | 4.58 | 440.0 | 311 | 3156740:0.0:S,3156741:9.0:R | no
2026-06-12 09:47:58 | 4.56 | 439.5 | 309 | 3156740:0.0:S,3156741:9.5:R | no
2026-06-12 09:49:28 | 4.82 | 435.7 | 306 | 3156740:0.0:S,3156741:13.2:R | no
2026-06-12 09:50:58 | 5.09 | 435.0 | 303 | 3156740:0.0:S,3156741:14.0:R | no
2026-06-12 09:52:28 | 4.72 | 434.3 | 300 | 3156740:0.0:S,3156741:14.8:R | no
2026-06-12 09:53:58 | 4.73 | 433.9 | 297 | 3156740:0.0:S,3156741:15.1:R | no
2026-06-12 09:55:28 | 4.74 | 433.1 | 294 | 3156740:0.0:S,3156741:15.9:R | no
2026-06-12 09:56:58 | 4.89 | 424.0 | 291 | 3156740:0.0:S,3156741:25.0:R | no
2026-06-12 09:58:28 | 5.19 | 421.9 | 288 | 3156740:0.0:S,3156741:27.0:R | no
2026-06-12 09:59:58 | 5.11 | 419.8 | 285 | 3156740:0.0:S,3156741:29.2:R | no
2026-06-12 10:01:29 | 5.47 | 406.0 | 282 | 3156740:0.0:S,3156741:42.9:R | no
2026-06-12 10:02:59 | 4.88 | 404.2 | 279 | 3156740:0.0:S,3156741:44.7:R | no
2026-06-12 10:04:29 | 5.14 | 402.5 | 277 | 3156740:0.0:S,3156741:46.5:R | no
2026-06-12 10:05:59 | 4.98 | 400.6 | 274 | 3156740:0.0:S,3156741:48.3:R | no
2026-06-12 10:07:29 | 4.96 | 398.3 | 271 | 3156740:0.0:S,3156741:50.6:R | no
2026-06-12 10:08:59 | 4.93 | 396.5 | 268 | 3156740:0.0:S,3156741:52.4:R | no
2026-06-12 10:10:29 | 5.15 | 395.1 | 265 | 3156740:0.0:S,3156741:53.9:R | no
2026-06-12 10:11:59 | 5.45 | 350.0 | 262 | 3156740:0.0:S,3156741:98.8:R | no
2026-06-12 10:13:29 | 4.99 | 366.4 | 260 | 3156740:0.0:S,3156741:82.4:R | no
2026-06-12 10:14:59 | 4.78 | 364.5 | 258 | 3156740:0.0:S,3156741:84.4:R | no
2026-06-12 10:16:29 | 5.00 | 362.7 | 255 | 3156740:0.0:S,3156741:86.2:R | no
2026-06-12 10:17:59 | 4.79 | 361.0 | 252 | 3156740:0.0:S,3156741:87.9:R | no
2026-06-12 10:19:30 | 4.70 | 359.7 | 250 | 3156740:0.0:S,3156741:89.1:R | no
2026-06-12 10:21:00 | 4.67 | 357.1 | 247 | 3156740:0.0:S,3156741:91.7:R | no
2026-06-12 10:22:30 | 4.78 | 355.5 | 244 | 3156740:0.0:S,3156741:93.4:R | no
2026-06-12 10:24:00 | 5.00 | 353.5 | 241 | 3156740:0.0:S,3156741:95.4:R | no
2026-06-12 10:25:30 | 5.04 | 351.8 | 238 | 3156740:0.0:S,3156741:96.9:R | no
2026-06-12 10:27:00 | 5.20 | 349.7 | 235 | 3156740:0.0:S,3156741:98.9:R | no
2026-06-12 10:28:30 | 5.20 | 347.7 | 232 | 3156740:0.0:S,3156741:101.2:R | no
2026-06-12 10:30:00 | 5.40 | 344.7 | 229 | 3156740:0.0:S,3156741:104.2:R | no
2026-06-12 10:31:30 | 5.60 | 296.3 | 225 | 3156740:0.0:S,3156741:152.4:R | no
2026-06-12 10:33:00 | 5.97 | 284.6 | 222 | 3156740:0.0:S,3156741:164.1:S | no
2026-06-12 10:34:30 | 3.74 | 293.5 | 222 | 3156740:0.0:S,3156741:155.2:R | no
2026-06-12 10:36:01 | 3.49 | 293.5 | 222 | 3156740:0.0:S,3156741:155.2:R | no
2026-06-12 10:37:31 | 3.15 | 293.5 | 222 | 3156740:0.0:S,3156741:155.2:R | no
2026-06-12 10:39:01 | 3.14 | 293.5 | 222 | 3156740:0.0:S,3156741:155.2:R | no
2026-06-12 10:40:31 | 3.12 | 293.5 | 222 | 3156740:0.0:S,3156741:155.2:R | no
2026-06-12 10:42:01 | 4.89 | 379.2 | 222 | 3156740:0.0:S,3156741:69.7:S | no
2026-06-12 10:43:31 | 4.23 | 381.4 | 222 | 3156740:0.0:S,3156741:67.5:S | no
2026-06-12 10:45:01 | 3.26 | 449.0 | 354 | none | no
2026-06-12 10:46:31 | 2.36 | 449.0 | 354 | none | no
2026-06-12 10:48:01 | 2.23 | 449.1 | 354 | none | no
2026-06-12 10:49:31 | 2.25 | 449.0 | 354 | none | no
2026-06-12 10:51:01 | 2.16 | 449.0 | 354 | none | no
2026-06-12 10:52:31 | 2.03 | 449.0 | 354 | none | no
2026-06-12 10:54:02 | 2.51 | 449.0 | 354 | none | no
2026-06-12 10:55:32 | 2.51 | 449.0 | 354 | none | no
2026-06-12 10:57:02 | 2.46 | 449.0 | 354 | none | no
2026-06-12 10:58:32 | 2.43 | 449.0 | 354 | none | no
2026-06-12 11:00:02 | 2.13 | 449.0 | 354 | none | no
2026-06-12 11:01:32 | 2.60 | 449.0 | 692 | none | no
2026-06-12 11:03:02 | 2.21 | 447.6 | 692 | 3196827:0.0:S,3196828:1.4:R | no
2026-06-12 11:04:32 | 3.13 | 427.3 | 692 | 3196827:0.0:S,3196828:21.7:R | no
2026-06-12 11:06:02 | 3.16 | 407.4 | 692 | 3196827:0.0:S,3196828:41.6:R | no
2026-06-12 11:07:32 | 3.21 | 387.3 | 692 | 3196827:0.0:S,3196828:61.6:R | no
2026-06-12 11:09:02 | 3.14 | 363.7 | 692 | 3196827:0.0:S,3196828:85.1:S | no
2026-06-12 11:10:33 | 3.56 | 340.6 | 692 | 3196827:0.0:S,3196828:108.2:R | no
2026-06-12 11:12:03 | 3.31 | 333.0 | 692 | 3196827:0.0:S,3196828:115.8:R | no
2026-06-12 11:13:33 | 3.38 | 329.0 | 692 | 3196827:0.0:S,3196828:119.8:R | no
2026-06-12 11:15:03 | 3.12 | 315.6 | 692 | 3196827:0.0:S,3196828:133.1:R | no
2026-06-12 11:16:33 | 3.35 | 315.7 | 692 | 3196827:0.0:S,3196828:133.1:R | no
2026-06-12 11:18:03 | 3.23 | 293.3 | 692 | 3196827:0.0:S,3196828:155.5:R | no
2026-06-12 11:19:33 | 3.45 | 330.4 | 692 | 3196827:0.0:S,3196828:118.4:R | no
2026-06-12 11:21:03 | 3.34 | 321.8 | 692 | 3196827:0.0:S,3196828:127.0:R | no
2026-06-12 11:22:33 | 3.12 | 316.2 | 692 | 3196827:0.0:S,3196828:132.6:R | no
2026-06-12 11:24:03 | 3.08 | 300.7 | 692 | 3196827:0.0:S,3196828:148.0:R | no
2026-06-12 11:25:33 | 3.54 | 295.4 | 692 | 3196827:0.0:S,3196828:153.4:R | no
2026-06-12 11:27:04 | 3.23 | 290.2 | 692 | 3196827:0.0:S,3196828:158.6:R | no
2026-06-12 11:28:34 | 3.18 | 244.0 | 692 | 3196827:0.0:S,3196828:204.6:R | no
2026-06-12 11:30:04 | 3.09 | 259.6 | 692 | 3196827:0.0:S,3196828:189.1:R | no
2026-06-12 11:31:34 | 3.26 | 254.5 | 692 | 3196827:0.0:S,3196828:194.2:R | no
2026-06-12 11:33:04 | 3.25 | 249.4 | 692 | 3196827:0.0:S,3196828:199.2:R | no
2026-06-12 11:34:34 | 3.23 | 244.4 | 692 | 3196827:0.0:S,3196828:204.3:R | no
2026-06-12 11:36:04 | 3.36 | 239.4 | 692 | 3196827:0.0:S,3196828:209.2:R | no
2026-06-12 11:37:34 | 3.46 | 218.3 | 692 | 3196827:0.0:S,3196828:230.3:R | no
2026-06-12 11:39:04 | 3.24 | 163.4 | 692 | 3196827:0.0:S,3196828:285.1:R | no
2026-06-12 11:40:34 | 3.25 | 183.8 | 692 | 3196827:0.0:S,3196828:264.7:R | no
2026-06-12 11:42:04 | 3.13 | 179.0 | 692 | 3196827:0.0:S,3196828:269.5:R | no
2026-06-12 11:43:34 | 3.27 | 174.3 | 692 | 3196827:0.0:S,3196828:274.2:R | no
2026-06-12 11:45:05 | 3.21 | 169.5 | 692 | 3196827:0.0:S,3196828:278.9:R | no
2026-06-12 11:46:35 | 3.05 | 164.8 | 692 | 3196827:0.0:S,3196828:283.7:R | no
2026-06-12 11:48:05 | 3.35 | 160.0 | 692 | 3196827:0.0:S,3196828:288.4:R | no
2026-06-12 11:49:35 | 3.08 | 155.3 | 692 | 3196827:0.0:S,3196828:293.2:R | no
2026-06-12 11:51:05 | 3.23 | 150.6 | 692 | 3196827:0.0:S,3196828:297.9:R | no
2026-06-12 11:52:35 | 3.14 | 145.9 | 692 | 3196827:0.0:S,3196828:302.5:R | no
2026-06-12 11:54:05 | 3.12 | 141.4 | 692 | 3196827:0.0:S,3196828:307.1:R | no
2026-06-12 11:55:35 | 3.70 | 136.9 | 692 | 3196827:0.0:S,3196828:311.5:R | no
2026-06-12 11:57:05 | 3.48 | 342.3 | 691 | 3196827:0.0:S,3196828:106.5:R | no
2026-06-12 11:58:35 | 4.07 | 342.3 | 675 | 3196827:0.0:S,3196828:106.5:R | no
2026-06-12 12:00:05 | 4.41 | 342.3 | 659 | 3196827:0.0:S,3196828:106.5:R | no
2026-06-12 12:01:35 | 4.17 | 342.3 | 643 | 3196827:0.0:S,3196828:106.5:R | no
2026-06-12 12:03:06 | 4.28 | 342.3 | 626 | 3196827:0.0:S,3196828:106.5:R | no
2026-06-12 12:04:36 | 4.41 | 342.3 | 610 | 3196827:0.0:S,3196828:106.5:R | no
2026-06-12 12:06:06 | 4.33 | 342.3 | 594 | 3196827:0.0:S,3196828:106.5:R | no
2026-06-12 12:07:36 | 4.27 | 342.3 | 577 | 3196827:0.0:S,3196828:106.5:R | no
2026-06-12 12:09:06 | 4.35 | 342.3 | 561 | 3196827:0.0:S,3196828:106.5:R | no
2026-06-12 12:10:36 | 3.44 | 446.3 | 558 | none | no
2026-06-12 12:12:06 | 3.64 | 443.5 | 558 | none | no
2026-06-12 12:13:36 | 3.19 | 442.1 | 558 | none | no
2026-06-12 12:15:06 | 3.19 | 438.4 | 558 | none | no
2026-06-12 12:16:36 | 3.73 | 437.2 | 558 | none | no
2026-06-12 12:18:06 | 3.44 | 436.0 | 558 | none | no
2026-06-12 12:19:36 | 3.33 | 434.9 | 558 | none | no
2026-06-12 12:21:07 | 3.37 | 433.9 | 558 | none | no
2026-06-12 12:22:37 | 3.10 | 428.1 | 558 | none | no
2026-06-12 12:24:07 | 3.32 | 427.1 | 558 | none | no
2026-06-12 12:25:37 | 3.11 | 426.1 | 558 | none | no
2026-06-12 12:27:07 | 3.70 | 425.3 | 558 | none | no
2026-06-12 12:28:37 | 3.48 | 424.4 | 558 | none | no
2026-06-12 12:30:07 | 3.17 | 423.7 | 558 | none | no
2026-06-12 12:31:37 | 3.11 | 423.0 | 558 | none | no
2026-06-12 12:33:07 | 3.26 | 422.5 | 558 | none | no
2026-06-12 12:34:37 | 3.08 | 422.1 | 558 | none | no
2026-06-12 12:36:07 | 3.09 | 421.8 | 558 | none | no
2026-06-12 12:37:37 | 3.08 | 421.8 | 558 | none | no
2026-06-12 12:39:08 | 3.02 | 421.8 | 558 | none | no
2026-06-12 12:40:38 | 3.18 | 421.8 | 558 | none | no
2026-06-12 12:42:08 | 3.12 | 421.8 | 558 | none | no
2026-06-12 12:43:38 | 3.30 | 421.8 | 558 | none | no
2026-06-12 12:45:08 | 4.22 | 421.8 | 558 | none | no
2026-06-12 12:46:38 | 3.32 | 421.8 | 558 | none | no
2026-06-12 12:48:08 | 3.07 | 421.8 | 558 | none | no
2026-06-12 12:49:38 | 3.39 | 421.8 | 558 | none | no
2026-06-12 12:51:08 | 3.13 | 421.8 | 558 | none | no
2026-06-12 12:52:38 | 3.19 | 421.8 | 558 | none | no
2026-06-12 12:54:08 | 3.26 | 421.8 | 558 | none | no
2026-06-12 12:55:38 | 3.11 | 421.8 | 558 | none | no
2026-06-12 12:57:09 | 3.13 | 421.8 | 558 | none | no
2026-06-12 12:58:39 | 3.13 | 421.8 | 558 | none | no
2026-06-12 13:00:09 | 3.11 | 421.8 | 558 | none | no
2026-06-12 13:01:39 | 3.27 | 421.8 | 558 | none | no
2026-06-12 13:03:09 | 3.08 | 421.8 | 558 | none | no
2026-06-12 13:04:39 | 3.34 | 421.8 | 558 | none | no
2026-06-12 13:06:09 | 3.52 | 421.8 | 558 | none | no
2026-06-12 13:07:39 | 3.21 | 421.8 | 558 | none | no
2026-06-12 13:09:09 | 3.10 | 421.8 | 558 | none | no
2026-06-12 13:10:39 | 3.42 | 421.8 | 558 | none | no
2026-06-12 13:12:09 | 3.40 | 421.8 | 558 | none | no
2026-06-12 13:13:39 | 3.46 | 421.8 | 558 | none | no
2026-06-12 13:15:10 | 3.17 | 421.8 | 558 | none | no
2026-06-12 13:16:40 | 3.18 | 421.8 | 558 | none | no
2026-06-12 13:18:10 | 3.22 | 421.8 | 558 | none | no
2026-06-12 13:19:40 | 3.13 | 421.8 | 558 | none | no
2026-06-12 13:21:10 | 3.05 | 421.8 | 558 | none | no
2026-06-12 13:22:40 | 3.25 | 421.8 | 558 | none | no
2026-06-12 13:24:10 | 3.05 | 421.8 | 558 | none | no
2026-06-12 13:25:40 | 3.16 | 421.8 | 558 | none | no
2026-06-12 13:27:10 | 3.13 | 421.8 | 558 | none | no
2026-06-12 13:28:40 | 3.40 | 421.8 | 558 | none | no
2026-06-12 13:30:10 | 3.09 | 421.8 | 558 | none | no
2026-06-12 13:31:40 | 3.36 | 421.8 | 558 | none | no
2026-06-12 13:33:11 | 3.26 | 421.8 | 558 | none | no
2026-06-12 13:34:41 | 3.40 | 421.8 | 558 | none | no
2026-06-12 13:36:11 | 3.28 | 421.8 | 558 | none | no
2026-06-12 13:37:41 | 3.29 | 421.8 | 558 | none | no
2026-06-12 13:39:11 | 3.24 | 421.8 | 558 | none | no
2026-06-12 13:40:41 | 3.13 | 421.8 | 558 | none | no
2026-06-12 13:42:11 | 3.23 | 421.8 | 558 | none | no
2026-06-12 13:43:41 | 3.29 | 421.8 | 558 | none | no
2026-06-12 13:45:11 | 3.10 | 421.8 | 558 | none | no
2026-06-12 13:46:41 | 3.24 | 421.8 | 558 | none | no
2026-06-12 13:48:11 | 3.19 | 421.8 | 558 | none | no
2026-06-12 13:49:41 | 3.12 | 421.8 | 558 | none | no
2026-06-12 13:51:12 | 3.26 | 421.8 | 558 | none | no
2026-06-12 13:52:42 | 3.36 | 421.8 | 557 | none | no
2026-06-12 13:54:12 | 3.20 | 421.8 | 556 | none | no
2026-06-12 13:55:42 | 3.21 | 421.8 | 555 | none | no
2026-06-12 13:57:12 | 3.76 | 421.8 | 554 | none | no
2026-06-12 13:58:42 | 3.21 | 421.8 | 554 | none | no
2026-06-12 14:00:12 | 3.20 | 421.8 | 553 | none | no
2026-06-12 14:01:42 | 3.29 | 421.8 | 552 | none | no
2026-06-12 14:03:12 | 3.25 | 421.8 | 551 | none | no
2026-06-12 14:04:42 | 3.12 | 421.8 | 550 | none | no
2026-06-12 14:06:12 | 3.29 | 421.8 | 549 | none | no
2026-06-12 14:07:42 | 3.12 | 421.8 | 548 | none | no
2026-06-12 14:09:13 | 3.52 | 421.8 | 548 | none | no
2026-06-12 14:10:43 | 3.39 | 421.8 | 547 | none | no
2026-06-12 14:12:13 | 3.45 | 421.8 | 546 | none | no
2026-06-12 14:13:43 | 3.32 | 421.8 | 545 | none | no
2026-06-12 14:15:13 | 3.23 | 421.8 | 544 | none | no
2026-06-12 14:16:43 | 3.08 | 421.8 | 543 | none | no
2026-06-12 14:18:13 | 3.29 | 421.8 | 543 | none | no
2026-06-12 14:19:43 | 3.38 | 421.8 | 542 | none | no
2026-06-12 14:21:13 | 3.30 | 421.8 | 541 | none | no
2026-06-12 14:22:43 | 3.26 | 421.8 | 540 | none | no
2026-06-12 14:24:13 | 3.33 | 421.8 | 539 | none | no
2026-06-12 14:25:43 | 3.17 | 421.8 | 538 | none | no
2026-06-12 14:27:14 | 3.37 | 421.8 | 537 | none | no
2026-06-12 14:28:44 | 3.37 | 421.8 | 536 | none | no
2026-06-12 14:30:14 | 3.08 | 421.8 | 535 | none | no
2026-06-12 14:31:44 | 3.09 | 421.8 | 534 | none | no
2026-06-12 14:33:14 | 3.14 | 421.8 | 533 | none | no
2026-06-12 14:34:44 | 3.47 | 421.8 | 532 | none | no
2026-06-12 14:36:14 | 3.27 | 421.8 | 531 | none | no
2026-06-12 14:37:44 | 3.51 | 421.8 | 530 | none | no
2026-06-12 14:39:14 | 3.18 | 421.8 | 529 | none | no
2026-06-12 14:40:44 | 3.16 | 421.8 | 528 | none | no
2026-06-12 14:42:14 | 3.32 | 421.8 | 527 | none | no
2026-06-12 14:43:45 | 3.28 | 421.8 | 526 | none | no
2026-06-12 14:45:15 | 3.13 | 421.8 | 525 | none | no
2026-06-12 14:46:45 | 3.28 | 421.8 | 525 | none | no
2026-06-12 14:48:15 | 3.30 | 421.9 | 524 | none | no
2026-06-12 14:49:45 | 3.33 | 421.8 | 523 | none | no
2026-06-12 14:51:15 | 3.20 | 421.8 | 522 | none | no
2026-06-12 14:52:45 | 3.13 | 421.8 | 521 | none | no
2026-06-12 14:54:15 | 3.09 | 421.8 | 520 | none | no
2026-06-12 14:55:45 | 3.40 | 421.8 | 519 | none | no
2026-06-12 14:57:15 | 3.31 | 421.8 | 518 | none | no
2026-06-12 14:58:45 | 3.41 | 421.8 | 517 | none | no
2026-06-12 15:00:15 | 3.36 | 421.8 | 516 | none | no
2026-06-12 15:01:46 | 3.10 | 421.8 | 515 | none | no
2026-06-12 15:03:16 | 3.14 | 421.8 | 514 | none | no
2026-06-12 15:04:46 | 3.29 | 421.8 | 513 | none | no
2026-06-12 15:06:16 | 3.15 | 421.8 | 512 | none | no
2026-06-12 15:07:46 | 3.05 | 421.8 | 511 | none | no
2026-06-12 15:09:16 | 3.26 | 421.8 | 510 | none | no
2026-06-12 15:10:46 | 3.12 | 421.8 | 509 | none | no
2026-06-12 15:12:16 | 3.08 | 421.8 | 508 | none | no
2026-06-12 15:13:46 | 3.19 | 421.8 | 507 | none | no
2026-06-12 15:15:16 | 3.14 | 421.8 | 507 | none | no
2026-06-12 15:16:46 | 3.17 | 421.8 | 506 | none | no
2026-06-12 15:18:17 | 3.26 | 421.8 | 505 | none | no
2026-06-12 15:19:47 | 3.33 | 421.8 | 504 | none | no
2026-06-12 15:21:17 | 3.29 | 421.8 | 503 | none | no
2026-06-12 15:22:47 | 3.37 | 421.8 | 502 | none | no
2026-06-12 15:24:17 | 3.37 | 421.8 | 501 | none | no
2026-06-12 15:25:47 | 3.15 | 421.8 | 500 | none | no
2026-06-12 15:27:17 | 3.68 | 421.8 | 499 | none | no
2026-06-12 15:28:47 | 3.22 | 421.8 | 498 | none | no
2026-06-12 15:30:17 | 3.14 | 421.8 | 497 | none | no
2026-06-12 15:31:47 | 3.11 | 421.8 | 496 | none | no
2026-06-12 15:33:17 | 3.35 | 421.8 | 496 | none | no
2026-06-12 15:34:47 | 3.20 | 421.8 | 495 | none | no
2026-06-12 15:36:18 | 3.33 | 421.8 | 494 | none | no
2026-06-12 15:37:48 | 3.39 | 421.8 | 494 | none | no
2026-06-12 15:39:18 | 3.38 | 421.8 | 493 | none | no
2026-06-12 15:40:48 | 3.54 | 421.8 | 492 | none | no
2026-06-12 15:42:18 | 3.80 | 421.8 | 491 | none | no
2026-06-12 15:43:48 | 3.28 | 421.8 | 491 | none | no
2026-06-12 15:45:18 | 3.18 | 442.6 | 622 | none | no
2026-06-12 15:46:48 | 3.43 | 442.6 | 611 | none | no
2026-06-12 15:48:18 | 3.17 | 442.6 | 601 | none | no
2026-06-12 15:49:48 | 3.75 | 442.6 | 591 | none | no
2026-06-12 15:51:18 | 3.41 | 442.5 | 581 | none | no
2026-06-12 15:52:49 | 3.57 | 442.5 | 570 | none | no
2026-06-12 15:54:19 | 3.21 | 441.9 | 557 | none | no
2026-06-12 15:55:49 | 3.26 | 441.1 | 545 | none | no
2026-06-12 15:57:19 | 3.31 | 439.8 | 532 | none | no
2026-06-12 15:58:49 | 3.31 | 439.7 | 519 | none | no
2026-06-12 16:00:19 | 3.21 | 439.1 | 506 | none | no
2026-06-12 16:01:49 | 3.51 | 437.1 | 494 | none | no
2026-06-12 16:03:19 | 3.31 | 437.3 | 482 | none | no
2026-06-12 16:04:49 | 3.64 | 436.8 | 468 | none | no
2026-06-12 16:06:19 | 3.65 | 436.2 | 455 | none | no
2026-06-12 16:07:49 | 3.48 | 435.6 | 442 | none | no
2026-06-12 16:09:19 | 3.43 | 435.1 | 429 | none | no
2026-06-12 16:10:50 | 3.62 | 431.4 | 417 | none | no
2026-06-12 16:12:20 | 3.43 | 432.5 | 407 | none | no
2026-06-12 16:13:50 | 3.30 | 432.1 | 394 | none | no
2026-06-12 16:15:20 | 3.28 | 431.6 | 380 | none | no
2026-06-12 16:16:50 | 3.64 | 431.1 | 366 | none | no
2026-06-12 16:18:20 | 3.61 | 430.7 | 354 | none | no
2026-06-12 16:19:50 | 3.25 | 430.6 | 343 | none | no
2026-06-12 16:21:20 | 3.70 | 430.5 | 338 | none | no
2026-06-12 16:22:50 | 3.28 | 430.5 | 338 | none | no
2026-06-12 16:24:20 | 3.39 | 430.5 | 338 | none | no
2026-06-12 16:25:50 | 3.67 | 430.5 | 338 | none | no
2026-06-12 16:27:20 | 3.52 | 430.5 | 337 | none | no
2026-06-12 16:28:51 | 3.19 | 430.5 | 337 | none | no
2026-06-12 16:30:21 | 3.09 | 430.5 | 337 | none | no
2026-06-12 16:31:51 | 3.26 | 430.5 | 337 | none | no
2026-06-12 16:33:21 | 3.31 | 430.5 | 337 | none | no
2026-06-12 16:34:51 | 3.77 | 430.5 | 337 | none | no
2026-06-12 16:36:21 | 3.24 | 430.5 | 337 | none | no
2026-06-12 16:37:51 | 3.66 | 430.5 | 337 | none | no
2026-06-12 16:39:21 | 3.26 | 430.5 | 337 | none | no
2026-06-12 16:40:51 | 3.06 | 430.5 | 337 | none | no
2026-06-12 16:42:21 | 3.29 | 430.5 | 337 | none | no
2026-06-12 16:43:51 | 3.36 | 430.5 | 337 | none | no
2026-06-12 16:45:22 | 3.19 | 430.5 | 337 | none | no
2026-06-12 16:46:52 | 3.47 | 430.5 | 337 | none | no
2026-06-12 16:48:22 | 3.25 | 430.5 | 337 | none | no
2026-06-12 16:49:52 | 3.33 | 430.5 | 337 | none | no
2026-06-12 16:51:22 | 3.35 | 430.5 | 337 | none | no
2026-06-12 16:52:52 | 3.19 | 430.5 | 337 | none | no
2026-06-12 16:54:22 | 3.18 | 430.5 | 337 | none | no
2026-06-12 16:55:52 | 3.24 | 430.5 | 337 | none | no
2026-06-12 16:57:22 | 3.44 | 430.5 | 337 | none | no
2026-06-12 16:58:52 | 3.18 | 430.5 | 337 | none | no
2026-06-12 17:00:22 | 3.45 | 430.5 | 337 | none | no
2026-06-12 17:01:53 | 3.48 | 430.5 | 337 | none | no
2026-06-12 17:03:23 | 3.18 | 430.5 | 337 | none | no
2026-06-12 17:04:53 | 3.35 | 430.5 | 337 | none | no
2026-06-12 17:06:23 | 3.43 | 430.5 | 337 | none | no
2026-06-12 17:07:53 | 3.21 | 430.5 | 337 | none | no
2026-06-12 17:09:23 | 3.16 | 430.5 | 337 | none | no
2026-06-12 17:10:53 | 3.60 | 430.5 | 337 | none | no
2026-06-12 17:12:23 | 3.87 | 430.5 | 337 | none | no
2026-06-12 17:13:53 | 3.70 | 430.5 | 337 | none | no
2026-06-12 17:15:23 | 3.39 | 430.5 | 337 | none | no
2026-06-12 17:16:53 | 3.08 | 430.5 | 337 | none | no
2026-06-12 17:18:23 | 3.38 | 430.5 | 337 | none | no
2026-06-12 17:19:54 | 3.34 | 430.5 | 337 | none | no
2026-06-12 17:21:24 | 3.18 | 430.5 | 337 | none | no
2026-06-12 17:22:54 | 3.12 | 430.5 | 337 | none | no
2026-06-12 17:24:24 | 3.24 | 430.5 | 337 | none | no
2026-06-12 17:25:54 | 3.27 | 430.5 | 337 | none | no
2026-06-12 17:27:24 | 3.13 | 430.5 | 337 | none | no
2026-06-12 17:28:54 | 3.72 | 430.5 | 337 | none | no
2026-06-12 17:30:24 | 3.40 | 430.5 | 337 | none | no
2026-06-12 17:31:54 | 3.19 | 430.5 | 337 | none | no
2026-06-12 17:33:24 | 3.41 | 430.5 | 337 | none | no
2026-06-12 17:34:54 | 3.13 | 430.5 | 337 | none | no
2026-06-12 17:36:25 | 3.24 | 430.5 | 337 | none | no
2026-06-12 17:37:55 | 3.14 | 430.5 | 337 | none | no
2026-06-12 17:39:25 | 3.29 | 430.5 | 337 | none | no
2026-06-12 17:40:55 | 3.11 | 430.5 | 337 | none | no
2026-06-12 17:42:25 | 3.55 | 430.5 | 337 | none | no
2026-06-12 17:43:55 | 3.29 | 430.5 | 337 | none | no
2026-06-12 17:45:25 | 3.11 | 430.5 | 337 | none | no
2026-06-12 17:46:55 | 3.13 | 430.5 | 337 | none | no
2026-06-12 17:48:25 | 3.18 | 430.5 | 337 | none | no
2026-06-12 17:49:55 | 3.63 | 430.5 | 337 | none | no
2026-06-12 17:51:25 | 3.17 | 430.5 | 337 | none | no
2026-06-12 17:52:55 | 3.20 | 430.5 | 337 | none | no
2026-06-12 17:54:26 | 3.16 | 430.5 | 337 | none | no
2026-06-12 17:55:56 | 3.37 | 430.5 | 337 | none | no
2026-06-12 17:57:26 | 3.20 | 430.5 | 337 | none | no
2026-06-12 17:58:56 | 3.12 | 430.5 | 337 | none | no
2026-06-12 18:00:26 | 3.22 | 430.5 | 337 | none | no
2026-06-12 18:01:56 | 3.17 | 430.5 | 337 | none | no
2026-06-12 18:03:26 | 3.25 | 430.5 | 337 | none | no
2026-06-12 18:04:56 | 3.29 | 430.5 | 337 | none | no
2026-06-12 18:06:26 | 3.32 | 430.5 | 337 | none | no
2026-06-12 18:07:56 | 3.12 | 430.5 | 337 | none | no
2026-06-12 18:09:26 | 3.03 | 430.5 | 337 | none | no
2026-06-12 18:10:57 | 3.19 | 430.5 | 337 | none | no
2026-06-12 18:12:27 | 3.39 | 430.5 | 337 | none | no
2026-06-12 18:13:57 | 3.28 | 430.5 | 337 | none | no
2026-06-12 18:15:27 | 3.38 | 430.5 | 337 | none | no
2026-06-12 18:16:57 | 3.28 | 430.5 | 337 | none | no
2026-06-12 18:18:27 | 3.33 | 430.5 | 337 | none | no
2026-06-12 18:19:57 | 3.21 | 430.5 | 337 | none | no
2026-06-12 18:21:27 | 3.26 | 430.5 | 337 | none | no
2026-06-12 18:22:57 | 3.18 | 430.5 | 337 | none | no
2026-06-12 18:24:27 | 3.22 | 430.5 | 337 | none | no
2026-06-12 18:25:57 | 3.66 | 430.5 | 337 | none | no
2026-06-12 18:27:28 | 3.33 | 430.5 | 337 | none | no
2026-06-12 18:28:58 | 3.61 | 430.5 | 337 | none | no
2026-06-12 18:30:28 | 3.15 | 430.5 | 337 | none | no
2026-06-12 18:31:58 | 3.09 | 430.5 | 337 | none | no
2026-06-12 18:33:28 | 3.28 | 430.5 | 337 | none | no
2026-06-12 18:34:58 | 3.09 | 430.5 | 337 | none | no
2026-06-12 18:36:28 | 3.10 | 430.5 | 337 | none | no
2026-06-12 18:37:58 | 3.04 | 430.5 | 337 | none | no
2026-06-12 18:39:28 | 3.57 | 430.5 | 337 | none | no
2026-06-12 18:40:58 | 3.28 | 430.5 | 337 | none | no
2026-06-12 18:42:28 | 3.16 | 430.5 | 337 | none | no
2026-06-12 18:43:59 | 3.33 | 430.5 | 337 | none | no
2026-06-12 18:45:29 | 3.12 | 430.5 | 337 | none | no
2026-06-12 18:46:59 | 3.59 | 430.5 | 337 | none | no
2026-06-12 18:48:29 | 3.37 | 430.5 | 337 | none | no
2026-06-12 18:49:59 | 3.21 | 430.5 | 337 | none | no
2026-06-12 18:51:29 | 3.19 | 430.5 | 337 | none | no
2026-06-12 18:52:59 | 3.26 | 430.5 | 337 | none | no
2026-06-12 18:54:29 | 3.28 | 430.5 | 337 | none | no
2026-06-12 18:55:59 | 3.47 | 430.5 | 337 | none | no
2026-06-12 18:57:29 | 3.72 | 430.5 | 337 | none | no
2026-06-12 18:58:59 | 3.20 | 430.5 | 337 | none | no
2026-06-12 19:00:29 | 3.37 | 430.5 | 337 | none | no
2026-06-12 19:02:00 | 3.66 | 430.5 | 337 | none | no
2026-06-12 19:03:30 | 3.25 | 430.5 | 337 | none | no
2026-06-12 19:05:00 | 3.39 | 430.5 | 337 | none | no
2026-06-12 19:06:30 | 3.18 | 430.5 | 337 | none | no
2026-06-12 19:08:00 | 3.31 | 430.5 | 337 | none | no
2026-06-12 19:09:30 | 3.57 | 430.5 | 337 | none | no
2026-06-12 19:11:00 | 3.29 | 430.5 | 337 | none | no
2026-06-12 19:12:30 | 3.43 | 430.5 | 337 | none | no
2026-06-12 19:14:00 | 3.21 | 430.5 | 337 | none | no
2026-06-12 19:15:30 | 3.37 | 430.5 | 337 | none | no
2026-06-12 19:17:00 | 3.16 | 430.5 | 337 | none | no
2026-06-12 19:18:31 | 3.06 | 430.5 | 337 | none | no
2026-06-12 19:20:01 | 3.24 | 430.5 | 337 | none | no
2026-06-12 19:21:31 | 3.30 | 430.5 | 337 | none | no
2026-06-12 19:23:01 | 3.31 | 430.5 | 337 | none | no
2026-06-12 19:24:31 | 3.28 | 430.5 | 337 | none | no
2026-06-12 19:26:01 | 3.28 | 430.5 | 337 | none | no
2026-06-12 19:27:31 | 3.16 | 430.5 | 337 | none | no
2026-06-12 19:29:01 | 3.58 | 430.5 | 337 | none | no
2026-06-12 19:30:31 | 3.39 | 430.5 | 337 | none | no
2026-06-12 19:32:01 | 3.11 | 430.5 | 337 | none | no
2026-06-12 19:33:31 | 3.39 | 430.5 | 337 | none | no
2026-06-12 19:35:01 | 3.22 | 430.5 | 337 | none | no
2026-06-12 19:36:32 | 3.30 | 430.5 | 337 | none | no
2026-06-12 19:38:02 | 3.25 | 430.5 | 337 | none | no
2026-06-12 19:39:32 | 3.09 | 430.5 | 337 | none | no
2026-06-12 19:41:02 | 3.02 | 430.5 | 337 | none | no
2026-06-12 19:42:32 | 3.11 | 430.5 | 337 | none | no
2026-06-12 19:44:02 | 3.32 | 430.5 | 337 | none | no
2026-06-12 19:45:32 | 3.30 | 430.5 | 337 | none | no
2026-06-12 19:47:02 | 3.21 | 430.5 | 337 | none | no
2026-06-12 19:48:32 | 3.32 | 430.5 | 337 | none | no
2026-06-12 19:50:02 | 3.13 | 430.5 | 337 | none | no
2026-06-12 19:51:32 | 3.25 | 430.5 | 337 | none | no
2026-06-12 19:53:03 | 3.21 | 430.5 | 337 | none | no
2026-06-12 19:54:33 | 3.04 | 430.5 | 337 | none | no
2026-06-12 19:56:03 | 3.20 | 430.5 | 337 | none | no
2026-06-12 19:57:33 | 3.25 | 430.5 | 337 | none | no
2026-06-12 19:59:03 | 3.44 | 430.5 | 337 | none | no
2026-06-12 20:00:33 | 3.39 | 430.5 | 337 | none | no
2026-06-12 20:02:03 | 3.40 | 430.5 | 337 | none | no
2026-06-12 20:03:33 | 3.14 | 430.5 | 337 | none | no
2026-06-12 20:05:03 | 3.33 | 430.5 | 337 | none | no
2026-06-12 20:06:33 | 3.31 | 430.5 | 337 | none | no
2026-06-12 20:08:03 | 3.37 | 430.5 | 337 | none | no
2026-06-12 20:09:34 | 3.18 | 430.5 | 337 | none | no
2026-06-12 20:11:04 | 3.36 | 430.5 | 337 | none | no
2026-06-12 20:12:34 | 3.50 | 430.5 | 337 | none | no
2026-06-12 20:14:04 | 3.26 | 430.5 | 337 | none | no
2026-06-12 20:15:34 | 3.50 | 430.4 | 337 | none | no
2026-06-12 20:17:04 | 3.23 | 430.4 | 337 | none | no
2026-06-12 20:18:34 | 3.07 | 430.5 | 337 | none | no
2026-06-12 20:20:04 | 3.37 | 430.5 | 337 | none | no
2026-06-12 20:21:34 | 3.20 | 430.5 | 337 | none | no
2026-06-12 20:23:04 | 3.93 | 430.4 | 337 | none | no
2026-06-12 20:24:34 | 3.45 | 430.4 | 337 | none | no
2026-06-12 20:26:04 | 3.46 | 430.4 | 337 | none | no
2026-06-12 20:27:35 | 3.77 | 430.4 | 337 | none | no
2026-06-12 20:29:05 | 3.30 | 430.4 | 337 | none | no
2026-06-12 20:30:35 | 3.32 | 430.4 | 337 | none | no
2026-06-12 20:32:05 | 3.54 | 430.4 | 337 | none | no
2026-06-12 20:33:35 | 3.59 | 430.4 | 337 | none | no
2026-06-12 20:35:05 | 3.35 | 430.4 | 337 | none | no
2026-06-12 20:36:35 | 3.27 | 430.4 | 337 | none | no
2026-06-12 20:38:05 | 3.20 | 430.4 | 337 | none | no
2026-06-12 20:39:35 | 3.26 | 430.4 | 337 | none | no
2026-06-12 20:41:05 | 3.76 | 430.4 | 337 | none | no
2026-06-12 20:42:35 | 3.62 | 430.4 | 337 | none | no
2026-06-12 20:44:06 | 3.13 | 430.4 | 337 | none | no
2026-06-12 20:45:36 | 3.19 | 430.4 | 337 | none | no
2026-06-12 20:47:06 | 3.58 | 430.4 | 337 | none | no
2026-06-12 20:48:36 | 3.16 | 430.4 | 337 | none | no
2026-06-12 20:50:06 | 3.35 | 430.4 | 337 | none | no
2026-06-12 20:51:36 | 3.14 | 430.4 | 337 | none | no
2026-06-12 20:53:06 | 3.43 | 430.4 | 337 | none | no
2026-06-12 20:54:36 | 3.73 | 448.3 | 337 | none | no
2026-06-12 20:56:06 | 2.87 | 448.9 | 337 | none | no
2026-06-12 20:57:36 | 2.31 | 448.9 | 337 | none | no
2026-06-12 20:59:06 | 2.26 | 448.9 | 337 | none | no
2026-06-12 21:00:36 | 2.12 | 448.9 | 337 | none | no
2026-06-12 21:02:07 | 2.26 | 448.9 | 337 | none | no
2026-06-12 21:03:37 | 2.41 | 448.9 | 337 | none | no
2026-06-12 21:05:07 | 2.25 | 448.9 | 337 | none | no
2026-06-12 21:06:37 | 2.28 | 448.9 | 337 | none | no
2026-06-12 21:08:07 | 2.18 | 449.0 | 337 | none | no
2026-06-12 21:09:37 | 2.59 | 449.0 | 337 | none | no
2026-06-12 21:11:07 | 2.16 | 449.0 | 337 | none | no
