	Command being timed: "target/release/lsmgraph --io-backend blocking import --input /data/WorkSpace/ldbc-sf100/social_network --data-dir store/e11-sf100-naive-20260608 --relation snb-full --memgraph-bytes 67108864 --l0-layout naive"
	User time (seconds): 6553.74
	System time (seconds): 1341.72
	Percent of CPU this job got: 208%
	Elapsed (wall clock) time (h:mm:ss or m:ss): 1:03:09
	Average shared text size (kbytes): 0
	Average unshared data size (kbytes): 0
	Average stack size (kbytes): 0
	Average total size (kbytes): 0
	Maximum resident set size (kbytes): 2396580
	Average resident set size (kbytes): 0
	Major (requiring I/O) page faults: 0
	Minor (reclaiming a frame) page faults: 241417955
	Voluntary context switches: 16773410
	Involuntary context switches: 18623
	Swaps: 0
	File system inputs: 130604264
	File system outputs: 274611040
	Socket messages sent: 0
	Socket messages received: 0
	Signals delivered: 0
	Page size (bytes): 4096
	Exit status: 0
