	Command being timed: "target/release/lsmgraph --io-backend blocking import --input /data/WorkSpace/ldbc-sf30/social_network --data-dir store/e11-sf30-naive-20260608 --relation snb-full --memgraph-bytes 67108864 --l0-layout naive"
	User time (seconds): 2050.28
	System time (seconds): 436.33
	Percent of CPU this job got: 208%
	Elapsed (wall clock) time (h:mm:ss or m:ss): 19:54.17
	Average shared text size (kbytes): 0
	Average unshared data size (kbytes): 0
	Average stack size (kbytes): 0
	Average total size (kbytes): 0
	Maximum resident set size (kbytes): 2436484
	Average resident set size (kbytes): 0
	Major (requiring I/O) page faults: 0
	Minor (reclaiming a frame) page faults: 74403763
	Voluntary context switches: 6236384
	Involuntary context switches: 4641
	Swaps: 0
	File system inputs: 96
	File system outputs: 83636432
	Socket messages sent: 0
	Socket messages received: 0
	Signals delivered: 0
	Page size (bytes): 4096
	Exit status: 0
