	Command being timed: "target/release/lsmgraph --io-backend blocking import --input /data/WorkSpace/ldbc-sf30/social_network --data-dir store/e11-sf30-benefit_scored-20260608 --relation snb-full --memgraph-bytes 67108864 --l0-layout semantic-budgeted"
	User time (seconds): 3005.16
	System time (seconds): 487.60
	Percent of CPU this job got: 251%
	Elapsed (wall clock) time (h:mm:ss or m:ss): 23:10.73
	Average shared text size (kbytes): 0
	Average unshared data size (kbytes): 0
	Average stack size (kbytes): 0
	Average total size (kbytes): 0
	Maximum resident set size (kbytes): 54158872
	Average resident set size (kbytes): 0
	Major (requiring I/O) page faults: 0
	Minor (reclaiming a frame) page faults: 95722684
	Voluntary context switches: 6094515
	Involuntary context switches: 6852
	Swaps: 0
	File system inputs: 396016
	File system outputs: 84001552
	Socket messages sent: 0
	Socket messages received: 0
	Signals delivered: 0
	Page size (bytes): 4096
	Exit status: 0
